../Drivers/SMTC_Drivers/DemoApp/Demo ranging/demoRanging.c:275:6:RangingDemoInitApplication	16	static
../Drivers/SMTC_Drivers/DemoApp/Demo ranging/demoRanging.c:328:6:RangingDemoSetRangingParameters	16	static
../Drivers/SMTC_Drivers/DemoApp/Demo ranging/demoRanging.c:347:6:RangingDemoSetRadioParameters	16	static
../Drivers/SMTC_Drivers/DemoApp/Demo ranging/demoRanging.c:364:21:RangingDemoRun	72	static
../Drivers/SMTC_Drivers/DemoApp/Demo ranging/demoRanging.c:815:6:RangingDemoReset	4	static
../Drivers/SMTC_Drivers/DemoApp/Demo ranging/demoRanging.c:837:17:RangingDemoGetConfiguration	4	static
../Drivers/SMTC_Drivers/DemoApp/Demo ranging/demoRanging.c:847:15:RangingDemoGetResult	8	static
../Drivers/SMTC_Drivers/DemoApp/Demo ranging/demoRanging.c:860:6:SendNextPacketEvent	4	static
../Drivers/SMTC_Drivers/DemoApp/Demo ranging/demoRanging.c:875:6:RangingDemoInitializeParameters	24	static
../Drivers/SMTC_Drivers/DemoApp/Demo ranging/demoRanging.c:931:9:RangingDemoCheckDistance	72	static
../Drivers/SMTC_Drivers/DemoApp/Demo ranging/demoRanging.c:1017:6:SetAntennaSwitch	8	static
../Drivers/SMTC_Drivers/DemoApp/Demo ranging/demoRanging.c:1035:6:OnTxDone	4	static
../Drivers/SMTC_Drivers/DemoApp/Demo ranging/demoRanging.c:1040:6:OnRxDone	4	static
../Drivers/SMTC_Drivers/DemoApp/Demo ranging/demoRanging.c:1045:6:OnTxTimeout	4	static
../Drivers/SMTC_Drivers/DemoApp/Demo ranging/demoRanging.c:1050:6:OnRxTimeout	4	static
../Drivers/SMTC_Drivers/DemoApp/Demo ranging/demoRanging.c:1055:6:OnRxError	16	static
../Drivers/SMTC_Drivers/DemoApp/Demo ranging/demoRanging.c:1060:6:OnRangingDone	16	static
../Drivers/SMTC_Drivers/DemoApp/Demo ranging/demoRanging.c:1076:6:OnCadDone	16	static
