../Drivers/SMTC_Drivers/DemoApp/Demo ranging/RangingDisplay.c:91:6:RangingDisplayUartOutputData	8	static
../Drivers/SMTC_Drivers/DemoApp/Demo ranging/RangingDisplay.c:105:6:RangingDisplayUartOutputDistance	24	static
../Drivers/SMTC_Drivers/DemoApp/Demo ranging/RangingDisplay.c:136:13:RangingDisplayUartOutputStart	16	static
../Drivers/SMTC_Drivers/DemoApp/Demo ranging/RangingDisplay.c:162:13:RangingDisplayUartOutputResultHeader	8	static
../Drivers/SMTC_Drivers/DemoApp/Demo ranging/RangingDisplay.c:195:13:RangingDisplayUartOutputResultRaw	8	static
../Drivers/SMTC_Drivers/DemoApp/Demo ranging/RangingDisplay.c:223:13:RangingDisplayUartOutputContinue	8	static
../Drivers/SMTC_Drivers/DemoApp/Demo ranging/RangingDisplay.c:256:14:RangingDisplayGetSpreadingFactor	16	static
../Drivers/SMTC_Drivers/DemoApp/Demo ranging/RangingDisplay.c:279:14:RangingDisplayGetBandwidth	16	static
../Drivers/SMTC_Drivers/DemoApp/Demo ranging/RangingDisplay.c:298:17:RangingDisplayGetRangingResult	32	static
