Archive member included to satisfy reference by file (symbol)

/opt/st/stm32cubeide_1.18.0/plugins/com.st.stm32cube.ide.mcu.externaltools.gnu-tools-for-stm32.13.3.rel1.linux64_1.0.0.202410170706/tools/bin/../lib/gcc/arm-none-eabi/13.3.1/../../../../arm-none-eabi/lib/thumb/v7e-m+fp/hard/libc_nano.a(libc_a-exit.o)
                              /opt/st/stm32cubeide_1.18.0/plugins/com.st.stm32cube.ide.mcu.externaltools.gnu-tools-for-stm32.13.3.rel1.linux64_1.0.0.202410170706/tools/bin/../lib/gcc/arm-none-eabi/13.3.1/../../../../arm-none-eabi/lib/thumb/v7e-m+fp/hard/crt0.o (exit)
/opt/st/stm32cubeide_1.18.0/plugins/com.st.stm32cube.ide.mcu.externaltools.gnu-tools-for-stm32.13.3.rel1.linux64_1.0.0.202410170706/tools/bin/../lib/gcc/arm-none-eabi/13.3.1/../../../../arm-none-eabi/lib/thumb/v7e-m+fp/hard/libc_nano.a(libc_a-findfp.o)
                              /opt/st/stm32cubeide_1.18.0/plugins/com.st.stm32cube.ide.mcu.externaltools.gnu-tools-for-stm32.13.3.rel1.linux64_1.0.0.202410170706/tools/bin/../lib/gcc/arm-none-eabi/13.3.1/../../../../arm-none-eabi/lib/thumb/v7e-m+fp/hard/libc_nano.a(libc_a-exit.o) (__stdio_exit_handler)
/opt/st/stm32cubeide_1.18.0/plugins/com.st.stm32cube.ide.mcu.externaltools.gnu-tools-for-stm32.13.3.rel1.linux64_1.0.0.202410170706/tools/bin/../lib/gcc/arm-none-eabi/13.3.1/../../../../arm-none-eabi/lib/thumb/v7e-m+fp/hard/libc_nano.a(libc_a-fwalk.o)
                              /opt/st/stm32cubeide_1.18.0/plugins/com.st.stm32cube.ide.mcu.externaltools.gnu-tools-for-stm32.13.3.rel1.linux64_1.0.0.202410170706/tools/bin/../lib/gcc/arm-none-eabi/13.3.1/../../../../arm-none-eabi/lib/thumb/v7e-m+fp/hard/libc_nano.a(libc_a-findfp.o) (_fwalk_sglue)
/opt/st/stm32cubeide_1.18.0/plugins/com.st.stm32cube.ide.mcu.externaltools.gnu-tools-for-stm32.13.3.rel1.linux64_1.0.0.202410170706/tools/bin/../lib/gcc/arm-none-eabi/13.3.1/../../../../arm-none-eabi/lib/thumb/v7e-m+fp/hard/libc_nano.a(libc_a-printf.o)
                              ./Core/Src/main_ranging.o (printf)
/opt/st/stm32cubeide_1.18.0/plugins/com.st.stm32cube.ide.mcu.externaltools.gnu-tools-for-stm32.13.3.rel1.linux64_1.0.0.202410170706/tools/bin/../lib/gcc/arm-none-eabi/13.3.1/../../../../arm-none-eabi/lib/thumb/v7e-m+fp/hard/libc_nano.a(libc_a-puts.o)
                              ./Drivers/SMTC_Drivers/DemoApp/Demo ranging/RangingDisplay.o (puts)
/opt/st/stm32cubeide_1.18.0/plugins/com.st.stm32cube.ide.mcu.externaltools.gnu-tools-for-stm32.13.3.rel1.linux64_1.0.0.202410170706/tools/bin/../lib/gcc/arm-none-eabi/13.3.1/../../../../arm-none-eabi/lib/thumb/v7e-m+fp/hard/libc_nano.a(libc_a-sscanf.o)
                              ./Drivers/SMTC_Drivers/sx1280-driver-c/sx1280.o (sscanf)
/opt/st/stm32cubeide_1.18.0/plugins/com.st.stm32cube.ide.mcu.externaltools.gnu-tools-for-stm32.13.3.rel1.linux64_1.0.0.202410170706/tools/bin/../lib/gcc/arm-none-eabi/13.3.1/../../../../arm-none-eabi/lib/thumb/v7e-m+fp/hard/libc_nano.a(libc_a-stdio.o)
                              /opt/st/stm32cubeide_1.18.0/plugins/com.st.stm32cube.ide.mcu.externaltools.gnu-tools-for-stm32.13.3.rel1.linux64_1.0.0.202410170706/tools/bin/../lib/gcc/arm-none-eabi/13.3.1/../../../../arm-none-eabi/lib/thumb/v7e-m+fp/hard/libc_nano.a(libc_a-findfp.o) (__sread)
/opt/st/stm32cubeide_1.18.0/plugins/com.st.stm32cube.ide.mcu.externaltools.gnu-tools-for-stm32.13.3.rel1.linux64_1.0.0.202410170706/tools/bin/../lib/gcc/arm-none-eabi/13.3.1/../../../../arm-none-eabi/lib/thumb/v7e-m+fp/hard/libc_nano.a(libc_a-wbuf.o)
                              /opt/st/stm32cubeide_1.18.0/plugins/com.st.stm32cube.ide.mcu.externaltools.gnu-tools-for-stm32.13.3.rel1.linux64_1.0.0.202410170706/tools/bin/../lib/gcc/arm-none-eabi/13.3.1/../../../../arm-none-eabi/lib/thumb/v7e-m+fp/hard/libc_nano.a(libc_a-puts.o) (__swbuf_r)
/opt/st/stm32cubeide_1.18.0/plugins/com.st.stm32cube.ide.mcu.externaltools.gnu-tools-for-stm32.13.3.rel1.linux64_1.0.0.202410170706/tools/bin/../lib/gcc/arm-none-eabi/13.3.1/../../../../arm-none-eabi/lib/thumb/v7e-m+fp/hard/libc_nano.a(libc_a-wsetup.o)
                              /opt/st/stm32cubeide_1.18.0/plugins/com.st.stm32cube.ide.mcu.externaltools.gnu-tools-for-stm32.13.3.rel1.linux64_1.0.0.202410170706/tools/bin/../lib/gcc/arm-none-eabi/13.3.1/../../../../arm-none-eabi/lib/thumb/v7e-m+fp/hard/libc_nano.a(libc_a-puts.o) (__swsetup_r)
/opt/st/stm32cubeide_1.18.0/plugins/com.st.stm32cube.ide.mcu.externaltools.gnu-tools-for-stm32.13.3.rel1.linux64_1.0.0.202410170706/tools/bin/../lib/gcc/arm-none-eabi/13.3.1/../../../../arm-none-eabi/lib/thumb/v7e-m+fp/hard/libc_nano.a(libc_a-memset.o)
                              /opt/st/stm32cubeide_1.18.0/plugins/com.st.stm32cube.ide.mcu.externaltools.gnu-tools-for-stm32.13.3.rel1.linux64_1.0.0.202410170706/tools/bin/../lib/gcc/arm-none-eabi/13.3.1/../../../../arm-none-eabi/lib/thumb/v7e-m+fp/hard/crt0.o (memset)
[...]
Memory Configuration

Name             Origin             Length             Attributes
RAM              0x20000000         0x00018000         xrw
RAM2             0x10000000         0x00008000         xrw
FLASH            0x08000000         0x00100000         xr
*default*        0x00000000         0xffffffff

Linker script and memory map

LOAD /opt/st/stm32cubeide_1.18.0/plugins/com.st.stm32cube.ide.mcu.externaltools.gnu-tools-for-stm32.13.3.rel1.linux64_1.0.0.202410170706/tools/bin/../lib/gcc/arm-none-eabi/13.3.1/thumb/v7e-m+fp/hard/crti.o
LOAD /opt/st/stm32cubeide_1.18.0/plugins/com.st.stm32cube.ide.mcu.externaltools.gnu-tools-for-stm32.13.3.rel1.linux64_1.0.0.202410170706/tools/bin/../lib/gcc/arm-none-eabi/13.3.1/thumb/v7e-m+fp/hard/crtbegin.o
LOAD /opt/st/stm32cubeide_1.18.0/plugins/com.st.stm32cube.ide.mcu.externaltools.gnu-tools-for-stm32.13.3.rel1.linux64_1.0.0.202410170706/tools/bin/../lib/gcc/arm-none-eabi/13.3.1/../../../../arm-none-eabi/lib/thumb/v7e-m+fp/hard/crt0.o
LOAD ./Core/Src/gpio.o
LOAD ./Core/Src/i2c.o
LOAD ./Core/Src/lptim.o
LOAD ./Core/Src/main.o
LOAD ./Core/Src/main_ranging.o
LOAD ./Core/Src/rtc.o
LOAD ./Core/Src/spi.o
LOAD ./Core/Src/stm32l4xx_hal_msp.o
LOAD ./Core/Src/stm32l4xx_it.o
LOAD ./Core/Src/syscalls.o
LOAD ./Core/Src/sysmem.o
LOAD ./Core/Src/system_stm32l4xx.o
LOAD ./Core/Src/usart.o
LOAD ./Core/Startup/startup_stm32l476rgtx.o
LOAD ./Drivers/SMTC_Drivers/DemoApp/Demo ranging/RangingDisplay.o
LOAD ./Drivers/SMTC_Drivers/DemoApp/Demo ranging/demoRanging.o
LOAD ./Drivers/SMTC_Drivers/DemoApp/Demo ranging/timoueter.o
LOAD ./Drivers/SMTC_Drivers/hw-hal/src/hw-gpio.o
LOAD ./Drivers/SMTC_Drivers/hw-hal/src/hw-i2c.o
LOAD ./Drivers/SMTC_Drivers/hw-hal/src/hw-lptim.o
LOAD ./Drivers/SMTC_Drivers/hw-hal/src/hw-spi.o
LOAD ./Drivers/SMTC_Drivers/hw-hal/src/hw-usart.o
LOAD ./Drivers/SMTC_Drivers/hw-hal/src/hw.o
LOAD ./Drivers/SMTC_Drivers/hw-hal/src/utilities.o
LOAD ./Drivers/SMTC_Drivers/peripherals/rf_switch/rf_switch_cg2214m6.o
LOAD ./Drivers/SMTC_Drivers/peripherals/sx9306/sx9306.o
LOAD ./Drivers/SMTC_Drivers/sx1280-driver-c/sx1280-hal.o
LOAD ./Drivers/SMTC_Drivers/sx1280-driver-c/sx1280.o
LOAD ./Drivers/STM32L4xx_HAL_Driver/Src/stm32l4xx_hal.o
LOAD ./Drivers/STM32L4xx_HAL_Driver/Src/stm32l4xx_hal_cortex.o
LOAD ./Drivers/STM32L4xx_HAL_Driver/Src/stm32l4xx_hal_dma.o
LOAD ./Drivers/STM32L4xx_HAL_Driver/Src/stm32l4xx_hal_dma_ex.o
LOAD ./Drivers/STM32L4xx_HAL_Driver/Src/stm32l4xx_hal_exti.o
LOAD ./Drivers/STM32L4xx_HAL_Driver/Src/stm32l4xx_hal_flash.o
LOAD ./Drivers/STM32L4xx_HAL_Driver/Src/stm32l4xx_hal_flash_ex.o
LOAD ./Drivers/STM32L4xx_HAL_Driver/Src/stm32l4xx_hal_flash_ramfunc.o
LOAD ./Drivers/STM32L4xx_HAL_Driver/Src/stm32l4xx_hal_gpio.o
LOAD ./Drivers/STM32L4xx_HAL_Driver/Src/stm32l4xx_hal_i2c.o
LOAD ./Drivers/STM32L4xx_HAL_Driver/Src/stm32l4xx_hal_i2c_ex.o
LOAD ./Drivers/STM32L4xx_HAL_Driver/Src/stm32l4xx_hal_lptim.o
LOAD ./Drivers/STM32L4xx_HAL_Driver/Src/stm32l4xx_hal_pwr.o
LOAD ./Drivers/STM32L4xx_HAL_Driver/Src/stm32l4xx_hal_pwr_ex.o
LOAD ./Drivers/STM32L4xx_HAL_Driver/Src/stm32l4xx_hal_rcc.o
LOAD ./Drivers/STM32L4xx_HAL_Driver/Src/stm32l4xx_hal_rcc_ex.o
LOAD ./Drivers/STM32L4xx_HAL_Driver/Src/stm32l4xx_hal_rtc.o
LOAD ./Drivers/STM32L4xx_HAL_Driver/Src/stm32l4xx_hal_rtc_ex.o
LOAD ./Drivers/STM32L4xx_HAL_Driver/Src/stm32l4xx_hal_spi.o
LOAD ./Drivers/STM32L4xx_HAL_Driver/Src/stm32l4xx_hal_spi_ex.o
LOAD ./Drivers/STM32L4xx_HAL_Driver/Src/stm32l4xx_hal_uart.o
LOAD ./Drivers/STM32L4xx_HAL_Driver/Src/stm32l4xx_hal_uart_ex.o
START GROUP
LOAD /opt/st/stm32cubeide_1.18.0/plugins/com.st.stm32cube.ide.mcu.externaltools.gnu-tools-for-stm32.13.3.rel1.linux64_1.0.0.202410170706/tools/bin/../lib/gcc/arm-none-eabi/13.3.1/../../../../arm-none-eabi/lib/thumb/v7e-m+fp/hard/libc_nano.a
LOAD /opt/st/stm32cubeide_1.18.0/plugins/com.st.stm32cube.ide.mcu.externaltools.gnu-tools-for-stm32.13.3.rel1.linux64_1.0.0.202410170706/tools/bin/../lib/gcc/arm-none-eabi/13.3.1/../../../../arm-none-eabi/lib/thumb/v7e-m+fp/hard/libm.a
END GROUP
START GROUP
LOAD /opt/st/stm32cubeide_1.18.0/plugins/com.st.stm32cube.ide.mcu.externaltools.gnu-tools-for-stm32.13.3.rel1.linux64_1.0.0.202410170706/tools/bin/../lib/gcc/arm-none-eabi/13.3.1/thumb/v7e-m+fp/hard/libgcc.a
LOAD /opt/st/stm32cubeide_1.18.0/plugins/com.st.stm32cube.ide.mcu.externaltools.gnu-tools-for-stm32.13.3.rel1.linux64_1.0.0.202410170706/tools/bin/../lib/gcc/arm-none-eabi/13.3.1/../../../../arm-none-eabi/lib/thumb/v7e-m+fp/hard/libc_nano.a
END GROUP
START GROUP
LOAD /opt/st/stm32cubeide_1.18.0/plugins/com.st.stm32cube.ide.mcu.externaltools.gnu-tools-for-stm32.13.3.rel1.linux64_1.0.0.202410170706/tools/bin/../lib/gcc/arm-none-eabi/13.3.1/thumb/v7e-m+fp/hard/libgcc.a
LOAD /opt/st/stm32cubeide_1.18.0/plugins/com.st.stm32cube.ide.mcu.externaltools.gnu-tools-for-stm32.13.3.rel1.linux64_1.0.0.202410170706/tools/bin/../lib/gcc/arm-none-eabi/13.3.1/../../../../arm-none-eabi/lib/thumb/v7e-m+fp/hard/libc_nano.a
LOAD /opt/st/stm32cubeide_1.18.0/plugins/com.st.stm32cube.ide.mcu.externaltools.gnu-tools-for-stm32.13.3.rel1.linux64_1.0.0.202410170706/tools/bin/../lib/gcc/arm-none-eabi/13.3.1/../../../../arm-none-eabi/lib/thumb/v7e-m+fp/hard/libnosys.a
END GROUP
START GROUP
LOAD /opt/st/stm32cubeide_1.18.0/plugins/com.st.stm32cube.ide.mcu.externaltools.gnu-tools-for-stm32.13.3.rel1.linux64_1.0.0.202410170706/tools/bin/../lib/gcc/arm-none-eabi/13.3.1/thumb/v7e-m+fp/hard/libgcc.a
LOAD /opt/st/stm32cubeide_1.18.0/plugins/com.st.stm32cube.ide.mcu.externaltools.gnu-tools-for-stm32.13.3.rel1.linux64_1.0.0.202410170706/tools/bin/../lib/gcc/arm-none-eabi/13.3.1/../../../../arm-none-eabi/lib/thumb/v7e-m+fp/hard/libc_nano.a
LOAD /opt/st/stm32cubeide_1.18.0/plugins/com.st.stm32cube.ide.mcu.externaltools.gnu-tools-for-stm32.13.3.rel1.linux64_1.0.0.202410170706/tools/bin/../lib/gcc/arm-none-eabi/13.3.1/../../../../arm-none-eabi/lib/thumb/v7e-m+fp/hard/libnosys.a
END GROUP
LOAD /opt/st/stm32cubeide_1.18.0/plugins/com.st.stm32cube.ide.mcu.externaltools.gnu-tools-for-stm32.13.3.rel1.linux64_1.0.0.202410170706/tools/bin/../lib/gcc/arm-none-eabi/13.3.1/thumb/v7e-m+fp/hard/crtend.o
LOAD /opt/st/stm32cubeide_1.18.0/plugins/com.st.stm32cube.ide.mcu.externaltools.gnu-tools-for-stm32.13.3.rel1.linux64_1.0.0.202410170706/tools/bin/../lib/gcc/arm-none-eabi/13.3.1/thumb/v7e-m+fp/hard/crtn.o
                0x20018000                        _estack = (ORIGIN (RAM) + LENGTH (RAM))
                0x00000200                        _Min_Heap_Size = 0x200
                0x00000400                        _Min_Stack_Size = 0x400

.isr_vector     0x08000000      0x188
                0x08000000                        . = ALIGN (0x4)
 *(.isr_vector)
 .isr_vector    0x08000000      0x188 ./Core/Startup/startup_stm32l476rgtx.o
                0x08000000                g_pfnVectors
                0x08000188                        . = ALIGN (0x4)

.text           0x08000190     0xba84
                0x08000190                        . = ALIGN (0x4)
 *(.text)
 .text          0x08000190       0x40 /opt/st/stm32cubeide_1.18.0/plugins/com.st.stm32cube.ide.mcu.externaltools.gnu-tools-for-stm32.13.3.rel1.linux64_1.0.0.202410170706/tools/bin/../lib/gcc/arm-none-eabi/13.3.1/thumb/v7e-m+fp/hard/crtbegin.o
 .text          0x080001d0       0xa0 /opt/st/stm32cubeide_1.18.0/plugins/com.st.stm32cube.ide.mcu.externaltools.gnu-tools-for-stm32.13.3.rel1.linux64_1.0.0.202410170706/tools/bin/../lib/gcc/arm-none-eabi/13.3.1/../../../../arm-none-eabi/lib/thumb/v7e-m+fp/hard/libc_nano.a(libc_a-memchr.o)
                0x080001d0                memchr
 .text          0x08000270      0x378 /opt/st/stm32cubeide_1.18.0/plugins/com.st.stm32cube.ide.mcu.externaltools.gnu-tools-for-stm32.13.3.rel1.linux64_1.0.0.202410170706/tools/bin/../lib/gcc/arm-none-eabi/13.3.1/thumb/v7e-m+fp/hard/libgcc.a(_arm_addsubdf3.o)
                0x08000270                __aeabi_drsub
                0x08000278                __aeabi_dsub
                0x08000278                __subdf3
                0x0800027c                __adddf3
                0x0800027c                __aeabi_dadd
                0x080004f4                __aeabi_ui2d
                0x080004f4                __floatunsidf
                0x08000514                __floatsidf
                0x08000514                __aeabi_i2d
                0x08000538                __extendsfdf2
                0x08000538                __aeabi_f2d
                0x0800057c                __aeabi_ul2d
                0x0800057c                __floatundidf
                0x0800058c                __floatdidf
                0x0800058c                __aeabi_l2d
 .text          0x080005e8      0x424 /opt/st/stm32cubeide_1.18.0/plugins/com.st.stm32cube.ide.mcu.externaltools.gnu-tools-for-stm32.13.3.rel1.linux64_1.0.0.202410170706/tools/bin/../lib/gcc/arm-none-eabi/13.3.1/thumb/v7e-m+fp/hard/libgcc.a(_arm_muldivdf3.o)
                0x080005e8                __aeabi_dmul
                0x080005e8                __muldf3
                0x0800083c                __aeabi_ddiv
                0x0800083c                __divdf3
 .text          0x08000a0c       0x50 /opt/st/stm32cubeide_1.18.0/plugins/com.st.stm32cube.ide.mcu.externaltools.gnu-tools-for-stm32.13.3.rel1.linux64_1.0.0.202410170706/tools/bin/../lib/gcc/arm-none-eabi/13.3.1/thumb/v7e-m+fp/hard/libgcc.a(_arm_fixdfsi.o)
                0x08000a0c                __fixdfsi
                0x08000a0c                __aeabi_d2iz
 .text          0x08000a5c       0x40 /opt/st/stm32cubeide_1.18.0/plugins/com.st.stm32cube.ide.mcu.externaltools.gnu-tools-for-stm32.13.3.rel1.linux64_1.0.0.202410170706/tools/bin/../lib/gcc/arm-none-eabi/13.3.1/thumb/v7e-m+fp/hard/libgcc.a(_arm_fixunsdfsi.o)
                0x08000a5c                __fixunsdfsi
                0x08000a5c                __aeabi_d2uiz
 .text          0x08000a9c       0x30 /opt/st/stm32cubeide_1.18.0/plugins/com.st.stm32cube.ide.mcu.externaltools.gnu-tools-for-stm32.13.3.rel1.linux64_1.0.0.202410170706/tools/bin/../lib/gcc/arm-none-eabi/13.3.1/thumb/v7e-m+fp/hard/libgcc.a(_aeabi_uldivmod.o)
                0x08000a9c                __aeabi_uldivmod
 .text          0x08000acc      0x2f8 /opt/st/stm32cubeide_1.18.0/plugins/com.st.stm32cube.ide.mcu.externaltools.gnu-tools-for-stm32.13.3.rel1.linux64_1.0.0.202410170706/tools/bin/../lib/gcc/arm-none-eabi/13.3.1/thumb/v7e-m+fp/hard/libgcc.a(_udivmoddi4.o)
                0x08000acc                __udivmoddi4
 .text          0x08000dc4        0x4 /opt/st/stm32cubeide_1.18.0/plugins/com.st.stm32cube.ide.mcu.externaltools.gnu-tools-for-stm32.13.3.rel1.linux64_1.0.0.202410170706/tools/bin/../lib/gcc/arm-none-eabi/13.3.1/thumb/v7e-m+fp/hard/libgcc.a(_dvmd_tls.o)
                0x08000dc4                __aeabi_ldiv0
                0x08000dc4                __aeabi_idiv0
 *(.text*)
 .text.MX_GPIO_Init
                0x08000dc8      0x254 ./Core/Src/gpio.o
                0x08000dc8                MX_GPIO_Init
 .text.MX_I2C1_Init
                0x0800101c       0x80 ./Core/Src/i2c.o
                0x0800101c                MX_I2C1_Init
 .text.HAL_I2C_MspInit
                0x0800109c       0xbc ./Core/Src/i2c.o
                0x0800109c                HAL_I2C_MspInit
 .text.MX_LPTIM1_Init
                0x08001158       0x58 ./Core/Src/lptim.o
                0x08001158                MX_LPTIM1_Init
 .text.HAL_LPTIM_MspInit
                0x080011b0       0x68 ./Core/Src/lptim.o
                0x080011b0                HAL_LPTIM_MspInit
 .text.main     0x08001218       0x30 ./Core/Src/main.o
                0x08001218                main
 .text.SystemClock_Config
                0x08001248       0xa6 ./Core/Src/main.o
                0x08001248                SystemClock_Config
 .text.Error_Handler
                0x080012ee        0xc ./Core/Src/main.o
                0x080012ee                Error_Handler
 *fill*         0x080012fa        0x2 
 .text.main_ranging
                0x080012fc      0x13c ./Core/Src/main_ranging.o
                0x080012fc                main_ranging
 .text.MX_RTC_Init
                0x08001438       0xb8 ./Core/Src/rtc.o
                0x08001438                MX_RTC_Init
 .text.HAL_RTC_MspInit
                0x080014f0       0x64 ./Core/Src/rtc.o
                0x080014f0                HAL_RTC_MspInit
 .text.MX_SPI1_Init
                0x08001554       0x7c ./Core/Src/spi.o
                0x08001554                MX_SPI1_Init
 .text.HAL_SPI_MspInit
                0x080015d0       0x84 ./Core/Src/spi.o
                0x080015d0                HAL_SPI_MspInit
 .text.HAL_MspInit
                0x08001654       0x48 ./Core/Src/stm32l4xx_hal_msp.o
                0x08001654                HAL_MspInit
 .text.SysTick_Handler
                0x0800169c        0xc ./Core/Src/stm32l4xx_it.o
                0x0800169c                SysTick_Handler
 .text.EXTI4_IRQHandler
                0x080016a8        0xe ./Core/Src/stm32l4xx_it.o
                0x080016a8                EXTI4_IRQHandler
 *fill*         0x080016b6        0x2 
 .text.USART1_IRQHandler
                0x080016b8       0x14 ./Core/Src/stm32l4xx_it.o
                0x080016b8                USART1_IRQHandler
 .text.USART2_IRQHandler
                0x080016cc       0x14 ./Core/Src/stm32l4xx_it.o
                0x080016cc                USART2_IRQHandler
 .text._read    0x080016e0       0x3a ./Core/Src/syscalls.o
                0x080016e0                _read
 .text._write   0x0800171a       0x38 ./Core/Src/syscalls.o
                0x0800171a                _write
 .text._close   0x08001752       0x18 ./Core/Src/syscalls.o
                0x08001752                _close
 .text._fstat   0x0800176a       0x20 ./Core/Src/syscalls.o
                0x0800176a                _fstat
 .text._isatty  0x0800178a       0x16 ./Core/Src/syscalls.o
                0x0800178a                _isatty
 .text._lseek   0x080017a0       0x1a ./Core/Src/syscalls.o
                0x080017a0                _lseek
 *fill*         0x080017ba        0x2 
 .text._sbrk    0x080017bc       0x6c ./Core/Src/sysmem.o
                0x080017bc                _sbrk
 .text.SystemInit
                0x08001828       0x24 ./Core/Src/system_stm32l4xx.o
                0x08001828                SystemInit
 .text.MX_USART1_UART_Init
                0x0800184c       0x60 ./Core/Src/usart.o
                0x0800184c                MX_USART1_UART_Init
 .text.MX_USART2_UART_Init
                0x080018ac       0x60 ./Core/Src/usart.o
                0x080018ac                MX_USART2_UART_Init
 .text.HAL_UART_MspInit
                0x0800190c      0x164 ./Core/Src/usart.o
                0x0800190c                HAL_UART_MspInit
 .text.Reset_Handler
                0x08001a70       0x50 ./Core/Startup/startup_stm32l476rgtx.o
                0x08001a70                Reset_Handler
 .text.Default_Handler
                0x08001ac0        0x2 ./Core/Startup/startup_stm32l476rgtx.o
                0x08001ac0                RTC_Alarm_IRQHandler
                0x08001ac0                EXTI2_IRQHandler
                0x08001ac0                TIM8_TRG_COM_IRQHandler
                0x08001ac0                TIM8_CC_IRQHandler
                0x08001ac0                DebugMon_Handler
                0x08001ac0                TIM1_CC_IRQHandler
                0x08001ac0                TSC_IRQHandler
                0x08001ac0                HardFault_Handler
                0x08001ac0                TAMP_STAMP_IRQHandler
                0x08001ac0                PendSV_Handler
                0x08001ac0                NMI_Handler
                0x08001ac0                EXTI3_IRQHandler
                0x08001ac0                LPTIM2_IRQHandler
                0x08001ac0                DFSDM1_FLT1_IRQHandler
                0x08001ac0                I2C3_ER_IRQHandler
                0x08001ac0                DFSDM1_FLT2_IRQHandler
                0x08001ac0                EXTI0_IRQHandler
                0x08001ac0                I2C2_EV_IRQHandler
                0x08001ac0                CAN1_RX0_IRQHandler
                0x08001ac0                FPU_IRQHandler
                0x08001ac0                TIM1_UP_TIM16_IRQHandler
                0x08001ac0                UsageFault_Handler
                0x08001ac0                ADC1_2_IRQHandler
                0x08001ac0                SPI1_IRQHandler
                0x08001ac0                TIM6_DAC_IRQHandler
                0x08001ac0                TIM8_UP_IRQHandler
                0x08001ac0                DMA2_Channel2_IRQHandler
                0x08001ac0                DMA1_Channel4_IRQHandler
                0x08001ac0                SAI2_IRQHandler
                0x08001ac0                DFSDM1_FLT3_IRQHandler
                0x08001ac0                USART3_IRQHandler
                0x08001ac0                DMA1_Channel7_IRQHandler
                0x08001ac0                CAN1_RX1_IRQHandler
                0x08001ac0                LCD_IRQHandler
                0x08001ac0                UART5_IRQHandler
                0x08001ac0                ADC3_IRQHandler
                0x08001ac0                TIM4_IRQHandler
                0x08001ac0                DMA2_Channel1_IRQHandler
                0x08001ac0                QUADSPI_IRQHandler
                0x08001ac0                I2C1_EV_IRQHandler
                0x08001ac0                DMA1_Channel6_IRQHandler
                0x08001ac0                UART4_IRQHandler
                0x08001ac0                DMA2_Channel4_IRQHandler
                0x08001ac0                TIM3_IRQHandler
                0x08001ac0                RCC_IRQHandler
                0x08001ac0                DMA1_Channel1_IRQHandler
                0x08001ac0                Default_Handler
                0x08001ac0                DMA2_Channel7_IRQHandler
                0x08001ac0                EXTI15_10_IRQHandler
                0x08001ac0                TIM7_IRQHandler
                0x08001ac0                SDMMC1_IRQHandler
                0x08001ac0                TIM5_IRQHandler
                0x08001ac0                I2C3_EV_IRQHandler
                0x08001ac0                EXTI9_5_IRQHandler
                0x08001ac0                RTC_WKUP_IRQHandler
                0x08001ac0                PVD_PVM_IRQHandler
                0x08001ac0                SPI2_IRQHandler
                0x08001ac0                MemManage_Handler
                0x08001ac0                CAN1_TX_IRQHandler
                0x08001ac0                SVC_Handler
                0x08001ac0                DMA2_Channel5_IRQHandler
                0x08001ac0                DMA1_Channel5_IRQHandler
                0x08001ac0                RNG_IRQHandler
                0x08001ac0                TIM1_TRG_COM_TIM17_IRQHandler
                0x08001ac0                DMA1_Channel3_IRQHandler
                0x08001ac0                COMP_IRQHandler
                0x08001ac0                WWDG_IRQHandler
                0x08001ac0                LPUART1_IRQHandler
                0x08001ac0                DMA2_Channel6_IRQHandler
                0x08001ac0                TIM2_IRQHandler
                0x08001ac0                EXTI1_IRQHandler
                0x08001ac0                DFSDM1_FLT0_IRQHandler
                0x08001ac0                I2C2_ER_IRQHandler
                0x08001ac0                DMA1_Channel2_IRQHandler
                0x08001ac0                TIM8_BRK_IRQHandler
                0x08001ac0                CAN1_SCE_IRQHandler
                0x08001ac0                FLASH_IRQHandler
                0x08001ac0                BusFault_Handler
                0x08001ac0                OTG_FS_IRQHandler
                0x08001ac0                SPI3_IRQHandler
                0x08001ac0                I2C1_ER_IRQHandler
                0x08001ac0                FMC_IRQHandler
                0x08001ac0                SWPMI1_IRQHandler
                0x08001ac0                SAI1_IRQHandler
                0x08001ac0                DMA2_Channel3_IRQHandler
                0x08001ac0                TIM1_BRK_TIM15_IRQHandler
 *fill*         0x08001ac2        0x2 
 .text.RangingDemoInitApplication
                0x08001ac4       0xf0 ./Drivers/SMTC_Drivers/DemoApp/Demo ranging/demoRanging.o
                0x08001ac4                RangingDemoInitApplication
 .text.RangingDemoSetRangingParameters
                0x08001bb4       0x44 ./Drivers/SMTC_Drivers/DemoApp/Demo ranging/demoRanging.o
                0x08001bb4                RangingDemoSetRangingParameters
 .text.RangingDemoSetRadioParameters
                0x08001bf8       0x54 ./Drivers/SMTC_Drivers/DemoApp/Demo ranging/demoRanging.o
                0x08001bf8                RangingDemoSetRadioParameters
 .text.RangingDemoRun
                0x08001c4c      0xb1c ./Drivers/SMTC_Drivers/DemoApp/Demo ranging/demoRanging.o
                0x08001c4c                RangingDemoRun
 .text.RangingDemoReset
                0x08002768       0x88 ./Drivers/SMTC_Drivers/DemoApp/Demo ranging/demoRanging.o
                0x08002768                RangingDemoReset
 .text.SendNextPacketEvent
                0x080027f0       0x34 ./Drivers/SMTC_Drivers/DemoApp/Demo ranging/demoRanging.o
                0x080027f0                SendNextPacketEvent
 .text.RangingDemoInitializeParameters
                0x08002824      0x1bc ./Drivers/SMTC_Drivers/DemoApp/Demo ranging/demoRanging.o
                0x08002824                RangingDemoInitializeParameters
 .text.SetAntennaSwitch
                0x080029e0       0x20 ./Drivers/SMTC_Drivers/DemoApp/Demo ranging/demoRanging.o
                0x080029e0                SetAntennaSwitch
 .text.OnTxDone
                0x08002a00       0x18 ./Drivers/SMTC_Drivers/DemoApp/Demo ranging/demoRanging.o
                0x08002a00                OnTxDone
 .text.OnRxDone
                0x08002a18       0x18 ./Drivers/SMTC_Drivers/DemoApp/Demo ranging/demoRanging.o
                0x08002a18                OnRxDone
 .text.OnTxTimeout
                0x08002a30       0x18 ./Drivers/SMTC_Drivers/DemoApp/Demo ranging/demoRanging.o
                0x08002a30                OnTxTimeout
 .text.OnRxTimeout
                0x08002a48       0x18 ./Drivers/SMTC_Drivers/DemoApp/Demo ranging/demoRanging.o
                0x08002a48                OnRxTimeout
 .text.OnRxError
                0x08002a60       0x20 ./Drivers/SMTC_Drivers/DemoApp/Demo ranging/demoRanging.o
                0x08002a60                OnRxError
 .text.OnRangingDone
                0x08002a80       0x4c ./Drivers/SMTC_Drivers/DemoApp/Demo ranging/demoRanging.o
                0x08002a80                OnRangingDone
 .text.GpioInit
                0x08002acc        0xc ./Drivers/SMTC_Drivers/hw-hal/src/hw-gpio.o
                0x08002acc                GpioInit
 .text.GpioSetIrq
                0x08002ad8       0x5c ./Drivers/SMTC_Drivers/hw-hal/src/hw-gpio.o
                0x08002ad8                GpioSetIrq
 .text.GpioLaunchIrqHandler
                0x08002b34       0x38 ./Drivers/SMTC_Drivers/hw-hal/src/hw-gpio.o
                0x08002b34                GpioLaunchIrqHandler
 .text.GpioGetBitPos
                0x08002b6c       0x6a ./Drivers/SMTC_Drivers/hw-hal/src/hw-gpio.o
                0x08002b6c                GpioGetBitPos
 .text.GpioWrite
                0x08002bd6       0x24 ./Drivers/SMTC_Drivers/hw-hal/src/hw-gpio.o
                0x08002bd6                GpioWrite
 .text.GpioRead
                0x08002bfa       0x20 ./Drivers/SMTC_Drivers/hw-hal/src/hw-gpio.o
                0x08002bfa                GpioRead
 .text.HAL_GPIO_EXTI_Callback
                0x08002c1a       0x1a ./Drivers/SMTC_Drivers/hw-hal/src/hw-gpio.o
                0x08002c1a                HAL_GPIO_EXTI_Callback
 .text.MSP_GetIRQn
                0x08002c34       0xec ./Drivers/SMTC_Drivers/hw-hal/src/hw-gpio.o
                0x08002c34                MSP_GetIRQn
 .text.I2cInit  0x08002d20       0x50 ./Drivers/SMTC_Drivers/hw-hal/src/hw-i2c.o
                0x08002d20                I2cInit
 .text.I2cWriteBuffer
                0x08002d70       0x50 ./Drivers/SMTC_Drivers/hw-hal/src/hw-i2c.o
                0x08002d70                I2cWriteBuffer
 .text.I2cReadBuffer
                0x08002dc0       0x2c ./Drivers/SMTC_Drivers/hw-hal/src/hw-i2c.o
                0x08002dc0                I2cReadBuffer
 .text.I2cMcuInit
                0x08002dec       0x6c ./Drivers/SMTC_Drivers/hw-hal/src/hw-i2c.o
 .text.I2cMcuWriteBuffer
                0x08002e58       0x64 ./Drivers/SMTC_Drivers/hw-hal/src/hw-i2c.o
 .text.I2cMcuReadBuffer
                0x08002ebc       0x64 ./Drivers/SMTC_Drivers/hw-hal/src/hw-i2c.o
 .text.__NVIC_EnableIRQ
                0x08002f20       0x3c ./Drivers/SMTC_Drivers/hw-hal/src/hw-lptim.o
 .text.__NVIC_SetPriority
                0x08002f5c       0x54 ./Drivers/SMTC_Drivers/hw-hal/src/hw-lptim.o
 .text.TimerCreateTimer
                0x08002fb0      0x170 ./Drivers/SMTC_Drivers/hw-hal/src/hw-lptim.o
                0x08002fb0                TimerCreateTimer
 .text.TimerCancelTimer
                0x08003120       0x1c ./Drivers/SMTC_Drivers/hw-hal/src/hw-lptim.o
                0x08003120                TimerCancelTimer
 .text.LPTIM1_IRQHandler
                0x0800313c       0x14 ./Drivers/SMTC_Drivers/hw-hal/src/hw-lptim.o
                0x0800313c                LPTIM1_IRQHandler
 .text.HAL_LPTIM_CompareMatchCallback
                0x08003150       0x24 ./Drivers/SMTC_Drivers/hw-hal/src/hw-lptim.o
                0x08003150                HAL_LPTIM_CompareMatchCallback
 .text.TimerLptimConfig
                0x08003174       0x88 ./Drivers/SMTC_Drivers/hw-hal/src/hw-lptim.o
 .text.SpiInit  0x080031fc       0x24 ./Drivers/SMTC_Drivers/hw-hal/src/hw-spi.o
                0x080031fc                SpiInit
 .text.SpiInOut
                0x08003220       0x34 ./Drivers/SMTC_Drivers/hw-hal/src/hw-spi.o
                0x08003220                SpiInOut
 .text.SpiIn    0x08003254       0x28 ./Drivers/SMTC_Drivers/hw-hal/src/hw-spi.o
                0x08003254                SpiIn
 .text.UartInit
                0x0800327c       0x34 ./Drivers/SMTC_Drivers/hw-hal/src/hw-usart.o
                0x0800327c                UartInit
 .text.__io_putchar
                0x080032b0       0x24 ./Drivers/SMTC_Drivers/hw-hal/src/hw-usart.o
                0x080032b0                __io_putchar
 .text.HAL_UART_TxCpltCallback
                0x080032d4       0x68 ./Drivers/SMTC_Drivers/hw-hal/src/hw-usart.o
                0x080032d4                HAL_UART_TxCpltCallback
 .text.HwInit   0x0800333c       0x2c ./Drivers/SMTC_Drivers/hw-hal/src/hw.o
                0x0800333c                HwInit
 .text.HAL_Delay
                0x08003368       0x2e ./Drivers/SMTC_Drivers/hw-hal/src/hw.o
                0x08003368                HAL_Delay
 .text.uartCallback
                0x08003396       0x1c ./Drivers/SMTC_Drivers/hw-hal/src/hw.o
                0x08003396                uartCallback
 *fill*         0x080033b2        0x2 
 .text.SetAntenna1
                0x080033b4       0x18 ./Drivers/SMTC_Drivers/peripherals/rf_switch/rf_switch_cg2214m6.o
                0x080033b4                SetAntenna1
 .text.SetAntenna2
                0x080033cc       0x18 ./Drivers/SMTC_Drivers/peripherals/rf_switch/rf_switch_cg2214m6.o
                0x080033cc                SetAntenna2
 .text.SX9306ProximityInit
                0x080033e4      0x134 ./Drivers/SMTC_Drivers/peripherals/sx9306/sx9306.o
                0x080033e4                SX9306ProximityInit
 .text.SX9306Proximity_ReadRegister
                0x08003518       0x48 ./Drivers/SMTC_Drivers/peripherals/sx9306/sx9306.o
 .text.SX9306Proximity_WriteRegister
                0x08003560       0x48 ./Drivers/SMTC_Drivers/peripherals/sx9306/sx9306.o
 .text.SX1280HalWaitOnBusy
                0x080035a8       0x20 ./Drivers/SMTC_Drivers/sx1280-driver-c/sx1280-hal.o
                0x080035a8                SX1280HalWaitOnBusy
 .text.SX1280HalInit
                0x080035c8       0x1a ./Drivers/SMTC_Drivers/sx1280-driver-c/sx1280-hal.o
                0x080035c8                SX1280HalInit
 *fill*         0x080035e2        0x2 
 .text.SX1280HalIoIrqInit
                0x080035e4       0x24 ./Drivers/SMTC_Drivers/sx1280-driver-c/sx1280-hal.o
                0x080035e4                SX1280HalIoIrqInit
 .text.SX1280HalReset
                0x08003608       0x32 ./Drivers/SMTC_Drivers/sx1280-driver-c/sx1280-hal.o
                0x08003608                SX1280HalReset
 *fill*         0x0800363a        0x2 
 .text.SX1280HalWriteCommand
                0x0800363c       0x6c ./Drivers/SMTC_Drivers/sx1280-driver-c/sx1280-hal.o
                0x0800363c                SX1280HalWriteCommand
 .text.SX1280HalReadCommand
                0x080036a8       0x90 ./Drivers/SMTC_Drivers/sx1280-driver-c/sx1280-hal.o
                0x080036a8                SX1280HalReadCommand
 .text.SX1280HalWriteRegisters
                0x08003738       0x7c ./Drivers/SMTC_Drivers/sx1280-driver-c/sx1280-hal.o
                0x08003738                SX1280HalWriteRegisters
 .text.SX1280HalWriteRegister
                0x080037b4       0x24 ./Drivers/SMTC_Drivers/sx1280-driver-c/sx1280-hal.o
                0x080037b4                SX1280HalWriteRegister
 .text.SX1280HalReadRegisters
                0x080037d8       0xa4 ./Drivers/SMTC_Drivers/sx1280-driver-c/sx1280-hal.o
                0x080037d8                SX1280HalReadRegisters
 .text.SX1280HalReadRegister
                0x0800387c       0x22 ./Drivers/SMTC_Drivers/sx1280-driver-c/sx1280-hal.o
                0x0800387c                SX1280HalReadRegister
 *fill*         0x0800389e        0x2 
 .text.SX1280HalWriteBuffer
                0x080038a0       0x70 ./Drivers/SMTC_Drivers/sx1280-driver-c/sx1280-hal.o
                0x080038a0                SX1280HalWriteBuffer
 .text.SX1280HalReadBuffer
                0x08003910       0x9c ./Drivers/SMTC_Drivers/sx1280-driver-c/sx1280-hal.o
                0x08003910                SX1280HalReadBuffer
 .text.SX1280HalGetDioStatus
                0x080039ac       0x34 ./Drivers/SMTC_Drivers/sx1280-driver-c/sx1280-hal.o
                0x080039ac                SX1280HalGetDioStatus
 .text.SX1280complement2
                0x080039e0       0x40 ./Drivers/SMTC_Drivers/sx1280-driver-c/sx1280.o
 .text.SX1280Init
                0x08003a20       0x24 ./Drivers/SMTC_Drivers/sx1280-driver-c/sx1280.o
                0x08003a20                SX1280Init
 .text.SX1280SetRegistersDefault
                0x08003a44       0x4c ./Drivers/SMTC_Drivers/sx1280-driver-c/sx1280.o
                0x08003a44                SX1280SetRegistersDefault
 .text.SX1280GetFirmwareVersion
                0x08003a90       0x2a ./Drivers/SMTC_Drivers/sx1280-driver-c/sx1280.o
                0x08003a90                SX1280GetFirmwareVersion
 .text.SX1280GetStatus
                0x08003aba       0x24 ./Drivers/SMTC_Drivers/sx1280-driver-c/sx1280.o
                0x08003aba                SX1280GetStatus
 *fill*         0x08003ade        0x2 
 .text.SX1280GetOpMode
                0x08003ae0       0x18 ./Drivers/SMTC_Drivers/sx1280-driver-c/sx1280.o
                0x08003ae0                SX1280GetOpMode
 .text.SX1280SetSleep
                0x08003af8       0x6c ./Drivers/SMTC_Drivers/sx1280-driver-c/sx1280.o
                0x08003af8                SX1280SetSleep
 .text.SX1280SetStandby
                0x08003b64       0x38 ./Drivers/SMTC_Drivers/sx1280-driver-c/sx1280.o
                0x08003b64                SX1280SetStandby
 .text.SX1280SetFs
                0x08003b9c       0x1c ./Drivers/SMTC_Drivers/sx1280-driver-c/sx1280.o
                0x08003b9c                SX1280SetFs
 .text.SX1280SetTx
                0x08003bb8       0x54 ./Drivers/SMTC_Drivers/sx1280-driver-c/sx1280.o
                0x08003bb8                SX1280SetTx
 .text.SX1280SetRx
                0x08003c0c       0x54 ./Drivers/SMTC_Drivers/sx1280-driver-c/sx1280.o
                0x08003c0c                SX1280SetRx
 .text.SX1280SetRxDutyCycle
                0x08003c60       0x58 ./Drivers/SMTC_Drivers/sx1280-driver-c/sx1280.o
                0x08003c60                SX1280SetRxDutyCycle
 .text.SX1280SetCad
                0x08003cb8       0x1c ./Drivers/SMTC_Drivers/sx1280-driver-c/sx1280.o
                0x08003cb8                SX1280SetCad
 .text.SX1280SetTxContinuousWave
                0x08003cd4       0x12 ./Drivers/SMTC_Drivers/sx1280-driver-c/sx1280.o
                0x08003cd4                SX1280SetTxContinuousWave
 .text.SX1280SetTxContinuousPreamble
                0x08003ce6       0x12 ./Drivers/SMTC_Drivers/sx1280-driver-c/sx1280.o
                0x08003ce6                SX1280SetTxContinuousPreamble
 .text.SX1280SetPacketType
                0x08003cf8       0x28 ./Drivers/SMTC_Drivers/sx1280-driver-c/sx1280.o
                0x08003cf8                SX1280SetPacketType
 .text.SX1280GetPacketType
                0x08003d20       0x18 ./Drivers/SMTC_Drivers/sx1280-driver-c/sx1280.o
                0x08003d20                SX1280GetPacketType
 .text.SX1280SetRfFrequency
                0x08003d38       0x60 ./Drivers/SMTC_Drivers/sx1280-driver-c/sx1280.o
                0x08003d38                SX1280SetRfFrequency
 .text.SX1280SetTxParams
                0x08003d98       0x32 ./Drivers/SMTC_Drivers/sx1280-driver-c/sx1280.o
                0x08003d98                SX1280SetTxParams
 *fill*         0x08003dca        0x2 
 .text.SX1280SetCadParams
                0x08003dcc       0x28 ./Drivers/SMTC_Drivers/sx1280-driver-c/sx1280.o
                0x08003dcc                SX1280SetCadParams
 .text.SX1280SetBufferBaseAddresses
                0x08003df4       0x2e ./Drivers/SMTC_Drivers/sx1280-driver-c/sx1280.o
                0x08003df4                SX1280SetBufferBaseAddresses
 *fill*         0x08003e22        0x2 
 .text.SX1280SetModulationParams
                0x08003e24       0xf0 ./Drivers/SMTC_Drivers/sx1280-driver-c/sx1280.o
                0x08003e24                SX1280SetModulationParams
 .text.SX1280SetPacketParams
                0x08003f14      0x150 ./Drivers/SMTC_Drivers/sx1280-driver-c/sx1280.o
                0x08003f14                SX1280SetPacketParams
 .text.SX1280GetRxBufferStatus
                0x08004064       0x70 ./Drivers/SMTC_Drivers/sx1280-driver-c/sx1280.o
                0x08004064                SX1280GetRxBufferStatus
 .text.SX1280GetPacketStatus
                0x080040d4      0x5a8 ./Drivers/SMTC_Drivers/sx1280-driver-c/sx1280.o
                0x080040d4                SX1280GetPacketStatus
 .text.SX1280GetRssiInst
                0x0800467c       0x2a ./Drivers/SMTC_Drivers/sx1280-driver-c/sx1280.o
                0x0800467c                SX1280GetRssiInst
 .text.SX1280SetDioIrqParams
                0x080046a6       0x74 ./Drivers/SMTC_Drivers/sx1280-driver-c/sx1280.o
                0x080046a6                SX1280SetDioIrqParams
 .text.SX1280GetIrqStatus
                0x0800471a       0x2c ./Drivers/SMTC_Drivers/sx1280-driver-c/sx1280.o
                0x0800471a                SX1280GetIrqStatus
 .text.SX1280ClearIrqStatus
                0x08004746       0x30 ./Drivers/SMTC_Drivers/sx1280-driver-c/sx1280.o
                0x08004746                SX1280ClearIrqStatus
 .text.SX1280Calibrate
                0x08004776       0x86 ./Drivers/SMTC_Drivers/sx1280-driver-c/sx1280.o
                0x08004776                SX1280Calibrate
 .text.SX1280SetRegulatorMode
                0x080047fc       0x1e ./Drivers/SMTC_Drivers/sx1280-driver-c/sx1280.o
                0x080047fc                SX1280SetRegulatorMode
 .text.SX1280SetSaveContext
                0x0800481a       0x12 ./Drivers/SMTC_Drivers/sx1280-driver-c/sx1280.o
                0x0800481a                SX1280SetSaveContext
 .text.SX1280SetAutoTx
                0x0800482c       0x36 ./Drivers/SMTC_Drivers/sx1280-driver-c/sx1280.o
                0x0800482c                SX1280SetAutoTx
 .text.SX1280StopAutoTx
                0x08004862       0x1e ./Drivers/SMTC_Drivers/sx1280-driver-c/sx1280.o
                0x08004862                SX1280StopAutoTx
 .text.SX1280SetAutoFS
                0x08004880       0x1e ./Drivers/SMTC_Drivers/sx1280-driver-c/sx1280.o
                0x08004880                SX1280SetAutoFS
 .text.SX1280SetLongPreamble
                0x0800489e       0x1e ./Drivers/SMTC_Drivers/sx1280-driver-c/sx1280.o
                0x0800489e                SX1280SetLongPreamble
 .text.SX1280SetPayload
                0x080048bc       0x20 ./Drivers/SMTC_Drivers/sx1280-driver-c/sx1280.o
                0x080048bc                SX1280SetPayload
 .text.SX1280GetPayload
                0x080048dc       0x40 ./Drivers/SMTC_Drivers/sx1280-driver-c/sx1280.o
                0x080048dc                SX1280GetPayload
 .text.SX1280SendPayload
                0x0800491c       0x26 ./Drivers/SMTC_Drivers/sx1280-driver-c/sx1280.o
                0x0800491c                SX1280SendPayload
 .text.SX1280SetSyncWord
                0x08004942       0xc8 ./Drivers/SMTC_Drivers/sx1280-driver-c/sx1280.o
                0x08004942                SX1280SetSyncWord
 .text.SX1280SetSyncWordErrorTolerance
                0x08004a0a       0x40 ./Drivers/SMTC_Drivers/sx1280-driver-c/sx1280.o
                0x08004a0a                SX1280SetSyncWordErrorTolerance
 .text.SX1280SetCrcSeed
                0x08004a4a       0x44 ./Drivers/SMTC_Drivers/sx1280-driver-c/sx1280.o
                0x08004a4a                SX1280SetCrcSeed
 .text.SX1280SetBleAccessAddress
                0x08004a8e       0x4e ./Drivers/SMTC_Drivers/sx1280-driver-c/sx1280.o
                0x08004a8e                SX1280SetBleAccessAddress
 .text.SX1280SetBleAdvertizerAccessAddress
                0x08004adc       0x14 ./Drivers/SMTC_Drivers/sx1280-driver-c/sx1280.o
                0x08004adc                SX1280SetBleAdvertizerAccessAddress
 .text.SX1280SetCrcPolynomial
                0x08004af0       0x44 ./Drivers/SMTC_Drivers/sx1280-driver-c/sx1280.o
                0x08004af0                SX1280SetCrcPolynomial
 .text.SX1280SetWhiteningSeed
                0x08004b34       0x36 ./Drivers/SMTC_Drivers/sx1280-driver-c/sx1280.o
                0x08004b34                SX1280SetWhiteningSeed
 .text.SX1280EnableManualGain
                0x08004b6a       0x3c ./Drivers/SMTC_Drivers/sx1280-driver-c/sx1280.o
                0x08004b6a                SX1280EnableManualGain
 .text.SX1280DisableManualGain
                0x08004ba6       0x40 ./Drivers/SMTC_Drivers/sx1280-driver-c/sx1280.o
                0x08004ba6                SX1280DisableManualGain
 .text.SX1280SetManualGainValue
                0x08004be6       0x38 ./Drivers/SMTC_Drivers/sx1280-driver-c/sx1280.o
                0x08004be6                SX1280SetManualGainValue
 .text.SX1280SetLNAGainSetting
                0x08004c1e       0x54 ./Drivers/SMTC_Drivers/sx1280-driver-c/sx1280.o
                0x08004c1e                SX1280SetLNAGainSetting
 .text.SX1280SetRangingIdLength
                0x08004c72       0x4a ./Drivers/SMTC_Drivers/sx1280-driver-c/sx1280.o
                0x08004c72                SX1280SetRangingIdLength
 .text.SX1280SetDeviceRangingAddress
                0x08004cbc       0x4c ./Drivers/SMTC_Drivers/sx1280-driver-c/sx1280.o
                0x08004cbc                SX1280SetDeviceRangingAddress
 .text.SX1280SetRangingRequestAddress
                0x08004d08       0x4c ./Drivers/SMTC_Drivers/sx1280-driver-c/sx1280.o
                0x08004d08                SX1280SetRangingRequestAddress
 *fill*         0x08004d54        0x4 
 .text.SX1280GetRangingResult
                0x08004d58      0x168 ./Drivers/SMTC_Drivers/sx1280-driver-c/sx1280.o
                0x08004d58                SX1280GetRangingResult
 .text.SX1280GetRangingPowerDeltaThresholdIndicator
                0x08004ec0       0x4c ./Drivers/SMTC_Drivers/sx1280-driver-c/sx1280.o
                0x08004ec0                SX1280GetRangingPowerDeltaThresholdIndicator
 .text.SX1280SetRangingCalibration
                0x08004f0c       0x40 ./Drivers/SMTC_Drivers/sx1280-driver-c/sx1280.o
                0x08004f0c                SX1280SetRangingCalibration
 .text.SX1280RangingClearFilterResult
                0x08004f4c       0x3e ./Drivers/SMTC_Drivers/sx1280-driver-c/sx1280.o
                0x08004f4c                SX1280RangingClearFilterResult
 .text.SX1280RangingSetFilterNumSamples
                0x08004f8a       0x26 ./Drivers/SMTC_Drivers/sx1280-driver-c/sx1280.o
                0x08004f8a                SX1280RangingSetFilterNumSamples
 .text.SX1280SetRangingRole
                0x08004fb0       0x24 ./Drivers/SMTC_Drivers/sx1280-driver-c/sx1280.o
                0x08004fb0                SX1280SetRangingRole
 *fill*         0x08004fd4        0x4 
 .text.SX1280GetFrequencyError
                0x08004fd8      0x140 ./Drivers/SMTC_Drivers/sx1280-driver-c/sx1280.o
                0x08004fd8                SX1280GetFrequencyError
 .text.SX1280SetPollingMode
                0x08005118       0x18 ./Drivers/SMTC_Drivers/sx1280-driver-c/sx1280.o
                0x08005118                SX1280SetPollingMode
 .text.SX1280GetLoRaBandwidth
                0x08005130       0x68 ./Drivers/SMTC_Drivers/sx1280-driver-c/sx1280.o
                0x08005130                SX1280GetLoRaBandwidth
 .text.SX1280GetRangingCorrectionPerSfBwGain
                0x08005198       0xe4 ./Drivers/SMTC_Drivers/sx1280-driver-c/sx1280.o
                0x08005198                SX1280GetRangingCorrectionPerSfBwGain
 .text.SX1280SetInterruptMode
                0x0800527c       0x18 ./Drivers/SMTC_Drivers/sx1280-driver-c/sx1280.o
                0x0800527c                SX1280SetInterruptMode
 .text.SX1280OnDioIrq
                0x08005294       0x24 ./Drivers/SMTC_Drivers/sx1280-driver-c/sx1280.o
                0x08005294                SX1280OnDioIrq
 .text.SX1280ProcessIrqs
                0x080052b8      0x548 ./Drivers/SMTC_Drivers/sx1280-driver-c/sx1280.o
                0x080052b8                SX1280ProcessIrqs
 .text.HAL_Init
                0x08005800       0x40 ./Drivers/STM32L4xx_HAL_Driver/Src/stm32l4xx_hal.o
                0x08005800                HAL_Init
 .text.HAL_InitTick
                0x08005840       0x78 ./Drivers/STM32L4xx_HAL_Driver/Src/stm32l4xx_hal.o
                0x08005840                HAL_InitTick
 .text.HAL_IncTick
                0x080058b8       0x28 ./Drivers/STM32L4xx_HAL_Driver/Src/stm32l4xx_hal.o
                0x080058b8                HAL_IncTick
 .text.HAL_GetTick
                0x080058e0       0x18 ./Drivers/STM32L4xx_HAL_Driver/Src/stm32l4xx_hal.o
                0x080058e0                HAL_GetTick
 .text.__NVIC_SetPriorityGrouping
                0x080058f8       0x48 ./Drivers/STM32L4xx_HAL_Driver/Src/stm32l4xx_hal_cortex.o
 .text.__NVIC_GetPriorityGrouping
                0x08005940       0x1c ./Drivers/STM32L4xx_HAL_Driver/Src/stm32l4xx_hal_cortex.o
 .text.__NVIC_EnableIRQ
                0x0800595c       0x3c ./Drivers/STM32L4xx_HAL_Driver/Src/stm32l4xx_hal_cortex.o
 .text.__NVIC_SetPriority
                0x08005998       0x54 ./Drivers/STM32L4xx_HAL_Driver/Src/stm32l4xx_hal_cortex.o
 .text.NVIC_EncodePriority
                0x080059ec       0x66 ./Drivers/STM32L4xx_HAL_Driver/Src/stm32l4xx_hal_cortex.o
 *fill*         0x08005a52        0x2 
 .text.SysTick_Config
                0x08005a54       0x44 ./Drivers/STM32L4xx_HAL_Driver/Src/stm32l4xx_hal_cortex.o
 .text.HAL_NVIC_SetPriorityGrouping
                0x08005a98       0x16 ./Drivers/STM32L4xx_HAL_Driver/Src/stm32l4xx_hal_cortex.o
                0x08005a98                HAL_NVIC_SetPriorityGrouping
 .text.HAL_NVIC_SetPriority
                0x08005aae       0x38 ./Drivers/STM32L4xx_HAL_Driver/Src/stm32l4xx_hal_cortex.o
                0x08005aae                HAL_NVIC_SetPriority
 .text.HAL_NVIC_EnableIRQ
                0x08005ae6       0x1c ./Drivers/STM32L4xx_HAL_Driver/Src/stm32l4xx_hal_cortex.o
                0x08005ae6                HAL_NVIC_EnableIRQ
 .text.HAL_SYSTICK_Config
                0x08005b02       0x18 ./Drivers/STM32L4xx_HAL_Driver/Src/stm32l4xx_hal_cortex.o
                0x08005b02                HAL_SYSTICK_Config
 .text.HAL_DMA_Abort
                0x08005b1a       0x7c ./Drivers/STM32L4xx_HAL_Driver/Src/stm32l4xx_hal_dma.o
                0x08005b1a                HAL_DMA_Abort
 .text.HAL_DMA_Abort_IT
                0x08005b96       0x82 ./Drivers/STM32L4xx_HAL_Driver/Src/stm32l4xx_hal_dma.o
                0x08005b96                HAL_DMA_Abort_IT
 .text.HAL_GPIO_Init
                0x08005c18      0x354 ./Drivers/STM32L4xx_HAL_Driver/Src/stm32l4xx_hal_gpio.o
                0x08005c18                HAL_GPIO_Init
 .text.HAL_GPIO_ReadPin
                0x08005f6c       0x30 ./Drivers/STM32L4xx_HAL_Driver/Src/stm32l4xx_hal_gpio.o
                0x08005f6c                HAL_GPIO_ReadPin
 .text.HAL_GPIO_WritePin
                0x08005f9c       0x30 ./Drivers/STM32L4xx_HAL_Driver/Src/stm32l4xx_hal_gpio.o
                0x08005f9c                HAL_GPIO_WritePin
 .text.HAL_GPIO_EXTI_IRQHandler
                0x08005fcc       0x30 ./Drivers/STM32L4xx_HAL_Driver/Src/stm32l4xx_hal_gpio.o
                0x08005fcc                HAL_GPIO_EXTI_IRQHandler
 .text.HAL_I2C_Init
                0x08005ffc      0x136 ./Drivers/STM32L4xx_HAL_Driver/Src/stm32l4xx_hal_i2c.o
                0x08005ffc                HAL_I2C_Init
 *fill*         0x08006132        0x2 
 .text.HAL_I2C_Mem_Write
                0x08006134      0x228 ./Drivers/STM32L4xx_HAL_Driver/Src/stm32l4xx_hal_i2c.o
                0x08006134                HAL_I2C_Mem_Write
 .text.HAL_I2C_Mem_Read
                0x0800635c      0x234 ./Drivers/STM32L4xx_HAL_Driver/Src/stm32l4xx_hal_i2c.o
                0x0800635c                HAL_I2C_Mem_Read
 .text.I2C_RequestMemoryWrite
                0x08006590       0xa8 ./Drivers/STM32L4xx_HAL_Driver/Src/stm32l4xx_hal_i2c.o
 .text.I2C_RequestMemoryRead
                0x08006638       0xa8 ./Drivers/STM32L4xx_HAL_Driver/Src/stm32l4xx_hal_i2c.o
 .text.I2C_Flush_TXDR
                0x080066e0       0x48 ./Drivers/STM32L4xx_HAL_Driver/Src/stm32l4xx_hal_i2c.o
 .text.I2C_WaitOnFlagUntilTimeout
                0x08006728       0xb2 ./Drivers/STM32L4xx_HAL_Driver/Src/stm32l4xx_hal_i2c.o
 .text.I2C_WaitOnTXISFlagUntilTimeout
                0x080067da       0x8e ./Drivers/STM32L4xx_HAL_Driver/Src/stm32l4xx_hal_i2c.o
 .text.I2C_WaitOnSTOPFlagUntilTimeout
                0x08006868       0x86 ./Drivers/STM32L4xx_HAL_Driver/Src/stm32l4xx_hal_i2c.o
 *fill*         0x080068ee        0x2 
 .text.I2C_IsErrorOccurred
                0x080068f0      0x1c0 ./Drivers/STM32L4xx_HAL_Driver/Src/stm32l4xx_hal_i2c.o
 .text.I2C_TransferConfig
                0x08006ab0       0x64 ./Drivers/STM32L4xx_HAL_Driver/Src/stm32l4xx_hal_i2c.o
 .text.HAL_I2CEx_ConfigAnalogFilter
                0x08006b14       0x96 ./Drivers/STM32L4xx_HAL_Driver/Src/stm32l4xx_hal_i2c_ex.o
                0x08006b14                HAL_I2CEx_ConfigAnalogFilter
 .text.HAL_I2CEx_ConfigDigitalFilter
                0x08006baa       0x98 ./Drivers/STM32L4xx_HAL_Driver/Src/stm32l4xx_hal_i2c_ex.o
                0x08006baa                HAL_I2CEx_ConfigDigitalFilter
 *fill*         0x08006c42        0x2 
 .text.HAL_LPTIM_Init
                0x08006c44      0x144 ./Drivers/STM32L4xx_HAL_Driver/Src/stm32l4xx_hal_lptim.o
                0x08006c44                HAL_LPTIM_Init
 .text.HAL_LPTIM_TimeOut_Start_IT
                0x08006d88       0xfc ./Drivers/STM32L4xx_HAL_Driver/Src/stm32l4xx_hal_lptim.o
                0x08006d88                HAL_LPTIM_TimeOut_Start_IT
 .text.HAL_LPTIM_IRQHandler
                0x08006e84      0x136 ./Drivers/STM32L4xx_HAL_Driver/Src/stm32l4xx_hal_lptim.o
                0x08006e84                HAL_LPTIM_IRQHandler
 .text.HAL_LPTIM_AutoReloadMatchCallback
                0x08006fba       0x14 ./Drivers/STM32L4xx_HAL_Driver/Src/stm32l4xx_hal_lptim.o
                0x08006fba                HAL_LPTIM_AutoReloadMatchCallback
 .text.HAL_LPTIM_TriggerCallback
                0x08006fce       0x14 ./Drivers/STM32L4xx_HAL_Driver/Src/stm32l4xx_hal_lptim.o
                0x08006fce                HAL_LPTIM_TriggerCallback
 .text.HAL_LPTIM_CompareWriteCallback
                0x08006fe2       0x14 ./Drivers/STM32L4xx_HAL_Driver/Src/stm32l4xx_hal_lptim.o
                0x08006fe2                HAL_LPTIM_CompareWriteCallback
 .text.HAL_LPTIM_AutoReloadWriteCallback
                0x08006ff6       0x14 ./Drivers/STM32L4xx_HAL_Driver/Src/stm32l4xx_hal_lptim.o
                0x08006ff6                HAL_LPTIM_AutoReloadWriteCallback
 .text.HAL_LPTIM_DirectionUpCallback
                0x0800700a       0x14 ./Drivers/STM32L4xx_HAL_Driver/Src/stm32l4xx_hal_lptim.o
                0x0800700a                HAL_LPTIM_DirectionUpCallback
 .text.HAL_LPTIM_DirectionDownCallback
                0x0800701e       0x14 ./Drivers/STM32L4xx_HAL_Driver/Src/stm32l4xx_hal_lptim.o
                0x0800701e                HAL_LPTIM_DirectionDownCallback
 .text.HAL_LPTIM_GetState
                0x08007032       0x1c ./Drivers/STM32L4xx_HAL_Driver/Src/stm32l4xx_hal_lptim.o
                0x08007032                HAL_LPTIM_GetState
 *fill*         0x0800704e        0x2 
 .text.LPTIM_WaitForFlag
                0x08007050       0x60 ./Drivers/STM32L4xx_HAL_Driver/Src/stm32l4xx_hal_lptim.o
 .text.LPTIM_Disable
                0x080070b0      0x200 ./Drivers/STM32L4xx_HAL_Driver/Src/stm32l4xx_hal_lptim.o
                0x080070b0                LPTIM_Disable
 .text.HAL_PWREx_GetVoltageRange
                0x080072b0       0x1c ./Drivers/STM32L4xx_HAL_Driver/Src/stm32l4xx_hal_pwr_ex.o
                0x080072b0                HAL_PWREx_GetVoltageRange
 .text.HAL_PWREx_ControlVoltageScaling
                0x080072cc       0xac ./Drivers/STM32L4xx_HAL_Driver/Src/stm32l4xx_hal_pwr_ex.o
                0x080072cc                HAL_PWREx_ControlVoltageScaling
 .text.HAL_RCC_OscConfig
                0x08007378      0x7b8 ./Drivers/STM32L4xx_HAL_Driver/Src/stm32l4xx_hal_rcc.o
                0x08007378                HAL_RCC_OscConfig
 .text.HAL_RCC_ClockConfig
                0x08007b30      0x200 ./Drivers/STM32L4xx_HAL_Driver/Src/stm32l4xx_hal_rcc.o
                0x08007b30                HAL_RCC_ClockConfig
 .text.HAL_RCC_GetSysClockFreq
                0x08007d30      0x118 ./Drivers/STM32L4xx_HAL_Driver/Src/stm32l4xx_hal_rcc.o
                0x08007d30                HAL_RCC_GetSysClockFreq
 .text.HAL_RCC_GetHCLKFreq
                0x08007e48       0x18 ./Drivers/STM32L4xx_HAL_Driver/Src/stm32l4xx_hal_rcc.o
                0x08007e48                HAL_RCC_GetHCLKFreq
 .text.HAL_RCC_GetPCLK1Freq
                0x08007e60       0x2c ./Drivers/STM32L4xx_HAL_Driver/Src/stm32l4xx_hal_rcc.o
                0x08007e60                HAL_RCC_GetPCLK1Freq
 .text.HAL_RCC_GetPCLK2Freq
                0x08007e8c       0x2c ./Drivers/STM32L4xx_HAL_Driver/Src/stm32l4xx_hal_rcc.o
                0x08007e8c                HAL_RCC_GetPCLK2Freq
 .text.RCC_SetFlashLatencyFromMSIRange
                0x08007eb8       0xc0 ./Drivers/STM32L4xx_HAL_Driver/Src/stm32l4xx_hal_rcc.o
 .text.HAL_RCCEx_PeriphCLKConfig
                0x08007f78      0x5d4 ./Drivers/STM32L4xx_HAL_Driver/Src/stm32l4xx_hal_rcc_ex.o
                0x08007f78                HAL_RCCEx_PeriphCLKConfig
 .text.RCCEx_PLLSAI1_Config
                0x0800854c      0x1e8 ./Drivers/STM32L4xx_HAL_Driver/Src/stm32l4xx_hal_rcc_ex.o
 .text.RCCEx_PLLSAI2_Config
                0x08008734      0x1bc ./Drivers/STM32L4xx_HAL_Driver/Src/stm32l4xx_hal_rcc_ex.o
 .text.HAL_RTC_Init
                0x080088f0      0x110 ./Drivers/STM32L4xx_HAL_Driver/Src/stm32l4xx_hal_rtc.o
                0x080088f0                HAL_RTC_Init
 .text.HAL_RTC_SetTime
                0x08008a00      0x13a ./Drivers/STM32L4xx_HAL_Driver/Src/stm32l4xx_hal_rtc.o
                0x08008a00                HAL_RTC_SetTime
 .text.HAL_RTC_SetDate
                0x08008b3a      0x10e ./Drivers/STM32L4xx_HAL_Driver/Src/stm32l4xx_hal_rtc.o
                0x08008b3a                HAL_RTC_SetDate
 .text.HAL_RTC_WaitForSynchro
                0x08008c48       0x48 ./Drivers/STM32L4xx_HAL_Driver/Src/stm32l4xx_hal_rtc.o
                0x08008c48                HAL_RTC_WaitForSynchro
 .text.RTC_EnterInitMode
                0x08008c90       0x66 ./Drivers/STM32L4xx_HAL_Driver/Src/stm32l4xx_hal_rtc.o
                0x08008c90                RTC_EnterInitMode
 *fill*         0x08008cf6        0x2 
 .text.RTC_ExitInitMode
                0x08008cf8       0x7c ./Drivers/STM32L4xx_HAL_Driver/Src/stm32l4xx_hal_rtc.o
                0x08008cf8                RTC_ExitInitMode
 .text.RTC_ByteToBcd2
                0x08008d74       0x40 ./Drivers/STM32L4xx_HAL_Driver/Src/stm32l4xx_hal_rtc.o
                0x08008d74                RTC_ByteToBcd2
 .text.HAL_SPI_Init
                0x08008db4      0x146 ./Drivers/STM32L4xx_HAL_Driver/Src/stm32l4xx_hal_spi.o
                0x08008db4                HAL_SPI_Init
 .text.HAL_SPI_Transmit
                0x08008efa      0x2ec ./Drivers/STM32L4xx_HAL_Driver/Src/stm32l4xx_hal_spi.o
                0x08008efa                HAL_SPI_Transmit
 .text.HAL_SPI_TransmitReceive
                0x080091e6      0x43e ./Drivers/STM32L4xx_HAL_Driver/Src/stm32l4xx_hal_spi.o
                0x080091e6                HAL_SPI_TransmitReceive
 .text.SPI_WaitFlagStateUntilTimeout
                0x08009624      0x110 ./Drivers/STM32L4xx_HAL_Driver/Src/stm32l4xx_hal_spi.o
 .text.SPI_WaitFifoStateUntilTimeout
                0x08009734      0x12c ./Drivers/STM32L4xx_HAL_Driver/Src/stm32l4xx_hal_spi.o
 .text.SPI_EndRxTxTransaction
                0x08009860       0x8c ./Drivers/STM32L4xx_HAL_Driver/Src/stm32l4xx_hal_spi.o
 .text.HAL_SPIEx_FlushRxFifo
                0x080098ec       0x44 ./Drivers/STM32L4xx_HAL_Driver/Src/stm32l4xx_hal_spi_ex.o
                0x080098ec                HAL_SPIEx_FlushRxFifo
 .text.HAL_UART_Init
                0x08009930       0x9c ./Drivers/STM32L4xx_HAL_Driver/Src/stm32l4xx_hal_uart.o
                0x08009930                HAL_UART_Init
 .text.HAL_UART_Transmit
                0x080099cc      0x112 ./Drivers/STM32L4xx_HAL_Driver/Src/stm32l4xx_hal_uart.o
                0x080099cc                HAL_UART_Transmit
 *fill*         0x08009ade        0x2 
 .text.HAL_UART_Transmit_IT
                0x08009ae0       0xbc ./Drivers/STM32L4xx_HAL_Driver/Src/stm32l4xx_hal_uart.o
                0x08009ae0                HAL_UART_Transmit_IT
 .text.HAL_UART_IRQHandler
                0x08009b9c      0x60c ./Drivers/STM32L4xx_HAL_Driver/Src/stm32l4xx_hal_uart.o
                0x08009b9c                HAL_UART_IRQHandler
 .text.HAL_UART_ErrorCallback
                0x0800a1a8       0x14 ./Drivers/STM32L4xx_HAL_Driver/Src/stm32l4xx_hal_uart.o
                0x0800a1a8                HAL_UART_ErrorCallback
 .text.HAL_UARTEx_RxEventCallback
                0x0800a1bc       0x18 ./Drivers/STM32L4xx_HAL_Driver/Src/stm32l4xx_hal_uart.o
                0x0800a1bc                HAL_UARTEx_RxEventCallback
 .text.UART_SetConfig
                0x0800a1d4      0x570 ./Drivers/STM32L4xx_HAL_Driver/Src/stm32l4xx_hal_uart.o
                0x0800a1d4                UART_SetConfig
 .text.UART_AdvFeatureConfig
                0x0800a744      0x144 ./Drivers/STM32L4xx_HAL_Driver/Src/stm32l4xx_hal_uart.o
                0x0800a744                UART_AdvFeatureConfig
 .text.UART_CheckIdleState
                0x0800a888      0x150 ./Drivers/STM32L4xx_HAL_Driver/Src/stm32l4xx_hal_uart.o
                0x0800a888                UART_CheckIdleState
 .text.UART_WaitOnFlagUntilTimeout
                0x0800a9d8       0xda ./Drivers/STM32L4xx_HAL_Driver/Src/stm32l4xx_hal_uart.o
                0x0800a9d8                UART_WaitOnFlagUntilTimeout
 .text.UART_EndRxTransfer
                0x0800aab2       0xc8 ./Drivers/STM32L4xx_HAL_Driver/Src/stm32l4xx_hal_uart.o
 .text.UART_DMAAbortOnError
                0x0800ab7a       0x2c ./Drivers/STM32L4xx_HAL_Driver/Src/stm32l4xx_hal_uart.o
 .text.UART_TxISR_8BIT
                0x0800aba6       0xb6 ./Drivers/STM32L4xx_HAL_Driver/Src/stm32l4xx_hal_uart.o
 .text.UART_TxISR_16BIT
                0x0800ac5c       0xc0 ./Drivers/STM32L4xx_HAL_Driver/Src/stm32l4xx_hal_uart.o
 .text.UART_EndTransmit_IT
                0x0800ad1c       0x54 ./Drivers/STM32L4xx_HAL_Driver/Src/stm32l4xx_hal_uart.o
 .text.HAL_UARTEx_WakeupCallback
                0x0800ad70       0x14 ./Drivers/STM32L4xx_HAL_Driver/Src/stm32l4xx_hal_uart_ex.o
                0x0800ad70                HAL_UARTEx_WakeupCallback
 .text.std      0x0800ad84       0x6c /opt/st/stm32cubeide_1.18.0/plugins/com.st.stm32cube.ide.mcu.externaltools.gnu-tools-for-stm32.13.3.rel1.linux64_1.0.0.202410170706/tools/bin/../lib/gcc/arm-none-eabi/13.3.1/../../../../arm-none-eabi/lib/thumb/v7e-m+fp/hard/libc_nano.a(libc_a-findfp.o)
 .text.stdio_exit_handler
                0x0800adf0       0x18 /opt/st/stm32cubeide_1.18.0/plugins/com.st.stm32cube.ide.mcu.externaltools.gnu-tools-for-stm32.13.3.rel1.linux64_1.0.0.202410170706/tools/bin/../lib/gcc/arm-none-eabi/13.3.1/../../../../arm-none-eabi/lib/thumb/v7e-m+fp/hard/libc_nano.a(libc_a-findfp.o)
 .text.cleanup_stdio
                0x0800ae08       0x40 /opt/st/stm32cubeide_1.18.0/plugins/com.st.stm32cube.ide.mcu.externaltools.gnu-tools-for-stm32.13.3.rel1.linux64_1.0.0.202410170706/tools/bin/../lib/gcc/arm-none-eabi/13.3.1/../../../../arm-none-eabi/lib/thumb/v7e-m+fp/hard/libc_nano.a(libc_a-findfp.o)
 .text.global_stdio_init.part.0
                0x0800ae48       0x3c /opt/st/stm32cubeide_1.18.0/plugins/com.st.stm32cube.ide.mcu.externaltools.gnu-tools-for-stm32.13.3.rel1.linux64_1.0.0.202410170706/tools/bin/../lib/gcc/arm-none-eabi/13.3.1/../../../../arm-none-eabi/lib/thumb/v7e-m+fp/hard/libc_nano.a(libc_a-findfp.o)
 .text.__sfp_lock_acquire
                0x0800ae84        0xc /opt/st/stm32cubeide_1.18.0/plugins/com.st.stm32cube.ide.mcu.externaltools.gnu-tools-for-stm32.13.3.rel1.linux64_1.0.0.202410170706/tools/bin/../lib/gcc/arm-none-eabi/13.3.1/../../../../arm-none-eabi/lib/thumb/v7e-m+fp/hard/libc_nano.a(libc_a-findfp.o)
                0x0800ae84                __sfp_lock_acquire
 .text.__sfp_lock_release
                0x0800ae90        0xc /opt/st/stm32cubeide_1.18.0/plugins/com.st.stm32cube.ide.mcu.externaltools.gnu-tools-for-stm32.13.3.rel1.linux64_1.0.0.202410170706/tools/bin/../lib/gcc/arm-none-eabi/13.3.1/../../../../arm-none-eabi/lib/thumb/v7e-m+fp/hard/libc_nano.a(libc_a-findfp.o)
                0x0800ae90                __sfp_lock_release
 .text.__sinit  0x0800ae9c       0x30 /opt/st/stm32cubeide_1.18.0/plugins/com.st.stm32cube.ide.mcu.externaltools.gnu-tools-for-stm32.13.3.rel1.linux64_1.0.0.202410170706/tools/bin/../lib/gcc/arm-none-eabi/13.3.1/../../../../arm-none-eabi/lib/thumb/v7e-m+fp/hard/libc_nano.a(libc_a-findfp.o)
                0x0800ae9c                __sinit
 .text._fwalk_sglue
                0x0800aecc       0x3c /opt/st/stm32cubeide_1.18.0/plugins/com.st.stm32cube.ide.mcu.externaltools.gnu-tools-for-stm32.13.3.rel1.linux64_1.0.0.202410170706/tools/bin/../lib/gcc/arm-none-eabi/13.3.1/../../../../arm-none-eabi/lib/thumb/v7e-m+fp/hard/libc_nano.a(libc_a-fwalk.o)
                0x0800aecc                _fwalk_sglue
 .text.printf   0x0800af08       0x24 /opt/st/stm32cubeide_1.18.0/plugins/com.st.stm32cube.ide.mcu.externaltools.gnu-tools-for-stm32.13.3.rel1.linux64_1.0.0.202410170706/tools/bin/../lib/gcc/arm-none-eabi/13.3.1/../../../../arm-none-eabi/lib/thumb/v7e-m+fp/hard/libc_nano.a(libc_a-printf.o)
                0x0800af08                printf
                0x0800af08                iprintf
 .text.__sread  0x0800af2c       0x22 /opt/st/stm32cubeide_1.18.0/plugins/com.st.stm32cube.ide.mcu.externaltools.gnu-tools-for-stm32.13.3.rel1.linux64_1.0.0.202410170706/tools/bin/../lib/gcc/arm-none-eabi/13.3.1/../../../../arm-none-eabi/lib/thumb/v7e-m+fp/hard/libc_nano.a(libc_a-stdio.o)
                0x0800af2c                __sread
 .text.__swrite
                0x0800af4e       0x38 /opt/st/stm32cubeide_1.18.0/plugins/com.st.stm32cube.ide.mcu.externaltools.gnu-tools-for-stm32.13.3.rel1.linux64_1.0.0.202410170706/tools/bin/../lib/gcc/arm-none-eabi/13.3.1/../../../../arm-none-eabi/lib/thumb/v7e-m+fp/hard/libc_nano.a(libc_a-stdio.o)
                0x0800af4e                __swrite
 .text.__sseek  0x0800af86       0x24 /opt/st/stm32cubeide_1.18.0/plugins/com.st.stm32cube.ide.mcu.externaltools.gnu-tools-for-stm32.13.3.rel1.linux64_1.0.0.202410170706/tools/bin/../lib/gcc/arm-none-eabi/13.3.1/../../../../arm-none-eabi/lib/thumb/v7e-m+fp/hard/libc_nano.a(libc_a-stdio.o)
                0x0800af86                __sseek
 .text.__sclose
                0x0800afaa        0x8 /opt/st/stm32cubeide_1.18.0/plugins/com.st.stm32cube.ide.mcu.externaltools.gnu-tools-for-stm32.13.3.rel1.linux64_1.0.0.202410170706/tools/bin/../lib/gcc/arm-none-eabi/13.3.1/../../../../arm-none-eabi/lib/thumb/v7e-m+fp/hard/libc_nano.a(libc_a-stdio.o)
                0x0800afaa                __sclose
 .text.__swbuf_r
                0x0800afb2       0x7c /opt/st/stm32cubeide_1.18.0/plugins/com.st.stm32cube.ide.mcu.externaltools.gnu-tools-for-stm32.13.3.rel1.linux64_1.0.0.202410170706/tools/bin/../lib/gcc/arm-none-eabi/13.3.1/../../../../arm-none-eabi/lib/thumb/v7e-m+fp/hard/libc_nano.a(libc_a-wbuf.o)
                0x0800afb2                __swbuf_r
 *fill*         0x0800b02e        0x2 
 .text.__swsetup_r
                0x0800b030       0xac /opt/st/stm32cubeide_1.18.0/plugins/com.st.stm32cube.ide.mcu.externaltools.gnu-tools-for-stm32.13.3.rel1.linux64_1.0.0.202410170706/tools/bin/../lib/gcc/arm-none-eabi/13.3.1/../../../../arm-none-eabi/lib/thumb/v7e-m+fp/hard/libc_nano.a(libc_a-wsetup.o)
                0x0800b030                __swsetup_r
 .text.memset   0x0800b0dc       0x10 /opt/st/stm32cubeide_1.18.0/plugins/com.st.stm32cube.ide.mcu.externaltools.gnu-tools-for-stm32.13.3.rel1.linux64_1.0.0.202410170706/tools/bin/../lib/gcc/arm-none-eabi/13.3.1/../../../../arm-none-eabi/lib/thumb/v7e-m+fp/hard/libc_nano.a(libc_a-memset.o)
                0x0800b0dc                memset
 .text._close_r
                0x0800b0ec       0x20 /opt/st/stm32cubeide_1.18.0/plugins/com.st.stm32cube.ide.mcu.externaltools.gnu-tools-for-stm32.13.3.rel1.linux64_1.0.0.202410170706/tools/bin/../lib/gcc/arm-none-eabi/13.3.1/../../../../arm-none-eabi/lib/thumb/v7e-m+fp/hard/libc_nano.a(libc_a-closer.o)
                0x0800b0ec                _close_r
 .text._lseek_r
                0x0800b10c       0x24 /opt/st/stm32cubeide_1.18.0/plugins/com.st.stm32cube.ide.mcu.externaltools.gnu-tools-for-stm32.13.3.rel1.linux64_1.0.0.202410170706/tools/bin/../lib/gcc/arm-none-eabi/13.3.1/../../../../arm-none-eabi/lib/thumb/v7e-m+fp/hard/libc_nano.a(libc_a-lseekr.o)
                0x0800b10c                _lseek_r
 .text._read_r  0x0800b130       0x24 /opt/st/stm32cubeide_1.18.0/plugins/com.st.stm32cube.ide.mcu.externaltools.gnu-tools-for-stm32.13.3.rel1.linux64_1.0.0.202410170706/tools/bin/../lib/gcc/arm-none-eabi/13.3.1/../../../../arm-none-eabi/lib/thumb/v7e-m+fp/hard/libc_nano.a(libc_a-readr.o)
                0x0800b130                _read_r
 .text._write_r
                0x0800b154       0x24 /opt/st/stm32cubeide_1.18.0/plugins/com.st.stm32cube.ide.mcu.externaltools.gnu-tools-for-stm32.13.3.rel1.linux64_1.0.0.202410170706/tools/bin/../lib/gcc/arm-none-eabi/13.3.1/../../../../arm-none-eabi/lib/thumb/v7e-m+fp/hard/libc_nano.a(libc_a-writer.o)
                0x0800b154                _write_r
 .text.__errno  0x0800b178        0xc /opt/st/stm32cubeide_1.18.0/plugins/com.st.stm32cube.ide.mcu.externaltools.gnu-tools-for-stm32.13.3.rel1.linux64_1.0.0.202410170706/tools/bin/../lib/gcc/arm-none-eabi/13.3.1/../../../../arm-none-eabi/lib/thumb/v7e-m+fp/hard/libc_nano.a(libc_a-errno.o)
                0x0800b178                __errno
 .text.__libc_init_array
                0x0800b184       0x48 /opt/st/stm32cubeide_1.18.0/plugins/com.st.stm32cube.ide.mcu.externaltools.gnu-tools-for-stm32.13.3.rel1.linux64_1.0.0.202410170706/tools/bin/../lib/gcc/arm-none-eabi/13.3.1/../../../../arm-none-eabi/lib/thumb/v7e-m+fp/hard/libc_nano.a(libc_a-init.o)
                0x0800b184                __libc_init_array
 .text.__retarget_lock_init_recursive
                0x0800b1cc        0x2 /opt/st/stm32cubeide_1.18.0/plugins/com.st.stm32cube.ide.mcu.externaltools.gnu-tools-for-stm32.13.3.rel1.linux64_1.0.0.202410170706/tools/bin/../lib/gcc/arm-none-eabi/13.3.1/../../../../arm-none-eabi/lib/thumb/v7e-m+fp/hard/libc_nano.a(libc_a-lock.o)
                0x0800b1cc                __retarget_lock_init_recursive
 .text.__retarget_lock_acquire_recursive
                0x0800b1ce        0x2 /opt/st/stm32cubeide_1.18.0/plugins/com.st.stm32cube.ide.mcu.externaltools.gnu-tools-for-stm32.13.3.rel1.linux64_1.0.0.202410170706/tools/bin/../lib/gcc/arm-none-eabi/13.3.1/../../../../arm-none-eabi/lib/thumb/v7e-m+fp/hard/libc_nano.a(libc_a-lock.o)
                0x0800b1ce                __retarget_lock_acquire_recursive
 .text.__retarget_lock_release_recursive
                0x0800b1d0        0x2 /opt/st/stm32cubeide_1.18.0/plugins/com.st.stm32cube.ide.mcu.externaltools.gnu-tools-for-stm32.13.3.rel1.linux64_1.0.0.202410170706/tools/bin/../lib/gcc/arm-none-eabi/13.3.1/../../../../arm-none-eabi/lib/thumb/v7e-m+fp/hard/libc_nano.a(libc_a-lock.o)
                0x0800b1d0                __retarget_lock_release_recursive
 .text.memcpy   0x0800b1d2       0x1c /opt/st/stm32cubeide_1.18.0/plugins/com.st.stm32cube.ide.mcu.externaltools.gnu-tools-for-stm32.13.3.rel1.linux64_1.0.0.202410170706/tools/bin/../lib/gcc/arm-none-eabi/13.3.1/../../../../arm-none-eabi/lib/thumb/v7e-m+fp/hard/libc_nano.a(libc_a-memcpy-stub.o)
                0x0800b1d2                memcpy
 *fill*         0x0800b1ee        0x2 
 .text._free_r  0x0800b1f0       0x94 /opt/st/stm32cubeide_1.18.0/plugins/com.st.stm32cube.ide.mcu.externaltools.gnu-tools-for-stm32.13.3.rel1.linux64_1.0.0.202410170706/tools/bin/../lib/gcc/arm-none-eabi/13.3.1/../../../../arm-none-eabi/lib/thumb/v7e-m+fp/hard/libc_nano.a(libc_a-freer.o)
                0x0800b1f0                _free_r
 .text.sbrk_aligned
                0x0800b284       0x44 /opt/st/stm32cubeide_1.18.0/plugins/com.st.stm32cube.ide.mcu.externaltools.gnu-tools-for-stm32.13.3.rel1.linux64_1.0.0.202410170706/tools/bin/../lib/gcc/arm-none-eabi/13.3.1/../../../../arm-none-eabi/lib/thumb/v7e-m+fp/hard/libc_nano.a(libc_a-mallocr.o)
 .text._malloc_r
                0x0800b2c8      0x100 /opt/st/stm32cubeide_1.18.0/plugins/com.st.stm32cube.ide.mcu.externaltools.gnu-tools-for-stm32.13.3.rel1.linux64_1.0.0.202410170706/tools/bin/../lib/gcc/arm-none-eabi/13.3.1/../../../../arm-none-eabi/lib/thumb/v7e-m+fp/hard/libc_nano.a(libc_a-mallocr.o)
                0x0800b2c8                _malloc_r
 .text.__malloc_lock
                0x0800b3c8        0xc /opt/st/stm32cubeide_1.18.0/plugins/com.st.stm32cube.ide.mcu.externaltools.gnu-tools-for-stm32.13.3.rel1.linux64_1.0.0.202410170706/tools/bin/../lib/gcc/arm-none-eabi/13.3.1/../../../../arm-none-eabi/lib/thumb/v7e-m+fp/hard/libc_nano.a(libc_a-mlock.o)
                0x0800b3c8                __malloc_lock
 .text.__malloc_unlock
                0x0800b3d4        0xc /opt/st/stm32cubeide_1.18.0/plugins/com.st.stm32cube.ide.mcu.externaltools.gnu-tools-for-stm32.13.3.rel1.linux64_1.0.0.202410170706/tools/bin/../lib/gcc/arm-none-eabi/13.3.1/../../../../arm-none-eabi/lib/thumb/v7e-m+fp/hard/libc_nano.a(libc_a-mlock.o)
                0x0800b3d4                __malloc_unlock
 .text.__sfputc_r
                0x0800b3e0       0x2e /opt/st/stm32cubeide_1.18.0/plugins/com.st.stm32cube.ide.mcu.externaltools.gnu-tools-for-stm32.13.3.rel1.linux64_1.0.0.202410170706/tools/bin/../lib/gcc/arm-none-eabi/13.3.1/../../../../arm-none-eabi/lib/thumb/v7e-m+fp/hard/libc_nano.a(libc_a-nano-vfprintf.o)
 .text.__sfputs_r
                0x0800b40e       0x24 /opt/st/stm32cubeide_1.18.0/plugins/com.st.stm32cube.ide.mcu.externaltools.gnu-tools-for-stm32.13.3.rel1.linux64_1.0.0.202410170706/tools/bin/../lib/gcc/arm-none-eabi/13.3.1/../../../../arm-none-eabi/lib/thumb/v7e-m+fp/hard/libc_nano.a(libc_a-nano-vfprintf.o)
                0x0800b40e                __sfputs_r
 *fill*         0x0800b432        0x2 
 .text._vfprintf_r
                0x0800b434      0x230 /opt/st/stm32cubeide_1.18.0/plugins/com.st.stm32cube.ide.mcu.externaltools.gnu-tools-for-stm32.13.3.rel1.linux64_1.0.0.202410170706/tools/bin/../lib/gcc/arm-none-eabi/13.3.1/../../../../arm-none-eabi/lib/thumb/v7e-m+fp/hard/libc_nano.a(libc_a-nano-vfprintf.o)
                0x0800b434                _vfiprintf_r
                0x0800b434                _vfprintf_r
 .text._printf_common
                0x0800b664       0xda /opt/st/stm32cubeide_1.18.0/plugins/com.st.stm32cube.ide.mcu.externaltools.gnu-tools-for-stm32.13.3.rel1.linux64_1.0.0.202410170706/tools/bin/../lib/gcc/arm-none-eabi/13.3.1/../../../../arm-none-eabi/lib/thumb/v7e-m+fp/hard/libc_nano.a(libc_a-nano-vfprintf_i.o)
                0x0800b664                _printf_common
 *fill*         0x0800b73e        0x2 
 .text._printf_i
                0x0800b740      0x23c /opt/st/stm32cubeide_1.18.0/plugins/com.st.stm32cube.ide.mcu.externaltools.gnu-tools-for-stm32.13.3.rel1.linux64_1.0.0.202410170706/tools/bin/../lib/gcc/arm-none-eabi/13.3.1/../../../../arm-none-eabi/lib/thumb/v7e-m+fp/hard/libc_nano.a(libc_a-nano-vfprintf_i.o)
                0x0800b740                _printf_i
 .text.__sflush_r
                0x0800b97c      0x108 /opt/st/stm32cubeide_1.18.0/plugins/com.st.stm32cube.ide.mcu.externaltools.gnu-tools-for-stm32.13.3.rel1.linux64_1.0.0.202410170706/tools/bin/../lib/gcc/arm-none-eabi/13.3.1/../../../../arm-none-eabi/lib/thumb/v7e-m+fp/hard/libc_nano.a(libc_a-fflush.o)
                0x0800b97c                __sflush_r
 .text._fflush_r
                0x0800ba84       0x50 /opt/st/stm32cubeide_1.18.0/plugins/com.st.stm32cube.ide.mcu.externaltools.gnu-tools-for-stm32.13.3.rel1.linux64_1.0.0.202410170706/tools/bin/../lib/gcc/arm-none-eabi/13.3.1/../../../../arm-none-eabi/lib/thumb/v7e-m+fp/hard/libc_nano.a(libc_a-fflush.o)
                0x0800ba84                _fflush_r
 .text.__swhatbuf_r
                0x0800bad4       0x4c /opt/st/stm32cubeide_1.18.0/plugins/com.st.stm32cube.ide.mcu.externaltools.gnu-tools-for-stm32.13.3.rel1.linux64_1.0.0.202410170706/tools/bin/../lib/gcc/arm-none-eabi/13.3.1/../../../../arm-none-eabi/lib/thumb/v7e-m+fp/hard/libc_nano.a(libc_a-makebuf.o)
                0x0800bad4                __swhatbuf_r
 .text.__smakebuf_r
                0x0800bb20       0x78 /opt/st/stm32cubeide_1.18.0/plugins/com.st.stm32cube.ide.mcu.externaltools.gnu-tools-for-stm32.13.3.rel1.linux64_1.0.0.202410170706/tools/bin/../lib/gcc/arm-none-eabi/13.3.1/../../../../arm-none-eabi/lib/thumb/v7e-m+fp/hard/libc_nano.a(libc_a-makebuf.o)
                0x0800bb20                __smakebuf_r
 .text._fstat_r
                0x0800bb98       0x24 /opt/st/stm32cubeide_1.18.0/plugins/com.st.stm32cube.ide.mcu.externaltools.gnu-tools-for-stm32.13.3.rel1.linux64_1.0.0.202410170706/tools/bin/../lib/gcc/arm-none-eabi/13.3.1/../../../../arm-none-eabi/lib/thumb/v7e-m+fp/hard/libc_nano.a(libc_a-fstatr.o)
                0x0800bb98                _fstat_r
 .text._isatty_r
                0x0800bbbc       0x20 /opt/st/stm32cubeide_1.18.0/plugins/com.st.stm32cube.ide.mcu.externaltools.gnu-tools-for-stm32.13.3.rel1.linux64_1.0.0.202410170706/tools/bin/../lib/gcc/arm-none-eabi/13.3.1/../../../../arm-none-eabi/lib/thumb/v7e-m+fp/hard/libc_nano.a(libc_a-isattyr.o)
                0x0800bbbc                _isatty_r
 .text._sbrk_r  0x0800bbdc       0x20 /opt/st/stm32cubeide_1.18.0/plugins/com.st.stm32cube.ide.mcu.externaltools.gnu-tools-for-stm32.13.3.rel1.linux64_1.0.0.202410170706/tools/bin/../lib/gcc/arm-none-eabi/13.3.1/../../../../arm-none-eabi/lib/thumb/v7e-m+fp/hard/libc_nano.a(libc_a-sbrkr.o)
                0x0800bbdc                _sbrk_r
 *(.glue_7)
 .glue_7        0x0800bbfc        0x0 linker stubs
 *(.glue_7t)
 .glue_7t       0x0800bbfc        0x0 linker stubs
 *(.eh_frame)
 .eh_frame      0x0800bbfc        0x0 /opt/st/stm32cubeide_1.18.0/plugins/com.st.stm32cube.ide.mcu.externaltools.gnu-tools-for-stm32.13.3.rel1.linux64_1.0.0.202410170706/tools/bin/../lib/gcc/arm-none-eabi/13.3.1/thumb/v7e-m+fp/hard/crtbegin.o
 *(.init)
 .init          0x0800bbfc        0x4 /opt/st/stm32cubeide_1.18.0/plugins/com.st.stm32cube.ide.mcu.externaltools.gnu-tools-for-stm32.13.3.rel1.linux64_1.0.0.202410170706/tools/bin/../lib/gcc/arm-none-eabi/13.3.1/thumb/v7e-m+fp/hard/crti.o
                0x0800bbfc                _init
 .init          0x0800bc00        0x8 /opt/st/stm32cubeide_1.18.0/plugins/com.st.stm32cube.ide.mcu.externaltools.gnu-tools-for-stm32.13.3.rel1.linux64_1.0.0.202410170706/tools/bin/../lib/gcc/arm-none-eabi/13.3.1/thumb/v7e-m+fp/hard/crtn.o
 *(.fini)
 .fini          0x0800bc08        0x4 /opt/st/stm32cubeide_1.18.0/plugins/com.st.stm32cube.ide.mcu.externaltools.gnu-tools-for-stm32.13.3.rel1.linux64_1.0.0.202410170706/tools/bin/../lib/gcc/arm-none-eabi/13.3.1/thumb/v7e-m+fp/hard/crti.o
                0x0800bc08                _fini
 .fini          0x0800bc0c        0x8 /opt/st/stm32cubeide_1.18.0/plugins/com.st.stm32cube.ide.mcu.externaltools.gnu-tools-for-stm32.13.3.rel1.linux64_1.0.0.202410170706/tools/bin/../lib/gcc/arm-none-eabi/13.3.1/thumb/v7e-m+fp/hard/crtn.o
                0x0800bc14                        . = ALIGN (0x4)
                0x0800bc14                        _etext = .

.vfp11_veneer   0x0800bc14        0x0
 .vfp11_veneer  0x0800bc14        0x0 linker stubs

.v4_bx          0x0800bc14        0x0
 .v4_bx         0x0800bc14        0x0 linker stubs

.iplt           0x0800bc14        0x0
 .iplt          0x0800bc14        0x0 /opt/st/stm32cubeide_1.18.0/plugins/com.st.stm32cube.ide.mcu.externaltools.gnu-tools-for-stm32.13.3.rel1.linux64_1.0.0.202410170706/tools/bin/../lib/gcc/arm-none-eabi/13.3.1/thumb/v7e-m+fp/hard/crtbegin.o

.rodata         0x0800bc18     0x6258
                0x0800bc18                        . = ALIGN (0x4)
 *(.rodata)
 .rodata        0x0800bc18      0x194 ./Core/Src/main_ranging.o
 .rodata        0x0800bdac      0x3d0 ./Drivers/SMTC_Drivers/DemoApp/Demo ranging/demoRanging.o
 *(.rodata*)
 .rodata.AHBPrescTable
                0x0800c17c       0x10 ./Core/Src/system_stm32l4xx.o
                0x0800c17c                AHBPrescTable
 .rodata.APBPrescTable
                0x0800c18c        0x8 ./Core/Src/system_stm32l4xx.o
                0x0800c18c                APBPrescTable
 .rodata.MSIRangeTable
                0x0800c194       0x30 ./Core/Src/system_stm32l4xx.o
                0x0800c194                MSIRangeTable
 .rodata.rangingChannels
                0x0800c1c4       0xa0 ./Drivers/SMTC_Drivers/DemoApp/Demo ranging/demoRanging.o
                0x0800c1c4                rangingChannels
 .rodata.RNG_CALIB_0400
                0x0800c264        0xc ./Drivers/SMTC_Drivers/DemoApp/Demo ranging/demoRanging.o
                0x0800c264                RNG_CALIB_0400
 .rodata.RNG_CALIB_0800
                0x0800c270        0xc ./Drivers/SMTC_Drivers/DemoApp/Demo ranging/demoRanging.o
                0x0800c270                RNG_CALIB_0800
 .rodata.RNG_CALIB_1600
                0x0800c27c        0xc ./Drivers/SMTC_Drivers/DemoApp/Demo ranging/demoRanging.o
                0x0800c27c                RNG_CALIB_1600
 .rodata.RNG_FGRAD_0400
                0x0800c288       0x30 ./Drivers/SMTC_Drivers/DemoApp/Demo ranging/demoRanging.o
                0x0800c288                RNG_FGRAD_0400
 .rodata.RNG_FGRAD_0800
                0x0800c2b8       0x30 ./Drivers/SMTC_Drivers/DemoApp/Demo ranging/demoRanging.o
                0x0800c2b8                RNG_FGRAD_0800
 .rodata.RNG_FGRAD_1600
                0x0800c2e8       0x30 ./Drivers/SMTC_Drivers/DemoApp/Demo ranging/demoRanging.o
                0x0800c2e8                RNG_FGRAD_1600
 .rodata.Radio  0x0800c318      0x11c ./Drivers/SMTC_Drivers/sx1280-driver-c/sx1280-hal.o
                0x0800c318                Radio
 *fill*         0x0800c434        0x4 
 .rodata.RangingCorrectionSF5BW0400
                0x0800c438      0x500 ./Drivers/SMTC_Drivers/sx1280-driver-c/sx1280.o
                0x0800c438                RangingCorrectionSF5BW0400
 .rodata.RangingCorrectionSF6BW0400
                0x0800c938      0x500 ./Drivers/SMTC_Drivers/sx1280-driver-c/sx1280.o
                0x0800c938                RangingCorrectionSF6BW0400
 .rodata.RangingCorrectionSF7BW0400
                0x0800ce38      0x500 ./Drivers/SMTC_Drivers/sx1280-driver-c/sx1280.o
                0x0800ce38                RangingCorrectionSF7BW0400
 .rodata.RangingCorrectionSF8BW0400
                0x0800d338      0x500 ./Drivers/SMTC_Drivers/sx1280-driver-c/sx1280.o
                0x0800d338                RangingCorrectionSF8BW0400
 .rodata.RangingCorrectionSF9BW0400
                0x0800d838      0x500 ./Drivers/SMTC_Drivers/sx1280-driver-c/sx1280.o
                0x0800d838                RangingCorrectionSF9BW0400
 .rodata.RangingCorrectionSF10BW0400
                0x0800dd38      0x500 ./Drivers/SMTC_Drivers/sx1280-driver-c/sx1280.o
                0x0800dd38                RangingCorrectionSF10BW0400
 .rodata.RangingCorrectionSF5BW0800
                0x0800e238      0x500 ./Drivers/SMTC_Drivers/sx1280-driver-c/sx1280.o
                0x0800e238                RangingCorrectionSF5BW0800
 .rodata.RangingCorrectionSF6BW0800
                0x0800e738      0x500 ./Drivers/SMTC_Drivers/sx1280-driver-c/sx1280.o
                0x0800e738                RangingCorrectionSF6BW0800
 .rodata.RangingCorrectionSF7BW0800
                0x0800ec38      0x500 ./Drivers/SMTC_Drivers/sx1280-driver-c/sx1280.o
                0x0800ec38                RangingCorrectionSF7BW0800
 .rodata.RangingCorrectionSF8BW0800
                0x0800f138      0x500 ./Drivers/SMTC_Drivers/sx1280-driver-c/sx1280.o
                0x0800f138                RangingCorrectionSF8BW0800
 .rodata.RangingCorrectionSF9BW0800
                0x0800f638      0x500 ./Drivers/SMTC_Drivers/sx1280-driver-c/sx1280.o
                0x0800f638                RangingCorrectionSF9BW0800
 .rodata.RangingCorrectionSF10BW0800
                0x0800fb38      0x500 ./Drivers/SMTC_Drivers/sx1280-driver-c/sx1280.o
                0x0800fb38                RangingCorrectionSF10BW0800
 .rodata.RangingCorrectionSF5BW1600
                0x08010038      0x500 ./Drivers/SMTC_Drivers/sx1280-driver-c/sx1280.o
                0x08010038                RangingCorrectionSF5BW1600
 .rodata.RangingCorrectionSF6BW1600
                0x08010538      0x500 ./Drivers/SMTC_Drivers/sx1280-driver-c/sx1280.o
                0x08010538                RangingCorrectionSF6BW1600
 .rodata.RangingCorrectionSF7BW1600
                0x08010a38      0x500 ./Drivers/SMTC_Drivers/sx1280-driver-c/sx1280.o
                0x08010a38                RangingCorrectionSF7BW1600
 .rodata.RangingCorrectionSF8BW1600
                0x08010f38      0x500 ./Drivers/SMTC_Drivers/sx1280-driver-c/sx1280.o
                0x08010f38                RangingCorrectionSF8BW1600
 .rodata.RangingCorrectionSF9BW1600
                0x08011438      0x500 ./Drivers/SMTC_Drivers/sx1280-driver-c/sx1280.o
                0x08011438                RangingCorrectionSF9BW1600
 .rodata.RangingCorrectionSF10BW1600
                0x08011938      0x500 ./Drivers/SMTC_Drivers/sx1280-driver-c/sx1280.o
                0x08011938                RangingCorrectionSF10BW1600
 .rodata.RadioRegsInit
                0x08011e38        0x4 ./Drivers/SMTC_Drivers/sx1280-driver-c/sx1280.o
                0x08011e38                RadioRegsInit
 .rodata._vfprintf_r.str1.1
                0x08011e3c       0x33 /opt/st/stm32cubeide_1.18.0/plugins/com.st.stm32cube.ide.mcu.externaltools.gnu-tools-for-stm32.13.3.rel1.linux64_1.0.0.202410170706/tools/bin/../lib/gcc/arm-none-eabi/13.3.1/../../../../arm-none-eabi/lib/thumb/v7e-m+fp/hard/libc_nano.a(libc_a-nano-vfprintf.o)
                                 0x11 (size before relaxing)
 .rodata._printf_i.str1.1
                0x08011e6f       0x22 /opt/st/stm32cubeide_1.18.0/plugins/com.st.stm32cube.ide.mcu.externaltools.gnu-tools-for-stm32.13.3.rel1.linux64_1.0.0.202410170706/tools/bin/../lib/gcc/arm-none-eabi/13.3.1/../../../../arm-none-eabi/lib/thumb/v7e-m+fp/hard/libc_nano.a(libc_a-nano-vfprintf_i.o)
                0x08011e94                        . = ALIGN (0x4)
 *fill*         0x08011e6f        0x1 

.ARM.extab      0x08011e70        0x0
                0x08011e70                        . = ALIGN (0x4)
 *(.ARM.extab* .gnu.linkonce.armextab.*)
                0x08011e70                        . = ALIGN (0x4)

.ARM            0x08011e70        0x8
                0x08011e70                        . = ALIGN (0x4)
                0x08011e70                        __exidx_start = .
 *(.ARM.exidx*)
 .ARM.exidx     0x08011e70        0x8 /opt/st/stm32cubeide_1.18.0/plugins/com.st.stm32cube.ide.mcu.externaltools.gnu-tools-for-stm32.13.3.rel1.linux64_1.0.0.202410170706/tools/bin/../lib/gcc/arm-none-eabi/13.3.1/../../../../arm-none-eabi/lib/thumb/v7e-m+fp/hard/libc_nano.a(libc_a-memchr.o)
 .ARM.exidx     0x08011e78        0x0 /opt/st/stm32cubeide_1.18.0/plugins/com.st.stm32cube.ide.mcu.externaltools.gnu-tools-for-stm32.13.3.rel1.linux64_1.0.0.202410170706/tools/bin/../lib/gcc/arm-none-eabi/13.3.1/thumb/v7e-m+fp/hard/libgcc.a(_udivmoddi4.o)
                                  0x8 (size before relaxing)
                0x08011e78                        __exidx_end = .
                0x08011e78                        . = ALIGN (0x4)

.preinit_array  0x08011e78        0x0
                0x08011e78                        . = ALIGN (0x4)
                0x08011e78                        PROVIDE (__preinit_array_start = .)
 *(.preinit_array*)
                0x08011e78                        PROVIDE (__preinit_array_end = .)
                0x08011e78                        . = ALIGN (0x4)

.init_array     0x08011e78        0x4
                0x08011e78                        . = ALIGN (0x4)
                0x08011e78                        PROVIDE (__init_array_start = .)
 *(SORT_BY_NAME(.init_array.*))
 *(.init_array*)
 .init_array    0x08011e78        0x4 /opt/st/stm32cubeide_1.18.0/plugins/com.st.stm32cube.ide.mcu.externaltools.gnu-tools-for-stm32.13.3.rel1.linux64_1.0.0.202410170706/tools/bin/../lib/gcc/arm-none-eabi/13.3.1/thumb/v7e-m+fp/hard/crtbegin.o
                0x08011e7c                        PROVIDE (__init_array_end = .)
                0x08011e7c                        . = ALIGN (0x4)

.fini_array     0x08011e7c        0x4
                0x08011e7c                        . = ALIGN (0x4)
                [!provide]                        PROVIDE (__fini_array_start = .)
 *(SORT_BY_NAME(.fini_array.*))
 *(.fini_array*)
 .fini_array    0x08011e7c        0x4 /opt/st/stm32cubeide_1.18.0/plugins/com.st.stm32cube.ide.mcu.externaltools.gnu-tools-for-stm32.13.3.rel1.linux64_1.0.0.202410170706/tools/bin/../lib/gcc/arm-none-eabi/13.3.1/thumb/v7e-m+fp/hard/crtbegin.o
                [!provide]                        PROVIDE (__fini_array_end = .)
                0x08011e80                        . = ALIGN (0x4)
                0x08011e80                        _sidata = LOADADDR (.data)

.rel.dyn        0x08011e80        0x0
 .rel.iplt      0x08011e80        0x0 /opt/st/stm32cubeide_1.18.0/plugins/com.st.stm32cube.ide.mcu.externaltools.gnu-tools-for-stm32.13.3.rel1.linux64_1.0.0.202410170706/tools/bin/../lib/gcc/arm-none-eabi/13.3.1/thumb/v7e-m+fp/hard/crtbegin.o

.data           0x20000000       0xdc load address 0x08011e80
                0x20000000                        . = ALIGN (0x4)
                0x20000000                        _sdata = .
 *(.data)
 *(.data*)
 .data.SystemCoreClock
                0x20000000        0x4 ./Core/Src/system_stm32l4xx.o
                0x20000000                SystemCoreClock
 .data.demoBufferSize
                0x20000004        0x1 ./Drivers/SMTC_Drivers/DemoApp/Demo ranging/demoRanging.o
 *fill*         0x20000005        0x3 
 .data.Callbacks
                0x20000008       0x24 ./Drivers/SMTC_Drivers/DemoApp/Demo ranging/demoRanging.o
                0x20000008                Callbacks
 .data.RangingCorrectionPerSfBwGain
                0x2000002c       0x48 ./Drivers/SMTC_Drivers/sx1280-driver-c/sx1280.o
                0x2000002c                RangingCorrectionPerSfBwGain
 .data.DioIrq   0x20000074        0x4 ./Drivers/SMTC_Drivers/sx1280-driver-c/sx1280.o
                0x20000074                DioIrq
 .data.uwTickPrio
                0x20000078        0x4 ./Drivers/STM32L4xx_HAL_Driver/Src/stm32l4xx_hal.o
                0x20000078                uwTickPrio
 .data.uwTickFreq
                0x2000007c        0x1 ./Drivers/STM32L4xx_HAL_Driver/Src/stm32l4xx_hal.o
                0x2000007c                uwTickFreq
 *fill*         0x2000007d        0x3 
 .data.__sglue  0x20000080        0xc /opt/st/stm32cubeide_1.18.0/plugins/com.st.stm32cube.ide.mcu.externaltools.gnu-tools-for-stm32.13.3.rel1.linux64_1.0.0.202410170706/tools/bin/../lib/gcc/arm-none-eabi/13.3.1/../../../../arm-none-eabi/lib/thumb/v7e-m+fp/hard/libc_nano.a(libc_a-findfp.o)
                0x20000080                __sglue
 .data._impure_ptr
                0x2000008c        0x4 /opt/st/stm32cubeide_1.18.0/plugins/com.st.stm32cube.ide.mcu.externaltools.gnu-tools-for-stm32.13.3.rel1.linux64_1.0.0.202410170706/tools/bin/../lib/gcc/arm-none-eabi/13.3.1/../../../../arm-none-eabi/lib/thumb/v7e-m+fp/hard/libc_nano.a(libc_a-impure.o)
                0x2000008c                _impure_ptr
 .data._impure_data
                0x20000090       0x4c /opt/st/stm32cubeide_1.18.0/plugins/com.st.stm32cube.ide.mcu.externaltools.gnu-tools-for-stm32.13.3.rel1.linux64_1.0.0.202410170706/tools/bin/../lib/gcc/arm-none-eabi/13.3.1/../../../../arm-none-eabi/lib/thumb/v7e-m+fp/hard/libc_nano.a(libc_a-impure.o)
                0x20000090                _impure_data
 *(.RamFunc)
 *(.RamFunc*)
                0x200000dc                        . = ALIGN (0x4)
                0x200000dc                        _edata = .

.igot.plt       0x200000dc        0x0 load address 0x08011f5c
 .igot.plt      0x200000dc        0x0 /opt/st/stm32cubeide_1.18.0/plugins/com.st.stm32cube.ide.mcu.externaltools.gnu-tools-for-stm32.13.3.rel1.linux64_1.0.0.202410170706/tools/bin/../lib/gcc/arm-none-eabi/13.3.1/thumb/v7e-m+fp/hard/crtbegin.o
                0x200000dc                        . = ALIGN (0x4)

.bss            0x200000e0     0x37f4 load address 0x08011f5c
                0x200000e0                        _sbss = .
                0x200000e0                        __bss_start__ = _sbss
 *(.bss)
 .bss           0x200000e0       0x1c /opt/st/stm32cubeide_1.18.0/plugins/com.st.stm32cube.ide.mcu.externaltools.gnu-tools-for-stm32.13.3.rel1.linux64_1.0.0.202410170706/tools/bin/../lib/gcc/arm-none-eabi/13.3.1/thumb/v7e-m+fp/hard/crtbegin.o
 *(.bss*)
 .bss.hi2c1     0x200000fc       0x54 ./Core/Src/i2c.o
                0x200000fc                hi2c1
 .bss.hlptim1   0x20000150       0x38 ./Core/Src/lptim.o
                0x20000150                hlptim1
 .bss.hrtc      0x20000188       0x24 ./Core/Src/rtc.o
                0x20000188                hrtc
 .bss.hspi1     0x200001ac       0x64 ./Core/Src/spi.o
                0x200001ac                hspi1
 .bss.__sbrk_heap_end
                0x20000210        0x4 ./Core/Src/sysmem.o
 .bss.huart1    0x20000214       0x88 ./Core/Src/usart.o
                0x20000214                huart1
 .bss.huart2    0x2000029c       0x88 ./Core/Src/usart.o
                0x2000029c                huart2
 *fill*         0x20000324        0x4 
 .bss.DemoSettings
                0x20000328       0x28 ./Drivers/SMTC_Drivers/DemoApp/Demo ranging/demoRanging.o
                0x20000328                DemoSettings
 .bss.DemoResults
                0x20000350     0x1120 ./Drivers/SMTC_Drivers/DemoApp/Demo ranging/demoRanging.o
                0x20000350                DemoResults
 .bss.demoReady
                0x20001470        0x1 ./Drivers/SMTC_Drivers/DemoApp/Demo ranging/demoRanging.o
 .bss.demoStatus
                0x20001471        0x1 ./Drivers/SMTC_Drivers/DemoApp/Demo ranging/demoRanging.o
 *fill*         0x20001472        0x2 
 .bss.modulationParams
                0x20001474        0xd ./Drivers/SMTC_Drivers/DemoApp/Demo ranging/demoRanging.o
 *fill*         0x20001481        0x3 
 .bss.packetParams
                0x20001484       0x18 ./Drivers/SMTC_Drivers/DemoApp/Demo ranging/demoRanging.o
 .bss.demoRunning
                0x2000149c        0x1 ./Drivers/SMTC_Drivers/DemoApp/Demo ranging/demoRanging.o
 .bss.demoInternalState
                0x2000149d        0x1 ./Drivers/SMTC_Drivers/DemoApp/Demo ranging/demoRanging.o
 .bss.currentChannel
                0x2000149e        0x1 ./Drivers/SMTC_Drivers/DemoApp/Demo ranging/demoRanging.o
 *fill*         0x2000149f        0x1 
 .bss.measuredChannels
                0x200014a0        0x2 ./Drivers/SMTC_Drivers/DemoApp/Demo ranging/demoRanging.o
 *fill*         0x200014a2        0x2 
 .bss.demoBuffer
                0x200014a4       0xff ./Drivers/SMTC_Drivers/DemoApp/Demo ranging/demoRanging.o
 .bss.SendNext  0x200015a3        0x1 ./Drivers/SMTC_Drivers/DemoApp/Demo ranging/demoRanging.o
 .bss.gpioIrq   0x200015a4       0x40 ./Drivers/SMTC_Drivers/hw-hal/src/hw-gpio.o
 .bss.I2c1_Instance
                0x200015e4       0x70 ./Drivers/SMTC_Drivers/hw-hal/src/hw-i2c.o
                0x200015e4                I2c1_Instance
 .bss.i2cInternalAddrSize
                0x20001654        0x1 ./Drivers/SMTC_Drivers/hw-hal/src/hw-i2c.o
 .bss.prescaler
                0x20001655        0x1 ./Drivers/SMTC_Drivers/hw-hal/src/hw-lptim.o
                0x20001655                prescaler
 *fill*         0x20001656        0x2 
 .bss.LPTimerStruct
                0x20001658       0x38 ./Drivers/SMTC_Drivers/hw-hal/src/hw-lptim.o
                0x20001658                LPTimerStruct
 .bss.isLPTIMInitialised
                0x20001690        0x1 ./Drivers/SMTC_Drivers/hw-hal/src/hw-lptim.o
                0x20001690                isLPTIMInitialised
 *fill*         0x20001691        0x3 
 .bss.timerFunction
                0x20001694        0x4 ./Drivers/SMTC_Drivers/hw-hal/src/hw-lptim.o
                0x20001694                timerFunction
 .bss.timerParam
                0x20001698        0x4 ./Drivers/SMTC_Drivers/hw-hal/src/hw-lptim.o
                0x20001698                timerParam
 .bss.RadioSpiHandle
                0x2000169c       0x64 ./Drivers/SMTC_Drivers/hw-hal/src/hw-spi.o
                0x2000169c                RadioSpiHandle
 .bss.gUartState
                0x20001700        0x1 ./Drivers/SMTC_Drivers/hw-hal/src/hw-usart.o
                0x20001700                gUartState
 *fill*         0x20001701        0x3 
 .bss.gUartCallback
                0x20001704        0x4 ./Drivers/SMTC_Drivers/hw-hal/src/hw-usart.o
                0x20001704                gUartCallback
 .bss.txUartBufferIndex
                0x20001708        0x2 ./Drivers/SMTC_Drivers/hw-hal/src/hw-usart.o
                0x20001708                txUartBufferIndex
 *fill*         0x2000170a        0x2 
 .bss.uartBuffer
                0x2000170c       0x64 ./Drivers/SMTC_Drivers/hw-hal/src/hw-usart.o
                0x2000170c                uartBuffer
 .bss.i2cDeviceAddr
                0x20001770        0x1 ./Drivers/SMTC_Drivers/peripherals/sx9306/sx9306.o
 *fill*         0x20001771        0x3 
 .bss.readDataBuffer
                0x20001774        0x2 ./Drivers/SMTC_Drivers/peripherals/sx9306/sx9306.o
 *fill*         0x20001776        0x2 
 .bss.writeDataBuffer
                0x20001778        0x2 ./Drivers/SMTC_Drivers/peripherals/sx9306/sx9306.o
 *fill*         0x2000177a        0x2 
 .bss.halTxBuffer
                0x2000177c      0xfff ./Drivers/SMTC_Drivers/sx1280-driver-c/sx1280-hal.o
 *fill*         0x2000277b        0x1 
 .bss.halRxBuffer
                0x2000277c      0xfff ./Drivers/SMTC_Drivers/sx1280-driver-c/sx1280-hal.o
 .bss.OperatingMode
                0x2000377b        0x1 ./Drivers/SMTC_Drivers/sx1280-driver-c/sx1280.o
 .bss.PacketType
                0x2000377c        0x1 ./Drivers/SMTC_Drivers/sx1280-driver-c/sx1280.o
 .bss.LoRaBandwidth
                0x2000377d        0x1 ./Drivers/SMTC_Drivers/sx1280-driver-c/sx1280.o
 .bss.PollingMode
                0x2000377e        0x1 ./Drivers/SMTC_Drivers/sx1280-driver-c/sx1280.o
 .bss.IrqState  0x2000377f        0x1 ./Drivers/SMTC_Drivers/sx1280-driver-c/sx1280.o
 .bss.RadioCallbacks
                0x20003780        0x4 ./Drivers/SMTC_Drivers/sx1280-driver-c/sx1280.o
 .bss.uwTick    0x20003784        0x4 ./Drivers/STM32L4xx_HAL_Driver/Src/stm32l4xx_hal.o
                0x20003784                uwTick
 .bss.__sf      0x20003788      0x138 /opt/st/stm32cubeide_1.18.0/plugins/com.st.stm32cube.ide.mcu.externaltools.gnu-tools-for-stm32.13.3.rel1.linux64_1.0.0.202410170706/tools/bin/../lib/gcc/arm-none-eabi/13.3.1/../../../../arm-none-eabi/lib/thumb/v7e-m+fp/hard/libc_nano.a(libc_a-findfp.o)
                0x20003788                __sf
 .bss.__stdio_exit_handler
                0x200038c0        0x4 /opt/st/stm32cubeide_1.18.0/plugins/com.st.stm32cube.ide.mcu.externaltools.gnu-tools-for-stm32.13.3.rel1.linux64_1.0.0.202410170706/tools/bin/../lib/gcc/arm-none-eabi/13.3.1/../../../../arm-none-eabi/lib/thumb/v7e-m+fp/hard/libc_nano.a(libc_a-findfp.o)
                0x200038c0                __stdio_exit_handler
 .bss.errno     0x200038c4        0x4 /opt/st/stm32cubeide_1.18.0/plugins/com.st.stm32cube.ide.mcu.externaltools.gnu-tools-for-stm32.13.3.rel1.linux64_1.0.0.202410170706/tools/bin/../lib/gcc/arm-none-eabi/13.3.1/../../../../arm-none-eabi/lib/thumb/v7e-m+fp/hard/libc_nano.a(libc_a-reent.o)
                0x200038c4                errno
 .bss.__lock___malloc_recursive_mutex