../Drivers/SMTC_Drivers/sx1280-driver-c/sx1280.c:76:9:SX1280complement2	24	static
../Drivers/SMTC_Drivers/sx1280-driver-c/sx1280.c:86:6:SX1280Init	16	static
../Drivers/SMTC_Drivers/sx1280-driver-c/sx1280.c:93:6:SX1280SetRegistersDefault	16	static
../Drivers/SMTC_Drivers/sx1280-driver-c/sx1280.c:101:10:SX1280GetFirmwareVersion	16	static
../Drivers/SMTC_Drivers/sx1280-driver-c/sx1280.c:106:15:SX1280GetStatus	16	static
../Drivers/SMTC_Drivers/sx1280-driver-c/sx1280.c:116:23:SX1280GetOpMode	4	static
../Drivers/SMTC_Drivers/sx1280-driver-c/sx1280.c:121:6:SX1280SetSleep	24	static
../Drivers/SMTC_Drivers/sx1280-driver-c/sx1280.c:132:6:SX1280SetStandby	16	static
../Drivers/SMTC_Drivers/sx1280-driver-c/sx1280.c:145:6:SX1280SetFs	8	static
../Drivers/SMTC_Drivers/sx1280-driver-c/sx1280.c:151:6:SX1280SetTx	24	static
../Drivers/SMTC_Drivers/sx1280-driver-c/sx1280.c:170:6:SX1280SetRx	24	static
../Drivers/SMTC_Drivers/sx1280-driver-c/sx1280.c:189:6:SX1280SetRxDutyCycle	24	static
../Drivers/SMTC_Drivers/sx1280-driver-c/sx1280.c:202:6:SX1280SetCad	8	static
../Drivers/SMTC_Drivers/sx1280-driver-c/sx1280.c:208:6:SX1280SetTxContinuousWave	8	static
../Drivers/SMTC_Drivers/sx1280-driver-c/sx1280.c:213:6:SX1280SetTxContinuousPreamble	8	static
../Drivers/SMTC_Drivers/sx1280-driver-c/sx1280.c:218:6:SX1280SetPacketType	16	static
../Drivers/SMTC_Drivers/sx1280-driver-c/sx1280.c:226:20:SX1280GetPacketType	4	static
../Drivers/SMTC_Drivers/sx1280-driver-c/sx1280.c:231:6:SX1280SetRfFrequency	24	static
../Drivers/SMTC_Drivers/sx1280-driver-c/sx1280.c:243:6:SX1280SetTxParams	24	static
../Drivers/SMTC_Drivers/sx1280-driver-c/sx1280.c:254:6:SX1280SetCadParams	16	static
../Drivers/SMTC_Drivers/sx1280-driver-c/sx1280.c:260:6:SX1280SetBufferBaseAddresses	24	static
../Drivers/SMTC_Drivers/sx1280-driver-c/sx1280.c:269:6:SX1280SetModulationParams	24	static
../Drivers/SMTC_Drivers/sx1280-driver-c/sx1280.c:317:6:SX1280SetPacketParams	24	static
../Drivers/SMTC_Drivers/sx1280-driver-c/sx1280.c:384:6:SX1280GetRxBufferStatus	24	static
../Drivers/SMTC_Drivers/sx1280-driver-c/sx1280.c:410:6:SX1280GetPacketStatus	24	static
../Drivers/SMTC_Drivers/sx1280-driver-c/sx1280.c:502:8:SX1280GetRssiInst	16	static
../Drivers/SMTC_Drivers/sx1280-driver-c/sx1280.c:511:6:SX1280SetDioIrqParams	32	static
../Drivers/SMTC_Drivers/sx1280-driver-c/sx1280.c:526:10:SX1280GetIrqStatus	16	static
../Drivers/SMTC_Drivers/sx1280-driver-c/sx1280.c:535:6:SX1280ClearIrqStatus	24	static
../Drivers/SMTC_Drivers/sx1280-driver-c/sx1280.c:544:6:SX1280Calibrate	24	static
../Drivers/SMTC_Drivers/sx1280-driver-c/sx1280.c:556:6:SX1280SetRegulatorMode	16	static
../Drivers/SMTC_Drivers/sx1280-driver-c/sx1280.c:561:6:SX1280SetSaveContext	8	static
../Drivers/SMTC_Drivers/sx1280-driver-c/sx1280.c:566:6:SX1280SetAutoTx	24	static
../Drivers/SMTC_Drivers/sx1280-driver-c/sx1280.c:576:6:SX1280StopAutoTx	16	static
../Drivers/SMTC_Drivers/sx1280-driver-c/sx1280.c:582:6:SX1280SetAutoFS	16	static
../Drivers/SMTC_Drivers/sx1280-driver-c/sx1280.c:587:6:SX1280SetLongPreamble	16	static
../Drivers/SMTC_Drivers/sx1280-driver-c/sx1280.c:592:6:SX1280SetPayload	16	static
../Drivers/SMTC_Drivers/sx1280-driver-c/sx1280.c:597:9:SX1280GetPayload	32	static
../Drivers/SMTC_Drivers/sx1280-driver-c/sx1280.c:610:6:SX1280SendPayload	24	static
../Drivers/SMTC_Drivers/sx1280-driver-c/sx1280.c:616:9:SX1280SetSyncWord	24	static
../Drivers/SMTC_Drivers/sx1280-driver-c/sx1280.c:689:6:SX1280SetSyncWordErrorTolerance	16	static
../Drivers/SMTC_Drivers/sx1280-driver-c/sx1280.c:695:6:SX1280SetCrcSeed	24	static
../Drivers/SMTC_Drivers/sx1280-driver-c/sx1280.c:714:6:SX1280SetBleAccessAddress	16	static
../Drivers/SMTC_Drivers/sx1280-driver-c/sx1280.c:722:6:SX1280SetBleAdvertizerAccessAddress	8	static
../Drivers/SMTC_Drivers/sx1280-driver-c/sx1280.c:727:6:SX1280SetCrcPolynomial	24	static
../Drivers/SMTC_Drivers/sx1280-driver-c/sx1280.c:746:6:SX1280SetWhiteningSeed	16	static
../Drivers/SMTC_Drivers/sx1280-driver-c/sx1280.c:761:6:SX1280EnableManualGain	8	static
../Drivers/SMTC_Drivers/sx1280-driver-c/sx1280.c:767:6:SX1280DisableManualGain	8	static
../Drivers/SMTC_Drivers/sx1280-driver-c/sx1280.c:773:6:SX1280SetManualGainValue	16	static
../Drivers/SMTC_Drivers/sx1280-driver-c/sx1280.c:778:6:SX1280SetLNAGainSetting	16	static
../Drivers/SMTC_Drivers/sx1280-driver-c/sx1280.c:795:6:SX1280SetRangingIdLength	24	static
../Drivers/SMTC_Drivers/sx1280-driver-c/sx1280.c:808:6:SX1280SetDeviceRangingAddress	24	static
../Drivers/SMTC_Drivers/sx1280-driver-c/sx1280.c:823:6:SX1280SetRangingRequestAddress	24	static
../Drivers/SMTC_Drivers/sx1280-driver-c/sx1280.c:838:8:SX1280GetRangingResult	40	static
../Drivers/SMTC_Drivers/sx1280-driver-c/sx1280.c:877:9:SX1280GetRangingPowerDeltaThresholdIndicator	8	static
../Drivers/SMTC_Drivers/sx1280-driver-c/sx1280.c:885:6:SX1280SetRangingCalibration	16	static
../Drivers/SMTC_Drivers/sx1280-driver-c/sx1280.c:899:6:SX1280RangingClearFilterResult	16	static
../Drivers/SMTC_Drivers/sx1280-driver-c/sx1280.c:908:6:SX1280RangingSetFilterNumSamples	16	static
../Drivers/SMTC_Drivers/sx1280-driver-c/sx1280.c:914:8:SX1280ParseHexFileLine	296	static
../Drivers/SMTC_Drivers/sx1280-driver-c/sx1280.c:943:6:SX1280SetRangingRole	24	static
../Drivers/SMTC_Drivers/sx1280-driver-c/sx1280.c:951:8:SX1280GetHexFileLineFields	40	static
../Drivers/SMTC_Drivers/sx1280-driver-c/sx1280.c:1012:8:SX1280GetFrequencyError	32	static
../Drivers/SMTC_Drivers/sx1280-driver-c/sx1280.c:1041:6:SX1280SetPollingMode	4	static
../Drivers/SMTC_Drivers/sx1280-driver-c/sx1280.c:1046:9:SX1280GetLoRaBandwidth	16	static
../Drivers/SMTC_Drivers/sx1280-driver-c/sx1280.c:1074:8:SX1280GetRangingCorrectionPerSfBwGain	32	static
../Drivers/SMTC_Drivers/sx1280-driver-c/sx1280.c:1119:8:SX1280ComputeRangingCorrectionPolynome	64	static
../Drivers/SMTC_Drivers/sx1280-driver-c/sx1280.c:1169:6:SX1280SetInterruptMode	4	static
../Drivers/SMTC_Drivers/sx1280-driver-c/sx1280.c:1174:6:SX1280OnDioIrq	8	static
../Drivers/SMTC_Drivers/sx1280-driver-c/sx1280.c:1191:6:SX1280ProcessIrqs	16	static,ignoring_inline_asm
