../Drivers/CMSIS/Include/core_cm4.h:1679:22:__NVIC_EnableIRQ	16	static,ignoring_inline_asm
../Drivers/CMSIS/Include/core_cm4.h:1809:22:__NVIC_SetPriority	16	static
../Drivers/SMTC_Drivers/hw-hal/src/hw-lptim.c:71:6:TimerCreateTimer	32	static
../Drivers/SMTC_Drivers/hw-hal/src/hw-lptim.c:125:6:TimerCancelTimer	4	static
../Drivers/SMTC_Drivers/hw-hal/src/hw-lptim.c:135:6:LPTIM1_IRQHandler	8	static
../Drivers/SMTC_Drivers/hw-hal/src/hw-lptim.c:140:6:HAL_LPTIM_CompareMatchCallback	16	static
../Drivers/SMTC_Drivers/hw-hal/src/hw-lptim.c:152:13:TimerLptimConfig	152	static
