../Drivers/SMTC_Drivers/hw-hal/src/hw-usart.c:97:6:UartInit	16	static
../Drivers/SMTC_Drivers/hw-hal/src/hw-usart.c:110:6:UartDeInit	8	static
../Drivers/SMTC_Drivers/hw-hal/src/hw-usart.c:124:9:UartEnableFlowControl	16	static
../Drivers/SMTC_Drivers/hw-hal/src/hw-usart.c:147:1:__io_putchar	16	static
../Drivers/SMTC_Drivers/hw-hal/src/hw-usart.c:166:9:UartSend	16	static
../Drivers/SMTC_Drivers/hw-hal/src/hw-usart.c:197:9:UartStopSending	8	static
../Drivers/SMTC_Drivers/hw-hal/src/hw-usart.c:215:9:UartReceive	8	static
../Drivers/SMTC_Drivers/hw-hal/src/hw-usart.c:239:9:UartStopReceiving	8	static
../Drivers/SMTC_Drivers/hw-hal/src/hw-usart.c:265:6:HAL_UART_TxCpltCallback	16	static
../Drivers/SMTC_Drivers/hw-hal/src/hw-usart.c:287:6:HAL_UART_RxCpltCallback	16	static
../Drivers/SMTC_Drivers/hw-hal/src/hw-usart.c:298:6:HAL_UART_AbortTransmitCpltCallback	16	static
../Drivers/SMTC_Drivers/hw-hal/src/hw-usart.c:312:6:HAL_UART_AbortReceiveCpltCallback	16	static
../Drivers/SMTC_Drivers/hw-hal/src/hw-usart.c:325:13:UartReceiveComplete	32	static
