10:35:01 **** Build of configuration Debug for project SX1280_L476RG_DemoApp ****
make -j22 all 
arm-none-eabi-gcc "../Drivers/STM32L4xx_HAL_Driver/Src/stm32l4xx_hal.c" -mcpu=cortex-m4 -std=gnu11 -g3 -DDEBUG -DUSE_HAL_DRIVER -DSTM32L476xx -c -I../Core/Inc -I../Drivers/STM32L4xx_HAL_Driver/Inc -I../Drivers/STM32L4xx_HAL_Driver/Inc/Legacy -I../Drivers/CMSIS/Device/ST/STM32L4xx/Include -I../Drivers/CMSIS/Include -I../Drivers/SMTC_Drivers/hw-hal/inc -I../Drivers/SMTC_Drivers/hw-hal/inc/boards -I../Drivers/SMTC_Drivers/sx1280-driver-c -I"../Drivers/SMTC_Drivers/DemoApp/Demo ranging" -I../Drivers/SMTC_Drivers/peripherals/sx9306 -I../Drivers/SMTC_Drivers/peripherals/rf_switch -I../Drivers/SMTC_Drivers -O0 -ffunction-sections -fdata-sections -Wall -fstack-usage -fcyclomatic-complexity -MMD -MP -MF"Drivers/STM32L4xx_HAL_Driver/Src/stm32l4xx_hal.d" -MT"Drivers/STM32L4xx_HAL_Driver/Src/stm32l4xx_hal.o" --specs=nano.specs -mfpu=fpv4-sp-d16 -mfloat-abi=hard -mthumb -o "Drivers/STM32L4xx_HAL_Driver/Src/stm32l4xx_hal.o"
arm-none-eabi-gcc "../Drivers/STM32L4xx_HAL_Driver/Src/stm32l4xx_hal_cortex.c" -mcpu=cortex-m4 -std=gnu11 -g3 -DDEBUG -DUSE_HAL_DRIVER -DSTM32L476xx -c -I../Core/Inc -I../Drivers/STM32L4xx_HAL_Driver/Inc -I../Drivers/STM32L4xx_HAL_Driver/Inc/Legacy -I../Drivers/CMSIS/Device/ST/STM32L4xx/Include -I../Drivers/CMSIS/Include -I../Drivers/SMTC_Drivers/hw-hal/inc -I../Drivers/SMTC_Drivers/hw-hal/inc/boards -I../Drivers/SMTC_Drivers/sx1280-driver-c -I"../Drivers/SMTC_Drivers/DemoApp/Demo ranging" -I../Drivers/SMTC_Drivers/peripherals/sx9306 -I../Drivers/SMTC_Drivers/peripherals/rf_switch -I../Drivers/SMTC_Drivers -O0 -ffunction-sections -fdata-sections -Wall -fstack-usage -fcyclomatic-complexity -MMD -MP -MF"Drivers/STM32L4xx_HAL_Driver/Src/stm32l4xx_hal_cortex.d" -MT"Drivers/STM32L4xx_HAL_Driver/Src/stm32l4xx_hal_cortex.o" --specs=nano.specs -mfpu=fpv4-sp-d16 -mfloat-abi=hard -mthumb -o "Drivers/STM32L4xx_HAL_Driver/Src/stm32l4xx_hal_cortex.o"
arm-none-eabi-gcc "../Drivers/STM32L4xx_HAL_Driver/Src/stm32l4xx_hal_dma.c" -mcpu=cortex-m4 -std=gnu11 -g3 -DDEBUG -DUSE_HAL_DRIVER -DSTM32L476xx -c -I../Core/Inc -I../Drivers/STM32L4xx_HAL_Driver/Inc -I../Drivers/STM32L4xx_HAL_Driver/Inc/Legacy -I../Drivers/CMSIS/Device/ST/STM32L4xx/Include -I../Drivers/CMSIS/Include -I../Drivers/SMTC_Drivers/hw-hal/inc -I../Drivers/SMTC_Drivers/hw-hal/inc/boards -I../Drivers/SMTC_Drivers/sx1280-driver-c -I"../Drivers/SMTC_Drivers/DemoApp/Demo ranging" -I../Drivers/SMTC_Drivers/peripherals/sx9306 -I../Drivers/SMTC_Drivers/peripherals/rf_switch -I../Drivers/SMTC_Drivers -O0 -ffunction-sections -fdata-sections -Wall -fstack-usage -fcyclomatic-complexity -MMD -MP -MF"Drivers/STM32L4xx_HAL_Driver/Src/stm32l4xx_hal_dma.d" -MT"Drivers/STM32L4xx_HAL_Driver/Src/stm32l4xx_hal_dma.o" --specs=nano.specs -mfpu=fpv4-sp-d16 -mfloat-abi=hard -mthumb -o "Drivers/STM32L4xx_HAL_Driver/Src/stm32l4xx_hal_dma.o"
arm-none-eabi-gcc "../Drivers/STM32L4xx_HAL_Driver/Src/stm32l4xx_hal_dma_ex.c" -mcpu=cortex-m4 -std=gnu11 -g3 -DDEBUG -DUSE_HAL_DRIVER -DSTM32L476xx -c -I../Core/Inc -I../Drivers/STM32L4xx_HAL_Driver/Inc -I../Drivers/STM32L4xx_HAL_Driver/Inc/Legacy -I../Drivers/CMSIS/Device/ST/STM32L4xx/Include -I../Drivers/CMSIS/Include -I../Drivers/SMTC_Drivers/hw-hal/inc -I../Drivers/SMTC_Drivers/hw-hal/inc/boards -I../Drivers/SMTC_Drivers/sx1280-driver-c -I"../Drivers/SMTC_Drivers/DemoApp/Demo ranging" -I../Drivers/SMTC_Drivers/peripherals/sx9306 -I../Drivers/SMTC_Drivers/peripherals/rf_switch -I../Drivers/SMTC_Drivers -O0 -ffunction-sections -fdata-sections -Wall -fstack-usage -fcyclomatic-complexity -MMD -MP -MF"Drivers/STM32L4xx_HAL_Driver/Src/stm32l4xx_hal_dma_ex.d" -MT"Drivers/STM32L4xx_HAL_Driver/Src/stm32l4xx_hal_dma_ex.o" --specs=nano.specs -mfpu=fpv4-sp-d16 -mfloat-abi=hard -mthumb -o "Drivers/STM32L4xx_HAL_Driver/Src/stm32l4xx_hal_dma_ex.o"
arm-none-eabi-gcc "../Drivers/STM32L4xx_HAL_Driver/Src/stm32l4xx_hal_exti.c" -mcpu=cortex-m4 -std=gnu11 -g3 -DDEBUG -DUSE_HAL_DRIVER -DSTM32L476xx -c -I../Core/Inc -I../Drivers/STM32L4xx_HAL_Driver/Inc -I../Drivers/STM32L4xx_HAL_Driver/Inc/Legacy -I../Drivers/CMSIS/Device/ST/STM32L4xx/Include -I../Drivers/CMSIS/Include -I../Drivers/SMTC_Drivers/hw-hal/inc -I../Drivers/SMTC_Drivers/hw-hal/inc/boards -I../Drivers/SMTC_Drivers/sx1280-driver-c -I"../Drivers/SMTC_Drivers/DemoApp/Demo ranging" -I../Drivers/SMTC_Drivers/peripherals/sx9306 -I../Drivers/SMTC_Drivers/peripherals/rf_switch -I../Drivers/SMTC_Drivers -O0 -ffunction-sections -fdata-sections -Wall -fstack-usage -fcyclomatic-complexity -MMD -MP -MF"Drivers/STM32L4xx_HAL_Driver/Src/stm32l4xx_hal_exti.d" -MT"Drivers/STM32L4xx_HAL_Driver/Src/stm32l4xx_hal_exti.o" --specs=nano.specs -mfpu=fpv4-sp-d16 -mfloat-abi=hard -mthumb -o "Drivers/STM32L4xx_HAL_Driver/Src/stm32l4xx_hal_exti.o"
arm-none-eabi-gcc "../Drivers/STM32L4xx_HAL_Driver/Src/stm32l4xx_hal_flash.c" -mcpu=cortex-m4 -std=gnu11 -g3 -DDEBUG -DUSE_HAL_DRIVER -DSTM32L476xx -c -I../Core/Inc -I../Drivers/STM32L4xx_HAL_Driver/Inc -I../Drivers/STM32L4xx_HAL_Driver/Inc/Legacy -I../Drivers/CMSIS/Device/ST/STM32L4xx/Include -I../Drivers/CMSIS/Include -I../Drivers/SMTC_Drivers/hw-hal/inc -I../Drivers/SMTC_Drivers/hw-hal/inc/boards -I../Drivers/SMTC_Drivers/sx1280-driver-c -I"../Drivers/SMTC_Drivers/DemoApp/Demo ranging" -I../Drivers/SMTC_Drivers/peripherals/sx9306 -I../Drivers/SMTC_Drivers/peripherals/rf_switch -I../Drivers/SMTC_Drivers -O0 -ffunction-sections -fdata-sections -Wall -fstack-usage -fcyclomatic-complexity -MMD -MP -MF"Drivers/STM32L4xx_HAL_Driver/Src/stm32l4xx_hal_flash.d" -MT"Drivers/STM32L4xx_HAL_Driver/Src/stm32l4xx_hal_flash.o" --specs=nano.specs -mfpu=fpv4-sp-d16 -mfloat-abi=hard -mthumb -o "Drivers/STM32L4xx_HAL_Driver/Src/stm32l4xx_hal_flash.o"
arm-none-eabi-gcc "../Drivers/STM32L4xx_HAL_Driver/Src/stm32l4xx_hal_flash_ex.c" -mcpu=cortex-m4 -std=gnu11 -g3 -DDEBUG -DUSE_HAL_DRIVER -DSTM32L476xx -c -I../Core/Inc -I../Drivers/STM32L4xx_HAL_Driver/Inc -I../Drivers/STM32L4xx_HAL_Driver/Inc/Legacy -I../Drivers/CMSIS/Device/ST/STM32L4xx/Include -I../Drivers/CMSIS/Include -I../Drivers/SMTC_Drivers/hw-hal/inc -I../Drivers/SMTC_Drivers/hw-hal/inc/boards -I../Drivers/SMTC_Drivers/sx1280-driver-c -I"../Drivers/SMTC_Drivers/DemoApp/Demo ranging" -I../Drivers/SMTC_Drivers/peripherals/sx9306 -I../Drivers/SMTC_Drivers/peripherals/rf_switch -I../Drivers/SMTC_Drivers -O0 -ffunction-sections -fdata-sections -Wall -fstack-usage -fcyclomatic-complexity -MMD -MP -MF"Drivers/STM32L4xx_HAL_Driver/Src/stm32l4xx_hal_flash_ex.d" -MT"Drivers/STM32L4xx_HAL_Driver/Src/stm32l4xx_hal_flash_ex.o" --specs=nano.specs -mfpu=fpv4-sp-d16 -mfloat-abi=hard -mthumb -o "Drivers/STM32L4xx_HAL_Driver/Src/stm32l4xx_hal_flash_ex.o"
arm-none-eabi-gcc "../Drivers/STM32L4xx_HAL_Driver/Src/stm32l4xx_hal_flash_ramfunc.c" -mcpu=cortex-m4 -std=gnu11 -g3 -DDEBUG -DUSE_HAL_DRIVER -DSTM32L476xx -c -I../Core/Inc -I../Drivers/STM32L4xx_HAL_Driver/Inc -I../Drivers/STM32L4xx_HAL_Driver/Inc/Legacy -I../Drivers/CMSIS/Device/ST/STM32L4xx/Include -I../Drivers/CMSIS/Include -I../Drivers/SMTC_Drivers/hw-hal/inc -I../Drivers/SMTC_Drivers/hw-hal/inc/boards -I../Drivers/SMTC_Drivers/sx1280-driver-c -I"../Drivers/SMTC_Drivers/DemoApp/Demo ranging" -I../Drivers/SMTC_Drivers/peripherals/sx9306 -I../Drivers/SMTC_Drivers/peripherals/rf_switch -I../Drivers/SMTC_Drivers -O0 -ffunction-sections -fdata-sections -Wall -fstack-usage -fcyclomatic-complexity -MMD -MP -MF"Drivers/STM32L4xx_HAL_Driver/Src/stm32l4xx_hal_flash_ramfunc.d" -MT"Drivers/STM32L4xx_HAL_Driver/Src/stm32l4xx_hal_flash_ramfunc.o" --specs=nano.specs -mfpu=fpv4-sp-d16 -mfloat-abi=hard -mthumb -o "Drivers/STM32L4xx_HAL_Driver/Src/stm32l4xx_hal_flash_ramfunc.o"
arm-none-eabi-gcc "../Drivers/STM32L4xx_HAL_Driver/Src/stm32l4xx_hal_gpio.c" -mcpu=cortex-m4 -std=gnu11 -g3 -DDEBUG -DUSE_HAL_DRIVER -DSTM32L476xx -c -I../Core/Inc -I../Drivers/STM32L4xx_HAL_Driver/Inc -I../Drivers/STM32L4xx_HAL_Driver/Inc/Legacy -I../Drivers/CMSIS/Device/ST/STM32L4xx/Include -I../Drivers/CMSIS/Include -I../Drivers/SMTC_Drivers/hw-hal/inc -I../Drivers/SMTC_Drivers/hw-hal/inc/boards -I../Drivers/SMTC_Drivers/sx1280-driver-c -I"../Drivers/SMTC_Drivers/DemoApp/Demo ranging" -I../Drivers/SMTC_Drivers/peripherals/sx9306 -I../Drivers/SMTC_Drivers/peripherals/rf_switch -I../Drivers/SMTC_Drivers -O0 -ffunction-sections -fdata-sections -Wall -fstack-usage -fcyclomatic-complexity -MMD -MP -MF"Drivers/STM32L4xx_HAL_Driver/Src/stm32l4xx_hal_gpio.d" -MT"Drivers/STM32L4xx_HAL_Driver/Src/stm32l4xx_hal_gpio.o" --specs=nano.specs -mfpu=fpv4-sp-d16 -mfloat-abi=hard -mthumb -o "Drivers/STM32L4xx_HAL_Driver/Src/stm32l4xx_hal_gpio.o"
arm-none-eabi-gcc "../Drivers/STM32L4xx_HAL_Driver/Src/stm32l4xx_hal_i2c.c" -mcpu=cortex-m4 -std=gnu11 -g3 -DDEBUG -DUSE_HAL_DRIVER -DSTM32L476xx -c -I../Core/Inc -I../Drivers/STM32L4xx_HAL_Driver/Inc -I../Drivers/STM32L4xx_HAL_Driver/Inc/Legacy -I../Drivers/CMSIS/Device/ST/STM32L4xx/Include -I../Drivers/CMSIS/Include -I../Drivers/SMTC_Drivers/hw-hal/inc -I../Drivers/SMTC_Drivers/hw-hal/inc/boards -I../Drivers/SMTC_Drivers/sx1280-driver-c -I"../Drivers/SMTC_Drivers/DemoApp/Demo ranging" -I../Drivers/SMTC_Drivers/peripherals/sx9306 -I../Drivers/SMTC_Drivers/peripherals/rf_switch -I../Drivers/SMTC_Drivers -O0 -ffunction-sections -fdata-sections -Wall -fstack-usage -fcyclomatic-complexity -MMD -MP -MF"Drivers/STM32L4xx_HAL_Driver/Src/stm32l4xx_hal_i2c.d" -MT"Drivers/STM32L4xx_HAL_Driver/Src/stm32l4xx_hal_i2c.o" --specs=nano.specs -mfpu=fpv4-sp-d16 -mfloat-abi=hard -mthumb -o "Drivers/STM32L4xx_HAL_Driver/Src/stm32l4xx_hal_i2c.o"
arm-none-eabi-gcc "../Drivers/STM32L4xx_HAL_Driver/Src/stm32l4xx_hal_i2c_ex.c" -mcpu=cortex-m4 -std=gnu11 -g3 -DDEBUG -DUSE_HAL_DRIVER -DSTM32L476xx -c -I../Core/Inc -I../Drivers/STM32L4xx_HAL_Driver/Inc -I../Drivers/STM32L4xx_HAL_Driver/Inc/Legacy -I../Drivers/CMSIS/Device/ST/STM32L4xx/Include -I../Drivers/CMSIS/Include -I../Drivers/SMTC_Drivers/hw-hal/inc -I../Drivers/SMTC_Drivers/hw-hal/inc/boards -I../Drivers/SMTC_Drivers/sx1280-driver-c -I"../Drivers/SMTC_Drivers/DemoApp/Demo ranging" -I../Drivers/SMTC_Drivers/peripherals/sx9306 -I../Drivers/SMTC_Drivers/peripherals/rf_switch -I../Drivers/SMTC_Drivers -O0 -ffunction-sections -fdata-sections -Wall -fstack-usage -fcyclomatic-complexity -MMD -MP -MF"Drivers/STM32L4xx_HAL_Driver/Src/stm32l4xx_hal_i2c_ex.d" -MT"Drivers/STM32L4xx_HAL_Driver/Src/stm32l4xx_hal_i2c_ex.o" --specs=nano.specs -mfpu=fpv4-sp-d16 -mfloat-abi=hard -mthumb -o "Drivers/STM32L4xx_HAL_Driver/Src/stm32l4xx_hal_i2c_ex.o"
arm-none-eabi-gcc "../Drivers/STM32L4xx_HAL_Driver/Src/stm32l4xx_hal_lptim.c" -mcpu=cortex-m4 -std=gnu11 -g3 -DDEBUG -DUSE_HAL_DRIVER -DSTM32L476xx -c -I../Core/Inc -I../Drivers/STM32L4xx_HAL_Driver/Inc -I../Drivers/STM32L4xx_HAL_Driver/Inc/Legacy -I../Drivers/CMSIS/Device/ST/STM32L4xx/Include -I../Drivers/CMSIS/Include -I../Drivers/SMTC_Drivers/hw-hal/inc -I../Drivers/SMTC_Drivers/hw-hal/inc/boards -I../Drivers/SMTC_Drivers/sx1280-driver-c -I"../Drivers/SMTC_Drivers/DemoApp/Demo ranging" -I../Drivers/SMTC_Drivers/peripherals/sx9306 -I../Drivers/SMTC_Drivers/peripherals/rf_switch -I../Drivers/SMTC_Drivers -O0 -ffunction-sections -fdata-sections -Wall -fstack-usage -fcyclomatic-complexity -MMD -MP -MF"Drivers/STM32L4xx_HAL_Driver/Src/stm32l4xx_hal_lptim.d" -MT"Drivers/STM32L4xx_HAL_Driver/Src/stm32l4xx_hal_lptim.o" --specs=nano.specs -mfpu=fpv4-sp-d16 -mfloat-abi=hard -mthumb -o "Drivers/STM32L4xx_HAL_Driver/Src/stm32l4xx_hal_lptim.o"
arm-none-eabi-gcc "../Drivers/STM32L4xx_HAL_Driver/Src/stm32l4xx_hal_pwr.c" -mcpu=cortex-m4 -std=gnu11 -g3 -DDEBUG -DUSE_HAL_DRIVER -DSTM32L476xx -c -I../Core/Inc -I../Drivers/STM32L4xx_HAL_Driver/Inc -I../Drivers/STM32L4xx_HAL_Driver/Inc/Legacy -I../Drivers/CMSIS/Device/ST/STM32L4xx/Include -I../Drivers/CMSIS/Include -I../Drivers/SMTC_Drivers/hw-hal/inc -I../Drivers/SMTC_Drivers/hw-hal/inc/boards -I../Drivers/SMTC_Drivers/sx1280-driver-c -I"../Drivers/SMTC_Drivers/DemoApp/Demo ranging" -I../Drivers/SMTC_Drivers/peripherals/sx9306 -I../Drivers/SMTC_Drivers/peripherals/rf_switch -I../Drivers/SMTC_Drivers -O0 -ffunction-sections -fdata-sections -Wall -fstack-usage -fcyclomatic-complexity -MMD -MP -MF"Drivers/STM32L4xx_HAL_Driver/Src/stm32l4xx_hal_pwr.d" -MT"Drivers/STM32L4xx_HAL_Driver/Src/stm32l4xx_hal_pwr.o" --specs=nano.specs -mfpu=fpv4-sp-d16 -mfloat-abi=hard -mthumb -o "Drivers/STM32L4xx_HAL_Driver/Src/stm32l4xx_hal_pwr.o"
arm-none-eabi-gcc "../Drivers/STM32L4xx_HAL_Driver/Src/stm32l4xx_hal_pwr_ex.c" -mcpu=cortex-m4 -std=gnu11 -g3 -DDEBUG -DUSE_HAL_DRIVER -DSTM32L476xx -c -I../Core/Inc -I../Drivers/STM32L4xx_HAL_Driver/Inc -I../Drivers/STM32L4xx_HAL_Driver/Inc/Legacy -I../Drivers/CMSIS/Device/ST/STM32L4xx/Include -I../Drivers/CMSIS/Include -I../Drivers/SMTC_Drivers/hw-hal/inc -I../Drivers/SMTC_Drivers/hw-hal/inc/boards -I../Drivers/SMTC_Drivers/sx1280-driver-c -I"../Drivers/SMTC_Drivers/DemoApp/Demo ranging" -I../Drivers/SMTC_Drivers/peripherals/sx9306 -I../Drivers/SMTC_Drivers/peripherals/rf_switch -I../Drivers/SMTC_Drivers -O0 -ffunction-sections -fdata-sections -Wall -fstack-usage -fcyclomatic-complexity -MMD -MP -MF"Drivers/STM32L4xx_HAL_Driver/Src/stm32l4xx_hal_pwr_ex.d" -MT"Drivers/STM32L4xx_HAL_Driver/Src/stm32l4xx_hal_pwr_ex.o" --specs=nano.specs -mfpu=fpv4-sp-d16 -mfloat-abi=hard -mthumb -o "Drivers/STM32L4xx_HAL_Driver/Src/stm32l4xx_hal_pwr_ex.o"
arm-none-eabi-gcc "../Drivers/STM32L4xx_HAL_Driver/Src/stm32l4xx_hal_rcc.c" -mcpu=cortex-m4 -std=gnu11 -g3 -DDEBUG -DUSE_HAL_DRIVER -DSTM32L476xx -c -I../Core/Inc -I../Drivers/STM32L4xx_HAL_Driver/Inc -I../Drivers/STM32L4xx_HAL_Driver/Inc/Legacy -I../Drivers/CMSIS/Device/ST/STM32L4xx/Include -I../Drivers/CMSIS/Include -I../Drivers/SMTC_Drivers/hw-hal/inc -I../Drivers/SMTC_Drivers/hw-hal/inc/boards -I../Drivers/SMTC_Drivers/sx1280-driver-c -I"../Drivers/SMTC_Drivers/DemoApp/Demo ranging" -I../Drivers/SMTC_Drivers/peripherals/sx9306 -I../Drivers/SMTC_Drivers/peripherals/rf_switch -I../Drivers/SMTC_Drivers -O0 -ffunction-sections -fdata-sections -Wall -fstack-usage -fcyclomatic-complexity -MMD -MP -MF"Drivers/STM32L4xx_HAL_Driver/Src/stm32l4xx_hal_rcc.d" -MT"Drivers/STM32L4xx_HAL_Driver/Src/stm32l4xx_hal_rcc.o" --specs=nano.specs -mfpu=fpv4-sp-d16 -mfloat-abi=hard -mthumb -o "Drivers/STM32L4xx_HAL_Driver/Src/stm32l4xx_hal_rcc.o"
arm-none-eabi-gcc "../Drivers/STM32L4xx_HAL_Driver/Src/stm32l4xx_hal_rcc_ex.c" -mcpu=cortex-m4 -std=gnu11 -g3 -DDEBUG -DUSE_HAL_DRIVER -DSTM32L476xx -c -I../Core/Inc -I../Drivers/STM32L4xx_HAL_Driver/Inc -I../Drivers/STM32L4xx_HAL_Driver/Inc/Legacy -I../Drivers/CMSIS/Device/ST/STM32L4xx/Include -I../Drivers/CMSIS/Include -I../Drivers/SMTC_Drivers/hw-hal/inc -I../Drivers/SMTC_Drivers/hw-hal/inc/boards -I../Drivers/SMTC_Drivers/sx1280-driver-c -I"../Drivers/SMTC_Drivers/DemoApp/Demo ranging" -I../Drivers/SMTC_Drivers/peripherals/sx9306 -I../Drivers/SMTC_Drivers/peripherals/rf_switch -I../Drivers/SMTC_Drivers -O0 -ffunction-sections -fdata-sections -Wall -fstack-usage -fcyclomatic-complexity -MMD -MP -MF"Drivers/STM32L4xx_HAL_Driver/Src/stm32l4xx_hal_rcc_ex.d" -MT"Drivers/STM32L4xx_HAL_Driver/Src/stm32l4xx_hal_rcc_ex.o" --specs=nano.specs -mfpu=fpv4-sp-d16 -mfloat-abi=hard -mthumb -o "Drivers/STM32L4xx_HAL_Driver/Src/stm32l4xx_hal_rcc_ex.o"
arm-none-eabi-gcc "../Drivers/STM32L4xx_HAL_Driver/Src/stm32l4xx_hal_rtc.c" -mcpu=cortex-m4 -std=gnu11 -g3 -DDEBUG -DUSE_HAL_DRIVER -DSTM32L476xx -c -I../Core/Inc -I../Drivers/STM32L4xx_HAL_Driver/Inc -I../Drivers/STM32L4xx_HAL_Driver/Inc/Legacy -I../Drivers/CMSIS/Device/ST/STM32L4xx/Include -I../Drivers/CMSIS/Include -I../Drivers/SMTC_Drivers/hw-hal/inc -I../Drivers/SMTC_Drivers/hw-hal/inc/boards -I../Drivers/SMTC_Drivers/sx1280-driver-c -I"../Drivers/SMTC_Drivers/DemoApp/Demo ranging" -I../Drivers/SMTC_Drivers/peripherals/sx9306 -I../Drivers/SMTC_Drivers/peripherals/rf_switch -I../Drivers/SMTC_Drivers -O0 -ffunction-sections -fdata-sections -Wall -fstack-usage -fcyclomatic-complexity -MMD -MP -MF"Drivers/STM32L4xx_HAL_Driver/Src/stm32l4xx_hal_rtc.d" -MT"Drivers/STM32L4xx_HAL_Driver/Src/stm32l4xx_hal_rtc.o" --specs=nano.specs -mfpu=fpv4-sp-d16 -mfloat-abi=hard -mthumb -o "Drivers/STM32L4xx_HAL_Driver/Src/stm32l4xx_hal_rtc.o"
arm-none-eabi-gcc "../Drivers/STM32L4xx_HAL_Driver/Src/stm32l4xx_hal_rtc_ex.c" -mcpu=cortex-m4 -std=gnu11 -g3 -DDEBUG -DUSE_HAL_DRIVER -DSTM32L476xx -c -I../Core/Inc -I../Drivers/STM32L4xx_HAL_Driver/Inc -I../Drivers/STM32L4xx_HAL_Driver/Inc/Legacy -I../Drivers/CMSIS/Device/ST/STM32L4xx/Include -I../Drivers/CMSIS/Include -I../Drivers/SMTC_Drivers/hw-hal/inc -I../Drivers/SMTC_Drivers/hw-hal/inc/boards -I../Drivers/SMTC_Drivers/sx1280-driver-c -I"../Drivers/SMTC_Drivers/DemoApp/Demo ranging" -I../Drivers/SMTC_Drivers/peripherals/sx9306 -I../Drivers/SMTC_Drivers/peripherals/rf_switch -I../Drivers/SMTC_Drivers -O0 -ffunction-sections -fdata-sections -Wall -fstack-usage -fcyclomatic-complexity -MMD -MP -MF"Drivers/STM32L4xx_HAL_Driver/Src/stm32l4xx_hal_rtc_ex.d" -MT"Drivers/STM32L4xx_HAL_Driver/Src/stm32l4xx_hal_rtc_ex.o" --specs=nano.specs -mfpu=fpv4-sp-d16 -mfloat-abi=hard -mthumb -o "Drivers/STM32L4xx_HAL_Driver/Src/stm32l4xx_hal_rtc_ex.o"
arm-none-eabi-gcc "../Drivers/STM32L4xx_HAL_Driver/Src/stm32l4xx_hal_spi.c" -mcpu=cortex-m4 -std=gnu11 -g3 -DDEBUG -DUSE_HAL_DRIVER -DSTM32L476xx -c -I../Core/Inc -I../Drivers/STM32L4xx_HAL_Driver/Inc -I../Drivers/STM32L4xx_HAL_Driver/Inc/Legacy -I../Drivers/CMSIS/Device/ST/STM32L4xx/Include -I../Drivers/CMSIS/Include -I../Drivers/SMTC_Drivers/hw-hal/inc -I../Drivers/SMTC_Drivers/hw-hal/inc/boards -I../Drivers/SMTC_Drivers/sx1280-driver-c -I"../Drivers/SMTC_Drivers/DemoApp/Demo ranging" -I../Drivers/SMTC_Drivers/peripherals/sx9306 -I../Drivers/SMTC_Drivers/peripherals/rf_switch -I../Drivers/SMTC_Drivers -O0 -ffunction-sections -fdata-sections -Wall -fstack-usage -fcyclomatic-complexity -MMD -MP -MF"Drivers/STM32L4xx_HAL_Driver/Src/stm32l4xx_hal_spi.d" -MT"Drivers/STM32L4xx_HAL_Driver/Src/stm32l4xx_hal_spi.o" --specs=nano.specs -mfpu=fpv4-sp-d16 -mfloat-abi=hard -mthumb -o "Drivers/STM32L4xx_HAL_Driver/Src/stm32l4xx_hal_spi.o"
arm-none-eabi-gcc "../Drivers/STM32L4xx_HAL_Driver/Src/stm32l4xx_hal_spi_ex.c" -mcpu=cortex-m4 -std=gnu11 -g3 -DDEBUG -DUSE_HAL_DRIVER -DSTM32L476xx -c -I../Core/Inc -I../Drivers/STM32L4xx_HAL_Driver/Inc -I../Drivers/STM32L4xx_HAL_Driver/Inc/Legacy -I../Drivers/CMSIS/Device/ST/STM32L4xx/Include -I../Drivers/CMSIS/Include -I../Drivers/SMTC_Drivers/hw-hal/inc -I../Drivers/SMTC_Drivers/hw-hal/inc/boards -I../Drivers/SMTC_Drivers/sx1280-driver-c -I"../Drivers/SMTC_Drivers/DemoApp/Demo ranging" -I../Drivers/SMTC_Drivers/peripherals/sx9306 -I../Drivers/SMTC_Drivers/peripherals/rf_switch -I../Drivers/SMTC_Drivers -O0 -ffunction-sections -fdata-sections -Wall -fstack-usage -fcyclomatic-complexity -MMD -MP -MF"Drivers/STM32L4xx_HAL_Driver/Src/stm32l4xx_hal_spi_ex.d" -MT"Drivers/STM32L4xx_HAL_Driver/Src/stm32l4xx_hal_spi_ex.o" --specs=nano.specs -mfpu=fpv4-sp-d16 -mfloat-abi=hard -mthumb -o "Drivers/STM32L4xx_HAL_Driver/Src/stm32l4xx_hal_spi_ex.o"
arm-none-eabi-gcc "../Drivers/STM32L4xx_HAL_Driver/Src/stm32l4xx_hal_uart.c" -mcpu=cortex-m4 -std=gnu11 -g3 -DDEBUG -DUSE_HAL_DRIVER -DSTM32L476xx -c -I../Core/Inc -I../Drivers/STM32L4xx_HAL_Driver/Inc -I../Drivers/STM32L4xx_HAL_Driver/Inc/Legacy -I../Drivers/CMSIS/Device/ST/STM32L4xx/Include -I../Drivers/CMSIS/Include -I../Drivers/SMTC_Drivers/hw-hal/inc -I../Drivers/SMTC_Drivers/hw-hal/inc/boards -I../Drivers/SMTC_Drivers/sx1280-driver-c -I"../Drivers/SMTC_Drivers/DemoApp/Demo ranging" -I../Drivers/SMTC_Drivers/peripherals/sx9306 -I../Drivers/SMTC_Drivers/peripherals/rf_switch -I../Drivers/SMTC_Drivers -O0 -ffunction-sections -fdata-sections -Wall -fstack-usage -fcyclomatic-complexity -MMD -MP -MF"Drivers/STM32L4xx_HAL_Driver/Src/stm32l4xx_hal_uart.d" -MT"Drivers/STM32L4xx_HAL_Driver/Src/stm32l4xx_hal_uart.o" --specs=nano.specs -mfpu=fpv4-sp-d16 -mfloat-abi=hard -mthumb -o "Drivers/STM32L4xx_HAL_Driver/Src/stm32l4xx_hal_uart.o"
arm-none-eabi-gcc "../Drivers/STM32L4xx_HAL_Driver/Src/stm32l4xx_hal_uart_ex.c" -mcpu=cortex-m4 -std=gnu11 -g3 -DDEBUG -DUSE_HAL_DRIVER -DSTM32L476xx -c -I../Core/Inc -I../Drivers/STM32L4xx_HAL_Driver/Inc -I../Drivers/STM32L4xx_HAL_Driver/Inc/Legacy -I../Drivers/CMSIS/Device/ST/STM32L4xx/Include -I../Drivers/CMSIS/Include -I../Drivers/SMTC_Drivers/hw-hal/inc -I../Drivers/SMTC_Drivers/hw-hal/inc/boards -I../Drivers/SMTC_Drivers/sx1280-driver-c -I"../Drivers/SMTC_Drivers/DemoApp/Demo ranging" -I../Drivers/SMTC_Drivers/peripherals/sx9306 -I../Drivers/SMTC_Drivers/peripherals/rf_switch -I../Drivers/SMTC_Drivers -O0 -ffunction-sections -fdata-sections -Wall -fstack-usage -fcyclomatic-complexity -MMD -MP -MF"Drivers/STM32L4xx_HAL_Driver/Src/stm32l4xx_hal_uart_ex.d" -MT"Drivers/STM32L4xx_HAL_Driver/Src/stm32l4xx_hal_uart_ex.o" --specs=nano.specs -mfpu=fpv4-sp-d16 -mfloat-abi=hard -mthumb -o "Drivers/STM32L4xx_HAL_Driver/Src/stm32l4xx_hal_uart_ex.o"
arm-none-eabi-gcc "../Drivers/SMTC_Drivers/sx1280-driver-c/sx1280-hal.c" -mcpu=cortex-m4 -std=gnu11 -g3 -DDEBUG -DUSE_HAL_DRIVER -DSTM32L476xx -c -I../Core/Inc -I../Drivers/STM32L4xx_HAL_Driver/Inc -I../Drivers/STM32L4xx_HAL_Driver/Inc/Legacy -I../Drivers/CMSIS/Device/ST/STM32L4xx/Include -I../Drivers/CMSIS/Include -I../Drivers/SMTC_Drivers/hw-hal/inc -I../Drivers/SMTC_Drivers/hw-hal/inc/boards -I../Drivers/SMTC_Drivers/sx1280-driver-c -I"../Drivers/SMTC_Drivers/DemoApp/Demo ranging" -I../Drivers/SMTC_Drivers/peripherals/sx9306 -I../Drivers/SMTC_Drivers/peripherals/rf_switch -I../Drivers/SMTC_Drivers -O0 -ffunction-sections -fdata-sections -Wall -fstack-usage -fcyclomatic-complexity -MMD -MP -MF"Drivers/SMTC_Drivers/sx1280-driver-c/sx1280-hal.d" -MT"Drivers/SMTC_Drivers/sx1280-driver-c/sx1280-hal.o" --specs=nano.specs -mfpu=fpv4-sp-d16 -mfloat-abi=hard -mthumb -o "Drivers/SMTC_Drivers/sx1280-driver-c/sx1280-hal.o"
arm-none-eabi-gcc "../Drivers/SMTC_Drivers/sx1280-driver-c/sx1280.c" -mcpu=cortex-m4 -std=gnu11 -g3 -DDEBUG -DUSE_HAL_DRIVER -DSTM32L476xx -c -I../Core/Inc -I../Drivers/STM32L4xx_HAL_Driver/Inc -I../Drivers/STM32L4xx_HAL_Driver/Inc/Legacy -I../Drivers/CMSIS/Device/ST/STM32L4xx/Include -I../Drivers/CMSIS/Include -I../Drivers/SMTC_Drivers/hw-hal/inc -I../Drivers/SMTC_Drivers/hw-hal/inc/boards -I../Drivers/SMTC_Drivers/sx1280-driver-c -I"../Drivers/SMTC_Drivers/DemoApp/Demo ranging" -I../Drivers/SMTC_Drivers/peripherals/sx9306 -I../Drivers/SMTC_Drivers/peripherals/rf_switch -I../Drivers/SMTC_Drivers -O0 -ffunction-sections -fdata-sections -Wall -fstack-usage -fcyclomatic-complexity -MMD -MP -MF"Drivers/SMTC_Drivers/sx1280-driver-c/sx1280.d" -MT"Drivers/SMTC_Drivers/sx1280-driver-c/sx1280.o" --specs=nano.specs -mfpu=fpv4-sp-d16 -mfloat-abi=hard -mthumb -o "Drivers/SMTC_Drivers/sx1280-driver-c/sx1280.o"
arm-none-eabi-gcc "../Drivers/SMTC_Drivers/peripherals/sx9306/sx9306.c" -mcpu=cortex-m4 -std=gnu11 -g3 -DDEBUG -DUSE_HAL_DRIVER -DSTM32L476xx -c -I../Core/Inc -I../Drivers/STM32L4xx_HAL_Driver/Inc -I../Drivers/STM32L4xx_HAL_Driver/Inc/Legacy -I../Drivers/CMSIS/Device/ST/STM32L4xx/Include -I../Drivers/CMSIS/Include -I../Drivers/SMTC_Drivers/hw-hal/inc -I../Drivers/SMTC_Drivers/hw-hal/inc/boards -I../Drivers/SMTC_Drivers/sx1280-driver-c -I"../Drivers/SMTC_Drivers/DemoApp/Demo ranging" -I../Drivers/SMTC_Drivers/peripherals/sx9306 -I../Drivers/SMTC_Drivers/peripherals/rf_switch -I../Drivers/SMTC_Drivers -O0 -ffunction-sections -fdata-sections -Wall -fstack-usage -fcyclomatic-complexity -MMD -MP -MF"Drivers/SMTC_Drivers/peripherals/sx9306/sx9306.d" -MT"Drivers/SMTC_Drivers/peripherals/sx9306/sx9306.o" --specs=nano.specs -mfpu=fpv4-sp-d16 -mfloat-abi=hard -mthumb -o "Drivers/SMTC_Drivers/peripherals/sx9306/sx9306.o"
arm-none-eabi-gcc "../Drivers/SMTC_Drivers/peripherals/rf_switch/rf_switch_cg2214m6.c" -mcpu=cortex-m4 -std=gnu11 -g3 -DDEBUG -DUSE_HAL_DRIVER -DSTM32L476xx -c -I../Core/Inc -I../Drivers/STM32L4xx_HAL_Driver/Inc -I../Drivers/STM32L4xx_HAL_Driver/Inc/Legacy -I../Drivers/CMSIS/Device/ST/STM32L4xx/Include -I../Drivers/CMSIS/Include -I../Drivers/SMTC_Drivers/hw-hal/inc -I../Drivers/SMTC_Drivers/hw-hal/inc/boards -I../Drivers/SMTC_Drivers/sx1280-driver-c -I"../Drivers/SMTC_Drivers/DemoApp/Demo ranging" -I../Drivers/SMTC_Drivers/peripherals/sx9306 -I../Drivers/SMTC_Drivers/peripherals/rf_switch -I../Drivers/SMTC_Drivers -O0 -ffunction-sections -fdata-sections -Wall -fstack-usage -fcyclomatic-complexity -MMD -MP -MF"Drivers/SMTC_Drivers/peripherals/rf_switch/rf_switch_cg2214m6.d" -MT"Drivers/SMTC_Drivers/peripherals/rf_switch/rf_switch_cg2214m6.o" --specs=nano.specs -mfpu=fpv4-sp-d16 -mfloat-abi=hard -mthumb -o "Drivers/SMTC_Drivers/peripherals/rf_switch/rf_switch_cg2214m6.o"
arm-none-eabi-gcc "../Drivers/SMTC_Drivers/hw-hal/src/hw-gpio.c" -mcpu=cortex-m4 -std=gnu11 -g3 -DDEBUG -DUSE_HAL_DRIVER -DSTM32L476xx -c -I../Core/Inc -I../Drivers/STM32L4xx_HAL_Driver/Inc -I../Drivers/STM32L4xx_HAL_Driver/Inc/Legacy -I../Drivers/CMSIS/Device/ST/STM32L4xx/Include -I../Drivers/CMSIS/Include -I../Drivers/SMTC_Drivers/hw-hal/inc -I../Drivers/SMTC_Drivers/hw-hal/inc/boards -I../Drivers/SMTC_Drivers/sx1280-driver-c -I"../Drivers/SMTC_Drivers/DemoApp/Demo ranging" -I../Drivers/SMTC_Drivers/peripherals/sx9306 -I../Drivers/SMTC_Drivers/peripherals/rf_switch -I../Drivers/SMTC_Drivers -O0 -ffunction-sections -fdata-sections -Wall -fstack-usage -fcyclomatic-complexity -MMD -MP -MF"Drivers/SMTC_Drivers/hw-hal/src/hw-gpio.d" -MT"Drivers/SMTC_Drivers/hw-hal/src/hw-gpio.o" --specs=nano.specs -mfpu=fpv4-sp-d16 -mfloat-abi=hard -mthumb -o "Drivers/SMTC_Drivers/hw-hal/src/hw-gpio.o"
arm-none-eabi-gcc "../Drivers/SMTC_Drivers/hw-hal/src/hw-i2c.c" -mcpu=cortex-m4 -std=gnu11 -g3 -DDEBUG -DUSE_HAL_DRIVER -DSTM32L476xx -c -I../Core/Inc -I../Drivers/STM32L4xx_HAL_Driver/Inc -I../Drivers/STM32L4xx_HAL_Driver/Inc/Legacy -I../Drivers/CMSIS/Device/ST/STM32L4xx/Include -I../Drivers/CMSIS/Include -I../Drivers/SMTC_Drivers/hw-hal/inc -I../Drivers/SMTC_Drivers/hw-hal/inc/boards -I../Drivers/SMTC_Drivers/sx1280-driver-c -I"../Drivers/SMTC_Drivers/DemoApp/Demo ranging" -I../Drivers/SMTC_Drivers/peripherals/sx9306 -I../Drivers/SMTC_Drivers/peripherals/rf_switch -I../Drivers/SMTC_Drivers -O0 -ffunction-sections -fdata-sections -Wall -fstack-usage -fcyclomatic-complexity -MMD -MP -MF"Drivers/SMTC_Drivers/hw-hal/src/hw-i2c.d" -MT"Drivers/SMTC_Drivers/hw-hal/src/hw-i2c.o" --specs=nano.specs -mfpu=fpv4-sp-d16 -mfloat-abi=hard -mthumb -o "Drivers/SMTC_Drivers/hw-hal/src/hw-i2c.o"
arm-none-eabi-gcc "../Drivers/SMTC_Drivers/hw-hal/src/hw-lptim.c" -mcpu=cortex-m4 -std=gnu11 -g3 -DDEBUG -DUSE_HAL_DRIVER -DSTM32L476xx -c -I../Core/Inc -I../Drivers/STM32L4xx_HAL_Driver/Inc -I../Drivers/STM32L4xx_HAL_Driver/Inc/Legacy -I../Drivers/CMSIS/Device/ST/STM32L4xx/Include -I../Drivers/CMSIS/Include -I../Drivers/SMTC_Drivers/hw-hal/inc -I../Drivers/SMTC_Drivers/hw-hal/inc/boards -I../Drivers/SMTC_Drivers/sx1280-driver-c -I"../Drivers/SMTC_Drivers/DemoApp/Demo ranging" -I../Drivers/SMTC_Drivers/peripherals/sx9306 -I../Drivers/SMTC_Drivers/peripherals/rf_switch -I../Drivers/SMTC_Drivers -O0 -ffunction-sections -fdata-sections -Wall -fstack-usage -fcyclomatic-complexity -MMD -MP -MF"Drivers/SMTC_Drivers/hw-hal/src/hw-lptim.d" -MT"Drivers/SMTC_Drivers/hw-hal/src/hw-lptim.o" --specs=nano.specs -mfpu=fpv4-sp-d16 -mfloat-abi=hard -mthumb -o "Drivers/SMTC_Drivers/hw-hal/src/hw-lptim.o"
arm-none-eabi-gcc "../Drivers/SMTC_Drivers/hw-hal/src/hw-spi.c" -mcpu=cortex-m4 -std=gnu11 -g3 -DDEBUG -DUSE_HAL_DRIVER -DSTM32L476xx -c -I../Core/Inc -I../Drivers/STM32L4xx_HAL_Driver/Inc -I../Drivers/STM32L4xx_HAL_Driver/Inc/Legacy -I../Drivers/CMSIS/Device/ST/STM32L4xx/Include -I../Drivers/CMSIS/Include -I../Drivers/SMTC_Drivers/hw-hal/inc -I../Drivers/SMTC_Drivers/hw-hal/inc/boards -I../Drivers/SMTC_Drivers/sx1280-driver-c -I"../Drivers/SMTC_Drivers/DemoApp/Demo ranging" -I../Drivers/SMTC_Drivers/peripherals/sx9306 -I../Drivers/SMTC_Drivers/peripherals/rf_switch -I../Drivers/SMTC_Drivers -O0 -ffunction-sections -fdata-sections -Wall -fstack-usage -fcyclomatic-complexity -MMD -MP -MF"Drivers/SMTC_Drivers/hw-hal/src/hw-spi.d" -MT"Drivers/SMTC_Drivers/hw-hal/src/hw-spi.o" --specs=nano.specs -mfpu=fpv4-sp-d16 -mfloat-abi=hard -mthumb -o "Drivers/SMTC_Drivers/hw-hal/src/hw-spi.o"
arm-none-eabi-gcc "../Drivers/SMTC_Drivers/hw-hal/src/hw-usart.c" -mcpu=cortex-m4 -std=gnu11 -g3 -DDEBUG -DUSE_HAL_DRIVER -DSTM32L476xx -c -I../Core/Inc -I../Drivers/STM32L4xx_HAL_Driver/Inc -I../Drivers/STM32L4xx_HAL_Driver/Inc/Legacy -I../Drivers/CMSIS/Device/ST/STM32L4xx/Include -I../Drivers/CMSIS/Include -I../Drivers/SMTC_Drivers/hw-hal/inc -I../Drivers/SMTC_Drivers/hw-hal/inc/boards -I../Drivers/SMTC_Drivers/sx1280-driver-c -I"../Drivers/SMTC_Drivers/DemoApp/Demo ranging" -I../Drivers/SMTC_Drivers/peripherals/sx9306 -I../Drivers/SMTC_Drivers/peripherals/rf_switch -I../Drivers/SMTC_Drivers -O0 -ffunction-sections -fdata-sections -Wall -fstack-usage -fcyclomatic-complexity -MMD -MP -MF"Drivers/SMTC_Drivers/hw-hal/src/hw-usart.d" -MT"Drivers/SMTC_Drivers/hw-hal/src/hw-usart.o" --specs=nano.specs -mfpu=fpv4-sp-d16 -mfloat-abi=hard -mthumb -o "Drivers/SMTC_Drivers/hw-hal/src/hw-usart.o"
arm-none-eabi-gcc "../Drivers/SMTC_Drivers/hw-hal/src/hw.c" -mcpu=cortex-m4 -std=gnu11 -g3 -DDEBUG -DUSE_HAL_DRIVER -DSTM32L476xx -c -I../Core/Inc -I../Drivers/STM32L4xx_HAL_Driver/Inc -I../Drivers/STM32L4xx_HAL_Driver/Inc/Legacy -I../Drivers/CMSIS/Device/ST/STM32L4xx/Include -I../Drivers/CMSIS/Include -I../Drivers/SMTC_Drivers/hw-hal/inc -I../Drivers/SMTC_Drivers/hw-hal/inc/boards -I../Drivers/SMTC_Drivers/sx1280-driver-c -I"../Drivers/SMTC_Drivers/DemoApp/Demo ranging" -I../Drivers/SMTC_Drivers/peripherals/sx9306 -I../Drivers/SMTC_Drivers/peripherals/rf_switch -I../Drivers/SMTC_Drivers -O0 -ffunction-sections -fdata-sections -Wall -fstack-usage -fcyclomatic-complexity -MMD -MP -MF"Drivers/SMTC_Drivers/hw-hal/src/hw.d" -MT"Drivers/SMTC_Drivers/hw-hal/src/hw.o" --specs=nano.specs -mfpu=fpv4-sp-d16 -mfloat-abi=hard -mthumb -o "Drivers/SMTC_Drivers/hw-hal/src/hw.o"
arm-none-eabi-gcc "../Drivers/SMTC_Drivers/hw-hal/src/utilities.c" -mcpu=cortex-m4 -std=gnu11 -g3 -DDEBUG -DUSE_HAL_DRIVER -DSTM32L476xx -c -I../Core/Inc -I../Drivers/STM32L4xx_HAL_Driver/Inc -I../Drivers/STM32L4xx_HAL_Driver/Inc/Legacy -I../Drivers/CMSIS/Device/ST/STM32L4xx/Include -I../Drivers/CMSIS/Include -I../Drivers/SMTC_Drivers/hw-hal/inc -I../Drivers/SMTC_Drivers/hw-hal/inc/boards -I../Drivers/SMTC_Drivers/sx1280-driver-c -I"../Drivers/SMTC_Drivers/DemoApp/Demo ranging" -I../Drivers/SMTC_Drivers/peripherals/sx9306 -I../Drivers/SMTC_Drivers/peripherals/rf_switch -I../Drivers/SMTC_Drivers -O0 -ffunction-sections -fdata-sections -Wall -fstack-usage -fcyclomatic-complexity -MMD -MP -MF"Drivers/SMTC_Drivers/hw-hal/src/utilities.d" -MT"Drivers/SMTC_Drivers/hw-hal/src/utilities.o" --specs=nano.specs -mfpu=fpv4-sp-d16 -mfloat-abi=hard -mthumb -o "Drivers/SMTC_Drivers/hw-hal/src/utilities.o"
arm-none-eabi-gcc "../Drivers/SMTC_Drivers/DemoApp/Demo ranging/RangingDisplay.c" -mcpu=cortex-m4 -std=gnu11 -g3 -DDEBUG -DUSE_HAL_DRIVER -DSTM32L476xx -c -I../Core/Inc -I../Drivers/STM32L4xx_HAL_Driver/Inc -I../Drivers/STM32L4xx_HAL_Driver/Inc/Legacy -I../Drivers/CMSIS/Device/ST/STM32L4xx/Include -I../Drivers/CMSIS/Include -I../Drivers/SMTC_Drivers/hw-hal/inc -I../Drivers/SMTC_Drivers/hw-hal/inc/boards -I../Drivers/SMTC_Drivers/sx1280-driver-c -I"../Drivers/SMTC_Drivers/DemoApp/Demo ranging" -I../Drivers/SMTC_Drivers/peripherals/sx9306 -I../Drivers/SMTC_Drivers/peripherals/rf_switch -I../Drivers/SMTC_Drivers -O0 -ffunction-sections -fdata-sections -Wall -fstack-usage -fcyclomatic-complexity -MMD -MP -MF"Drivers/SMTC_Drivers/DemoApp/Demo ranging/RangingDisplay.d" -MT"Drivers/SMTC_Drivers/DemoApp/Demo ranging/RangingDisplay.o" --specs=nano.specs -mfpu=fpv4-sp-d16 -mfloat-abi=hard -mthumb -o "Drivers/SMTC_Drivers/DemoApp/Demo ranging/RangingDisplay.o"
arm-none-eabi-gcc "../Drivers/SMTC_Drivers/DemoApp/Demo ranging/demoRanging.c" -mcpu=cortex-m4 -std=gnu11 -g3 -DDEBUG -DUSE_HAL_DRIVER -DSTM32L476xx -c -I../Core/Inc -I../Drivers/STM32L4xx_HAL_Driver/Inc -I../Drivers/STM32L4xx_HAL_Driver/Inc/Legacy -I../Drivers/CMSIS/Device/ST/STM32L4xx/Include -I../Drivers/CMSIS/Include -I../Drivers/SMTC_Drivers/hw-hal/inc -I../Drivers/SMTC_Drivers/hw-hal/inc/boards -I../Drivers/SMTC_Drivers/sx1280-driver-c -I"../Drivers/SMTC_Drivers/DemoApp/Demo ranging" -I../Drivers/SMTC_Drivers/peripherals/sx9306 -I../Drivers/SMTC_Drivers/peripherals/rf_switch -I../Drivers/SMTC_Drivers -O0 -ffunction-sections -fdata-sections -Wall -fstack-usage -fcyclomatic-complexity -MMD -MP -MF"Drivers/SMTC_Drivers/DemoApp/Demo ranging/demoRanging.d" -MT"Drivers/SMTC_Drivers/DemoApp/Demo ranging/demoRanging.o" --specs=nano.specs -mfpu=fpv4-sp-d16 -mfloat-abi=hard -mthumb -o "Drivers/SMTC_Drivers/DemoApp/Demo ranging/demoRanging.o"
arm-none-eabi-gcc "../Drivers/SMTC_Drivers/DemoApp/Demo ranging/timoueter.c" -mcpu=cortex-m4 -std=gnu11 -g3 -DDEBUG -DUSE_HAL_DRIVER -DSTM32L476xx -c -I../Core/Inc -I../Drivers/STM32L4xx_HAL_Driver/Inc -I../Drivers/STM32L4xx_HAL_Driver/Inc/Legacy -I../Drivers/CMSIS/Device/ST/STM32L4xx/Include -I../Drivers/CMSIS/Include -I../Drivers/SMTC_Drivers/hw-hal/inc -I../Drivers/SMTC_Drivers/hw-hal/inc/boards -I../Drivers/SMTC_Drivers/sx1280-driver-c -I"../Drivers/SMTC_Drivers/DemoApp/Demo ranging" -I../Drivers/SMTC_Drivers/peripherals/sx9306 -I../Drivers/SMTC_Drivers/peripherals/rf_switch -I../Drivers/SMTC_Drivers -O0 -ffunction-sections -fdata-sections -Wall -fstack-usage -fcyclomatic-complexity -MMD -MP -MF"Drivers/SMTC_Drivers/DemoApp/Demo ranging/timoueter.d" -MT"Drivers/SMTC_Drivers/DemoApp/Demo ranging/timoueter.o" --specs=nano.specs -mfpu=fpv4-sp-d16 -mfloat-abi=hard -mthumb -o "Drivers/SMTC_Drivers/DemoApp/Demo ranging/timoueter.o"
arm-none-eabi-gcc -mcpu=cortex-m4 -g3 -DDEBUG -c -x assembler-with-cpp -MMD -MP -MF"Core/Startup/startup_stm32l476rgtx.d" -MT"Core/Startup/startup_stm32l476rgtx.o" --specs=nano.specs -mfpu=fpv4-sp-d16 -mfloat-abi=hard -mthumb -o "Core/Startup/startup_stm32l476rgtx.o" "../Core/Startup/startup_stm32l476rgtx.s"
arm-none-eabi-gcc "../Core/Src/gpio.c" -mcpu=cortex-m4 -std=gnu11 -g3 -DDEBUG -DUSE_HAL_DRIVER -DSTM32L476xx -c -I../Core/Inc -I../Drivers/STM32L4xx_HAL_Driver/Inc -I../Drivers/STM32L4xx_HAL_Driver/Inc/Legacy -I../Drivers/CMSIS/Device/ST/STM32L4xx/Include -I../Drivers/CMSIS/Include -I../Drivers/SMTC_Drivers/hw-hal/inc -I../Drivers/SMTC_Drivers/hw-hal/inc/boards -I../Drivers/SMTC_Drivers/sx1280-driver-c -I"../Drivers/SMTC_Drivers/DemoApp/Demo ranging" -I../Drivers/SMTC_Drivers/peripherals/sx9306 -I../Drivers/SMTC_Drivers/peripherals/rf_switch -I../Drivers/SMTC_Drivers -O0 -ffunction-sections -fdata-sections -Wall -fstack-usage -fcyclomatic-complexity -MMD -MP -MF"Core/Src/gpio.d" -MT"Core/Src/gpio.o" --specs=nano.specs -mfpu=fpv4-sp-d16 -mfloat-abi=hard -mthumb -o "Core/Src/gpio.o"
arm-none-eabi-gcc "../Core/Src/i2c.c" -mcpu=cortex-m4 -std=gnu11 -g3 -DDEBUG -DUSE_HAL_DRIVER -DSTM32L476xx -c -I../Core/Inc -I../Drivers/STM32L4xx_HAL_Driver/Inc -I../Drivers/STM32L4xx_HAL_Driver/Inc/Legacy -I../Drivers/CMSIS/Device/ST/STM32L4xx/Include -I../Drivers/CMSIS/Include -I../Drivers/SMTC_Drivers/hw-hal/inc -I../Drivers/SMTC_Drivers/hw-hal/inc/boards -I../Drivers/SMTC_Drivers/sx1280-driver-c -I"../Drivers/SMTC_Drivers/DemoApp/Demo ranging" -I../Drivers/SMTC_Drivers/peripherals/sx9306 -I../Drivers/SMTC_Drivers/peripherals/rf_switch -I../Drivers/SMTC_Drivers -O0 -ffunction-sections -fdata-sections -Wall -fstack-usage -fcyclomatic-complexity -MMD -MP -MF"Core/Src/i2c.d" -MT"Core/Src/i2c.o" --specs=nano.specs -mfpu=fpv4-sp-d16 -mfloat-abi=hard -mthumb -o "Core/Src/i2c.o"
arm-none-eabi-gcc "../Core/Src/lptim.c" -mcpu=cortex-m4 -std=gnu11 -g3 -DDEBUG -DUSE_HAL_DRIVER -DSTM32L476xx -c -I../Core/Inc -I../Drivers/STM32L4xx_HAL_Driver/Inc -I../Drivers/STM32L4xx_HAL_Driver/Inc/Legacy -I../Drivers/CMSIS/Device/ST/STM32L4xx/Include -I../Drivers/CMSIS/Include -I../Drivers/SMTC_Drivers/hw-hal/inc -I../Drivers/SMTC_Drivers/hw-hal/inc/boards -I../Drivers/SMTC_Drivers/sx1280-driver-c -I"../Drivers/SMTC_Drivers/DemoApp/Demo ranging" -I../Drivers/SMTC_Drivers/peripherals/sx9306 -I../Drivers/SMTC_Drivers/peripherals/rf_switch -I../Drivers/SMTC_Drivers -O0 -ffunction-sections -fdata-sections -Wall -fstack-usage -fcyclomatic-complexity -MMD -MP -MF"Core/Src/lptim.d" -MT"Core/Src/lptim.o" --specs=nano.specs -mfpu=fpv4-sp-d16 -mfloat-abi=hard -mthumb -o "Core/Src/lptim.o"
arm-none-eabi-gcc "../Core/Src/main.c" -mcpu=cortex-m4 -std=gnu11 -g3 -DDEBUG -DUSE_HAL_DRIVER -DSTM32L476xx -c -I../Core/Inc -I../Drivers/STM32L4xx_HAL_Driver/Inc -I../Drivers/STM32L4xx_HAL_Driver/Inc/Legacy -I../Drivers/CMSIS/Device/ST/STM32L4xx/Include -I../Drivers/CMSIS/Include -I../Drivers/SMTC_Drivers/hw-hal/inc -I../Drivers/SMTC_Drivers/hw-hal/inc/boards -I../Drivers/SMTC_Drivers/sx1280-driver-c -I"../Drivers/SMTC_Drivers/DemoApp/Demo ranging" -I../Drivers/SMTC_Drivers/peripherals/sx9306 -I../Drivers/SMTC_Drivers/peripherals/rf_switch -I../Drivers/SMTC_Drivers -O0 -ffunction-sections -fdata-sections -Wall -fstack-usage -fcyclomatic-complexity -MMD -MP -MF"Core/Src/main.d" -MT"Core/Src/main.o" --specs=nano.specs -mfpu=fpv4-sp-d16 -mfloat-abi=hard -mthumb -o "Core/Src/main.o"
In file included from ../Drivers/SMTC_Drivers/hw-hal/inc/hw.h:39,
                 from ../Drivers/SMTC_Drivers/peripherals/rf_switch/rf_switch_cg2214m6.c:23:
../Drivers/SMTC_Drivers/sx1280-driver-c/sx1280.h:1070:16: warning: 'SX1280complement2' declared 'static' but never defined [-Wunused-function]
 1070 | static int32_t SX1280complement2( const uint32_t num, const uint8_t bitCnt );
      |                ^~~~~~~~~~~~~~~~~
In file included from ../Drivers/SMTC_Drivers/hw-hal/inc/hw.h:39,
                 from ../Drivers/SMTC_Drivers/hw-hal/src/hw-i2c.c:23:
../Drivers/SMTC_Drivers/sx1280-driver-c/sx1280.h:1070:16: warning: 'SX1280complement2' declared 'static' but never defined [-Wunused-function]
 1070 | static int32_t SX1280complement2( const uint32_t num, const uint8_t bitCnt );
      |                ^~~~~~~~~~~~~~~~~
In file included from ../Drivers/SMTC_Drivers/hw-hal/inc/hw.h:39,
                 from ../Drivers/SMTC_Drivers/hw-hal/src/hw.c:22:
../Drivers/SMTC_Drivers/sx1280-driver-c/sx1280.h:1070:16: warning: 'SX1280complement2' declared 'static' but never defined [-Wunused-function]
 1070 | static int32_t SX1280complement2( const uint32_t num, const uint8_t bitCnt );
      |                ^~~~~~~~~~~~~~~~~
In file included from ../Drivers/SMTC_Drivers/hw-hal/inc/hw.h:39,
                 from ../Drivers/SMTC_Drivers/peripherals/sx9306/sx9306.c:23:
../Drivers/SMTC_Drivers/sx1280-driver-c/sx1280.h:1070:16: warning: 'SX1280complement2' declared 'static' but never defined [-Wunused-function]
 1070 | static int32_t SX1280complement2( const uint32_t num, const uint8_t bitCnt );
      |                ^~~~~~~~~~~~~~~~~
In file included from ../Drivers/SMTC_Drivers/hw-hal/inc/hw.h:39,
                 from ../Drivers/SMTC_Drivers/hw-hal/src/hw-gpio.c:24:
../Drivers/SMTC_Drivers/sx1280-driver-c/sx1280.h:1070:16: warning: 'SX1280complement2' declared 'static' but never defined [-Wunused-function]
 1070 | static int32_t SX1280complement2( const uint32_t num, const uint8_t bitCnt );
      |                ^~~~~~~~~~~~~~~~~
In file included from ../Drivers/SMTC_Drivers/hw-hal/inc/hw.h:39,
                 from ../Drivers/SMTC_Drivers/hw-hal/src/hw-lptim.c:24:
../Drivers/SMTC_Drivers/sx1280-driver-c/sx1280.h:1070:16: warning: 'SX1280complement2' declared 'static' but never defined [-Wunused-function]
 1070 | static int32_t SX1280complement2( const uint32_t num, const uint8_t bitCnt );
      |                ^~~~~~~~~~~~~~~~~
arm-none-eabi-gcc "../Core/Src/main_ranging.c" -mcpu=cortex-m4 -std=gnu11 -g3 -DDEBUG -DUSE_HAL_DRIVER -DSTM32L476xx -c -I../Core/Inc -I../Drivers/STM32L4xx_HAL_Driver/Inc -I../Drivers/STM32L4xx_HAL_Driver/Inc/Legacy -I../Drivers/CMSIS/Device/ST/STM32L4xx/Include -I../Drivers/CMSIS/Include -I../Drivers/SMTC_Drivers/hw-hal/inc -I../Drivers/SMTC_Drivers/hw-hal/inc/boards -I../Drivers/SMTC_Drivers/sx1280-driver-c -I"../Drivers/SMTC_Drivers/DemoApp/Demo ranging" -I../Drivers/SMTC_Drivers/peripherals/sx9306 -I../Drivers/SMTC_Drivers/peripherals/rf_switch -I../Drivers/SMTC_Drivers -O0 -ffunction-sections -fdata-sections -Wall -fstack-usage -fcyclomatic-complexity -MMD -MP -MF"Core/Src/main_ranging.d" -MT"Core/Src/main_ranging.o" --specs=nano.specs -mfpu=fpv4-sp-d16 -mfloat-abi=hard -mthumb -o "Core/Src/main_ranging.o"
arm-none-eabi-gcc "../Core/Src/rtc.c" -mcpu=cortex-m4 -std=gnu11 -g3 -DDEBUG -DUSE_HAL_DRIVER -DSTM32L476xx -c -I../Core/Inc -I../Drivers/STM32L4xx_HAL_Driver/Inc -I../Drivers/STM32L4xx_HAL_Driver/Inc/Legacy -I../Drivers/CMSIS/Device/ST/STM32L4xx/Include -I../Drivers/CMSIS/Include -I../Drivers/SMTC_Drivers/hw-hal/inc -I../Drivers/SMTC_Drivers/hw-hal/inc/boards -I../Drivers/SMTC_Drivers/sx1280-driver-c -I"../Drivers/SMTC_Drivers/DemoApp/Demo ranging" -I../Drivers/SMTC_Drivers/peripherals/sx9306 -I../Drivers/SMTC_Drivers/peripherals/rf_switch -I../Drivers/SMTC_Drivers -O0 -ffunction-sections -fdata-sections -Wall -fstack-usage -fcyclomatic-complexity -MMD -MP -MF"Core/Src/rtc.d" -MT"Core/Src/rtc.o" --specs=nano.specs -mfpu=fpv4-sp-d16 -mfloat-abi=hard -mthumb -o "Core/Src/rtc.o"
In file included from ../Drivers/SMTC_Drivers/hw-hal/inc/hw.h:39,
                 from ../Drivers/SMTC_Drivers/hw-hal/src/hw-spi.c:24:
../Drivers/SMTC_Drivers/sx1280-driver-c/sx1280.h:1070:16: warning: 'SX1280complement2' declared 'static' but never defined [-Wunused-function]
 1070 | static int32_t SX1280complement2( const uint32_t num, const uint8_t bitCnt );
      |                ^~~~~~~~~~~~~~~~~
../Drivers/SMTC_Drivers/DemoApp/Demo ranging/demoRanging.c: In function 'RangingDemoCheckDistance':
../Drivers/SMTC_Drivers/DemoApp/Demo ranging/demoRanging.c:934:12: warning: unused variable 'rssi' [-Wunused-variable]
  934 |     double rssi = DemoResults.RssiValue;
      |            ^~~~
In file included from ../Drivers/SMTC_Drivers/hw-hal/inc/hw.h:39,
                 from ../Drivers/SMTC_Drivers/DemoApp/Demo ranging/demoRanging.c:25:
../Drivers/SMTC_Drivers/sx1280-driver-c/sx1280.h: At top level:
../Drivers/SMTC_Drivers/sx1280-driver-c/sx1280.h:1070:16: warning: 'SX1280complement2' declared 'static' but never defined [-Wunused-function]
 1070 | static int32_t SX1280complement2( const uint32_t num, const uint8_t bitCnt );
      |                ^~~~~~~~~~~~~~~~~
In file included from ../Drivers/SMTC_Drivers/hw-hal/inc/hw.h:39,
                 from ../Drivers/SMTC_Drivers/sx1280-driver-c/sx1280-hal.c:16:
../Drivers/SMTC_Drivers/sx1280-driver-c/sx1280.h:1070:16: warning: 'SX1280complement2' declared 'static' but never defined [-Wunused-function]
 1070 | static int32_t SX1280complement2( const uint32_t num, const uint8_t bitCnt );
      |                ^~~~~~~~~~~~~~~~~
In file included from ../Drivers/SMTC_Drivers/hw-hal/inc/hw.h:39,
                 from ../Drivers/SMTC_Drivers/hw-hal/src/utilities.c:17:
../Drivers/SMTC_Drivers/sx1280-driver-c/sx1280.h:1070:16: warning: 'SX1280complement2' declared 'static' but never defined [-Wunused-function]
 1070 | static int32_t SX1280complement2( const uint32_t num, const uint8_t bitCnt );
      |                ^~~~~~~~~~~~~~~~~
../Drivers/SMTC_Drivers/DemoApp/Demo ranging/RangingDisplay.c: In function 'RangingDisplayUartOutputStart':
../Drivers/SMTC_Drivers/DemoApp/Demo ranging/RangingDisplay.c:151:30: warning: format '%x' expects argument of type 'unsigned int', but argument 2 has type 'uint32_t' {aka 'long unsigned int'} [-Wformat=]
  151 |     printf("\t\"Addr\": \"%08x\",\r\n", demoSettings->RngAddress );
      |                           ~~~^          ~~~~~~~~~~~~~~~~~~~~~~~~
      |                              |                      |
      |                              unsigned int           uint32_t {aka long unsigned int}
      |                           %08lx
../Drivers/SMTC_Drivers/DemoApp/Demo ranging/RangingDisplay.c: In function 'RangingDisplayUartOutputResultHeader':
../Drivers/SMTC_Drivers/DemoApp/Demo ranging/RangingDisplay.c:173:33: warning: format '%x' expects argument of type 'unsigned int', but argument 2 has type 'long int' [-Wformat=]
  173 |         printf("\t\"FEI\": \"%08x\",\r\n", (int32_t)demoResult->RngFei );
      |                              ~~~^          ~~~~~~~~~~~~~~~~~~~~~~~~~~~
      |                                 |          |
      |                                 |          long int
      |                                 unsigned int
      |                              %08lx
../Drivers/SMTC_Drivers/DemoApp/Demo ranging/RangingDisplay.c:179:53: warning: format '%d' expects argument of type 'int', but argument 2 has type 'long int' [-Wformat=]
  179 |         printf("\t\"RngResult\": {\r\n\t\"NbRaws\":%d\r\n\t}\r\n}\r\n}\r\n", (int32_t)demoResult->CntPacketRxOK);
      |                                                    ~^                        ~~~~~~~~~~~~~~~~~~~~~~~~~~~~~~~~~~
      |                                                     |                        |
      |                                                     int                      long int
      |                                                    %ld
../Drivers/SMTC_Drivers/DemoApp/Demo ranging/RangingDisplay.c:184:53: warning: format '%d' expects argument of type 'int', but argument 2 has type 'long int' [-Wformat=]
  184 |         printf("\t\"RngResult\": {\r\n\t\"NbRaws\":%d,\r\n\t\"RawResults\": [\r\n", (int32_t)demoResult->CntPacketRxOK);
      |                                                    ~^                               ~~~~~~~~~~~~~~~~~~~~~~~~~~~~~~~~~~
      |                                                     |                               |
      |                                                     int                             long int
      |                                                    %ld
../Drivers/SMTC_Drivers/DemoApp/Demo ranging/RangingDisplay.c: In function 'RangingDisplayUartOutputResultRaw':
../Drivers/SMTC_Drivers/DemoApp/Demo ranging/RangingDisplay.c:198:39: warning: format '%x' expects argument of type 'unsigned int', but argument 2 has type 'long int' [-Wformat=]
  198 |         printf("\t\t{\"RawRng\": \"%08x\", ", (int32_t)demoResult->RawRngResults[rangingResultIndex] );
      |                                    ~~~^       ~~~~~~~~~~~~~~~~~~~~~~~~~~~~~~~~~~~~~~~~~~~~~~~~~~~~~~
      |                                       |       |
      |                                       |       long int
      |                                       unsigned int
      |                                    %08lx
../Drivers/SMTC_Drivers/DemoApp/Demo ranging/RangingDisplay.c:207:39: warning: format '%x' expects argument of type 'unsigned int', but argument 2 has type 'long int' [-Wformat=]
  207 |         printf("\t\t{\"RawRng\": \"%08x\", ", (int32_t)demoResult->RawRngResults[rangingResultIndex] );
      |                                    ~~~^       ~~~~~~~~~~~~~~~~~~~~~~~~~~~~~~~~~~~~~~~~~~~~~~~~~~~~~~
      |                                       |       |
      |                                       |       long int
      |                                       unsigned int
      |                                    %08lx
../Drivers/SMTC_Drivers/DemoApp/Demo ranging/RangingDisplay.c:211:41: warning: format '%x' expects argument of type 'unsigned int', but argument 2 has type 'uint32_t' {aka 'long unsigned int'} [-Wformat=]
  211 |         printf("\t\"DistanceRng\": \"%08x\"\r\n\t}\r\n}\r\n}\r\n", RangingDisplayGetRangingResult(demoResult->RngDistance) );
      |                                      ~~~^                          ~~~~~~~~~~~~~~~~~~~~~~~~~~~~~~~~~~~~~~~~~~~~~~~~~~~~~~~
      |                                         |                          |
      |                                         unsigned int               uint32_t {aka long unsigned int}
      |                                      %08lx
In file included from ../Drivers/SMTC_Drivers/hw-hal/inc/hw.h:39,
                 from ../Drivers/SMTC_Drivers/DemoApp/Demo ranging/RangingDisplay.c:25:
../Drivers/SMTC_Drivers/sx1280-driver-c/sx1280.h: At top level:
../Drivers/SMTC_Drivers/sx1280-driver-c/sx1280.h:1070:16: warning: 'SX1280complement2' declared 'static' but never defined [-Wunused-function]
 1070 | static int32_t SX1280complement2( const uint32_t num, const uint8_t bitCnt );
      |                ^~~~~~~~~~~~~~~~~
../Drivers/SMTC_Drivers/sx1280-driver-c/sx1280.c:40:42: warning: initialization of 'short unsigned int' from 'void *' makes integer from pointer without a cast [-Wint-conversion]
   40 | const RadioRegisters_t RadioRegsInit[] = RADIO_INIT_REGISTERS_VALUE;
      |                                          ^~~~~~~~~~~~~~~~~~~~~~~~~~
../Drivers/SMTC_Drivers/sx1280-driver-c/sx1280.c:40:42: note: (near initialization for 'RadioRegsInit[0].Addr')
In file included from ../Drivers/SMTC_Drivers/hw-hal/inc/hw.h:39,
                 from ../Drivers/SMTC_Drivers/hw-hal/src/hw-usart.c:24:
../Drivers/SMTC_Drivers/sx1280-driver-c/sx1280.h:1070:16: warning: 'SX1280complement2' declared 'static' but never defined [-Wunused-function]
 1070 | static int32_t SX1280complement2( const uint32_t num, const uint8_t bitCnt );
      |                ^~~~~~~~~~~~~~~~~
../Drivers/SMTC_Drivers/sx1280-driver-c/sx1280.c: In function 'SX1280SetModulationParams':
../Drivers/SMTC_Drivers/sx1280-driver-c/sx1280.c:309:20: warning: assignment to 'uint8_t' {aka 'unsigned char'} from 'void *' makes integer from pointer without a cast [-Wint-conversion]
  309 |             buf[0] = NULL;
      |                    ^
../Drivers/SMTC_Drivers/sx1280-driver-c/sx1280.c:310:20: warning: assignment to 'uint8_t' {aka 'unsigned char'} from 'void *' makes integer from pointer without a cast [-Wint-conversion]
  310 |             buf[1] = NULL;
      |                    ^
../Drivers/SMTC_Drivers/sx1280-driver-c/sx1280.c:311:20: warning: assignment to 'uint8_t' {aka 'unsigned char'} from 'void *' makes integer from pointer without a cast [-Wint-conversion]
  311 |             buf[2] = NULL;
      |                    ^
../Drivers/SMTC_Drivers/sx1280-driver-c/sx1280.c: In function 'SX1280SetPacketParams':
../Drivers/SMTC_Drivers/sx1280-driver-c/sx1280.c:347:20: warning: assignment to 'uint8_t' {aka 'unsigned char'} from 'void *' makes integer from pointer without a cast [-Wint-conversion]
  347 |             buf[5] = NULL;
      |                    ^
../Drivers/SMTC_Drivers/sx1280-driver-c/sx1280.c:348:20: warning: assignment to 'uint8_t' {aka 'unsigned char'} from 'void *' makes integer from pointer without a cast [-Wint-conversion]
  348 |             buf[6] = NULL;
      |                    ^
../Drivers/SMTC_Drivers/sx1280-driver-c/sx1280.c:366:20: warning: assignment to 'uint8_t' {aka 'unsigned char'} from 'void *' makes integer from pointer without a cast [-Wint-conversion]
  366 |             buf[4] = NULL;
      |                    ^
../Drivers/SMTC_Drivers/sx1280-driver-c/sx1280.c:367:20: warning: assignment to 'uint8_t' {aka 'unsigned char'} from 'void *' makes integer from pointer without a cast [-Wint-conversion]
  367 |             buf[5] = NULL;
      |                    ^
../Drivers/SMTC_Drivers/sx1280-driver-c/sx1280.c:368:20: warning: assignment to 'uint8_t' {aka 'unsigned char'} from 'void *' makes integer from pointer without a cast [-Wint-conversion]
  368 |             buf[6] = NULL;
      |                    ^
../Drivers/SMTC_Drivers/sx1280-driver-c/sx1280.c:372:20: warning: assignment to 'uint8_t' {aka 'unsigned char'} from 'void *' makes integer from pointer without a cast [-Wint-conversion]
arm-none-eabi-gcc "../Core/Src/spi.c" -mcpu=cortex-m4 -std=gnu11 -g3 -DDEBUG -DUSE_HAL_DRIVER -DSTM32L476xx -c -I../Core/Inc -I../Drivers/STM32L4xx_HAL_Driver/Inc -I../Drivers/STM32L4xx_HAL_Driver/Inc/Legacy -I../Drivers/CMSIS/Device/ST/STM32L4xx/Include -I../Drivers/CMSIS/Include -I../Drivers/SMTC_Drivers/hw-hal/inc -I../Drivers/SMTC_Drivers/hw-hal/inc/boards -I../Drivers/SMTC_Drivers/sx1280-driver-c -I"../Drivers/SMTC_Drivers/DemoApp/Demo ranging" -I../Drivers/SMTC_Drivers/peripherals/sx9306 -I../Drivers/SMTC_Drivers/peripherals/rf_switch -I../Drivers/SMTC_Drivers -O0 -ffunction-sections -fdata-sections -Wall -fstack-usage -fcyclomatic-complexity -MMD -MP -MF"Core/Src/spi.d" -MT"Core/Src/spi.o" --specs=nano.specs -mfpu=fpv4-sp-d16 -mfloat-abi=hard -mthumb -o "Core/Src/spi.o"
  372 |             buf[0] = NULL;
      |                    ^
../Drivers/SMTC_Drivers/sx1280-driver-c/sx1280.c:373:20: warning: assignment to 'uint8_t' {aka 'unsigned char'} from 'void *' makes integer from pointer without a cast [-Wint-conversion]
  373 |             buf[1] = NULL;
      |                    ^
../Drivers/SMTC_Drivers/sx1280-driver-c/sx1280.c:374:20: warning: assignment to 'uint8_t' {aka 'unsigned char'} from 'void *' makes integer from pointer without a cast [-Wint-conversion]
  374 |             buf[2] = NULL;
      |                    ^
../Drivers/SMTC_Drivers/sx1280-driver-c/sx1280.c:375:20: warning: assignment to 'uint8_t' {aka 'unsigned char'} from 'void *' makes integer from pointer without a cast [-Wint-conversion]
  375 |             buf[3] = NULL;
      |                    ^
../Drivers/SMTC_Drivers/sx1280-driver-c/sx1280.c:376:20: warning: assignment to 'uint8_t' {aka 'unsigned char'} from 'void *' makes integer from pointer without a cast [-Wint-conversion]
  376 |             buf[4] = NULL;
      |                    ^
../Drivers/SMTC_Drivers/sx1280-driver-c/sx1280.c:377:20: warning: assignment to 'uint8_t' {aka 'unsigned char'} from 'void *' makes integer from pointer without a cast [-Wint-conversion]
  377 |             buf[5] = NULL;
      |                    ^
../Drivers/SMTC_Drivers/sx1280-driver-c/sx1280.c:378:20: warning: assignment to 'uint8_t' {aka 'unsigned char'} from 'void *' makes integer from pointer without a cast [-Wint-conversion]
  378 |             buf[6] = NULL;
      |                    ^
In file included from ../Drivers/SMTC_Drivers/hw-hal/inc/hw.h:39,
                 from ../Drivers/SMTC_Drivers/DemoApp/Demo ranging/timoueter.c:2:
../Drivers/SMTC_Drivers/sx1280-driver-c/sx1280.h:1070:16: warning: 'SX1280complement2' declared 'static' but never defined [-Wunused-function]
 1070 | static int32_t SX1280complement2( const uint32_t num, const uint8_t bitCnt );
      |                ^~~~~~~~~~~~~~~~~
../Drivers/SMTC_Drivers/sx1280-driver-c/sx1280.c: In function 'SX1280GetRangingCorrectionPerSfBwGain':
../Drivers/SMTC_Drivers/sx1280-driver-c/sx1280.c:1103:5: warning: enumeration value 'LORA_BW_0200' not handled in switch [-Wswitch]
 1103 |     switch(bw){
      |     ^~~~~~
../Drivers/SMTC_Drivers/sx1280-driver-c/sx1280.c: In function 'SX1280ComputeRangingCorrectionPolynome':
../Drivers/SMTC_Drivers/sx1280-driver-c/sx1280.c:1148:5: warning: enumeration value 'LORA_BW_0200' not handled in switch [-Wswitch]
 1148 |     switch(bw){
      |     ^~~~~~
In file included from ../Drivers/SMTC_Drivers/hw-hal/inc/hw.h:39,
                 from ../Core/Src/main_ranging.c:27:
../Drivers/SMTC_Drivers/sx1280-driver-c/sx1280.h:1070:16: warning: 'SX1280complement2' declared 'static' but never defined [-Wunused-function]
 1070 | static int32_t SX1280complement2( const uint32_t num, const uint8_t bitCnt );
      |                ^~~~~~~~~~~~~~~~~
arm-none-eabi-gcc "../Core/Src/stm32l4xx_hal_msp.c" -mcpu=cortex-m4 -std=gnu11 -g3 -DDEBUG -DUSE_HAL_DRIVER -DSTM32L476xx -c -I../Core/Inc -I../Drivers/STM32L4xx_HAL_Driver/Inc -I../Drivers/STM32L4xx_HAL_Driver/Inc/Legacy -I../Drivers/CMSIS/Device/ST/STM32L4xx/Include -I../Drivers/CMSIS/Include -I../Drivers/SMTC_Drivers/hw-hal/inc -I../Drivers/SMTC_Drivers/hw-hal/inc/boards -I../Drivers/SMTC_Drivers/sx1280-driver-c -I"../Drivers/SMTC_Drivers/DemoApp/Demo ranging" -I../Drivers/SMTC_Drivers/peripherals/sx9306 -I../Drivers/SMTC_Drivers/peripherals/rf_switch -I../Drivers/SMTC_Drivers -O0 -ffunction-sections -fdata-sections -Wall -fstack-usage -fcyclomatic-complexity -MMD -MP -MF"Core/Src/stm32l4xx_hal_msp.d" -MT"Core/Src/stm32l4xx_hal_msp.o" --specs=nano.specs -mfpu=fpv4-sp-d16 -mfloat-abi=hard -mthumb -o "Core/Src/stm32l4xx_hal_msp.o"
arm-none-eabi-gcc "../Core/Src/stm32l4xx_it.c" -mcpu=cortex-m4 -std=gnu11 -g3 -DDEBUG -DUSE_HAL_DRIVER -DSTM32L476xx -c -I../Core/Inc -I../Drivers/STM32L4xx_HAL_Driver/Inc -I../Drivers/STM32L4xx_HAL_Driver/Inc/Legacy -I../Drivers/CMSIS/Device/ST/STM32L4xx/Include -I../Drivers/CMSIS/Include -I../Drivers/SMTC_Drivers/hw-hal/inc -I../Drivers/SMTC_Drivers/hw-hal/inc/boards -I../Drivers/SMTC_Drivers/sx1280-driver-c -I"../Drivers/SMTC_Drivers/DemoApp/Demo ranging" -I../Drivers/SMTC_Drivers/peripherals/sx9306 -I../Drivers/SMTC_Drivers/peripherals/rf_switch -I../Drivers/SMTC_Drivers -O0 -ffunction-sections -fdata-sections -Wall -fstack-usage -fcyclomatic-complexity -MMD -MP -MF"Core/Src/stm32l4xx_it.d" -MT"Core/Src/stm32l4xx_it.o" --specs=nano.specs -mfpu=fpv4-sp-d16 -mfloat-abi=hard -mthumb -o "Core/Src/stm32l4xx_it.o"
arm-none-eabi-gcc "../Core/Src/syscalls.c" -mcpu=cortex-m4 -std=gnu11 -g3 -DDEBUG -DUSE_HAL_DRIVER -DSTM32L476xx -c -I../Core/Inc -I../Drivers/STM32L4xx_HAL_Driver/Inc -I../Drivers/STM32L4xx_HAL_Driver/Inc/Legacy -I../Drivers/CMSIS/Device/ST/STM32L4xx/Include -I../Drivers/CMSIS/Include -I../Drivers/SMTC_Drivers/hw-hal/inc -I../Drivers/SMTC_Drivers/hw-hal/inc/boards -I../Drivers/SMTC_Drivers/sx1280-driver-c -I"../Drivers/SMTC_Drivers/DemoApp/Demo ranging" -I../Drivers/SMTC_Drivers/peripherals/sx9306 -I../Drivers/SMTC_Drivers/peripherals/rf_switch -I../Drivers/SMTC_Drivers -O0 -ffunction-sections -fdata-sections -Wall -fstack-usage -fcyclomatic-complexity -MMD -MP -MF"Core/Src/syscalls.d" -MT"Core/Src/syscalls.o" --specs=nano.specs -mfpu=fpv4-sp-d16 -mfloat-abi=hard -mthumb -o "Core/Src/syscalls.o"
arm-none-eabi-gcc "../Core/Src/sysmem.c" -mcpu=cortex-m4 -std=gnu11 -g3 -DDEBUG -DUSE_HAL_DRIVER -DSTM32L476xx -c -I../Core/Inc -I../Drivers/STM32L4xx_HAL_Driver/Inc -I../Drivers/STM32L4xx_HAL_Driver/Inc/Legacy -I../Drivers/CMSIS/Device/ST/STM32L4xx/Include -I../Drivers/CMSIS/Include -I../Drivers/SMTC_Drivers/hw-hal/inc -I../Drivers/SMTC_Drivers/hw-hal/inc/boards -I../Drivers/SMTC_Drivers/sx1280-driver-c -I"../Drivers/SMTC_Drivers/DemoApp/Demo ranging" -I../Drivers/SMTC_Drivers/peripherals/sx9306 -I../Drivers/SMTC_Drivers/peripherals/rf_switch -I../Drivers/SMTC_Drivers -O0 -ffunction-sections -fdata-sections -Wall -fstack-usage -fcyclomatic-complexity -MMD -MP -MF"Core/Src/sysmem.d" -MT"Core/Src/sysmem.o" --specs=nano.specs -mfpu=fpv4-sp-d16 -mfloat-abi=hard -mthumb -o "Core/Src/sysmem.o"
arm-none-eabi-gcc "../Core/Src/system_stm32l4xx.c" -mcpu=cortex-m4 -std=gnu11 -g3 -DDEBUG -DUSE_HAL_DRIVER -DSTM32L476xx -c -I../Core/Inc -I../Drivers/STM32L4xx_HAL_Driver/Inc -I../Drivers/STM32L4xx_HAL_Driver/Inc/Legacy -I../Drivers/CMSIS/Device/ST/STM32L4xx/Include -I../Drivers/CMSIS/Include -I../Drivers/SMTC_Drivers/hw-hal/inc -I../Drivers/SMTC_Drivers/hw-hal/inc/boards -I../Drivers/SMTC_Drivers/sx1280-driver-c -I"../Drivers/SMTC_Drivers/DemoApp/Demo ranging" -I../Drivers/SMTC_Drivers/peripherals/sx9306 -I../Drivers/SMTC_Drivers/peripherals/rf_switch -I../Drivers/SMTC_Drivers -O0 -ffunction-sections -fdata-sections -Wall -fstack-usage -fcyclomatic-complexity -MMD -MP -MF"Core/Src/system_stm32l4xx.d" -MT"Core/Src/system_stm32l4xx.o" --specs=nano.specs -mfpu=fpv4-sp-d16 -mfloat-abi=hard -mthumb -o "Core/Src/system_stm32l4xx.o"
arm-none-eabi-gcc "../Core/Src/usart.c" -mcpu=cortex-m4 -std=gnu11 -g3 -DDEBUG -DUSE_HAL_DRIVER -DSTM32L476xx -c -I../Core/Inc -I../Drivers/STM32L4xx_HAL_Driver/Inc -I../Drivers/STM32L4xx_HAL_Driver/Inc/Legacy -I../Drivers/CMSIS/Device/ST/STM32L4xx/Include -I../Drivers/CMSIS/Include -I../Drivers/SMTC_Drivers/hw-hal/inc -I../Drivers/SMTC_Drivers/hw-hal/inc/boards -I../Drivers/SMTC_Drivers/sx1280-driver-c -I"../Drivers/SMTC_Drivers/DemoApp/Demo ranging" -I../Drivers/SMTC_Drivers/peripherals/sx9306 -I../Drivers/SMTC_Drivers/peripherals/rf_switch -I../Drivers/SMTC_Drivers -O0 -ffunction-sections -fdata-sections -Wall -fstack-usage -fcyclomatic-complexity -MMD -MP -MF"Core/Src/usart.d" -MT"Core/Src/usart.o" --specs=nano.specs -mfpu=fpv4-sp-d16 -mfloat-abi=hard -mthumb -o "Core/Src/usart.o"
arm-none-eabi-gcc -o "SX1280_L476RG_DemoApp.elf" @"objects.list"   -mcpu=cortex-m4 -T"/home/jkoteich/Documents/SX1280_Ranging_Demo/SX1280_L476RG_DemoApp/STM32L476RGTX_FLASH.ld" --specs=nosys.specs -Wl,-Map="SX1280_L476RG_DemoApp.map" -Wl,--gc-sections -static --specs=nano.specs -mfpu=fpv4-sp-d16 -mfloat-abi=hard -mthumb -Wl,--start-group -lc -lm -Wl,--end-group
Finished building target: SX1280_L476RG_DemoApp.elf
 
arm-none-eabi-size  SX1280_L476RG_DemoApp.elf 
arm-none-eabi-objdump -h -S SX1280_L476RG_DemoApp.elf  > "SX1280_L476RG_DemoApp.list"
   text	   data	    bss	    dec	    hex	filename
  73332	    220	  15864	  89416	  15d48	SX1280_L476RG_DemoApp.elf
Finished building: default.size.stdout
 
Finished building: SX1280_L476RG_DemoApp.list
 

10:35:02 Build Finished. 0 errors, 40 warnings. (took 1s.286ms)

