../Drivers/SMTC_Drivers/peripherals/sx9306/sx9306.c:59:6:SX9306ProximityInit	16	static
../Drivers/SMTC_Drivers/peripherals/sx9306/sx9306.c:137:9:SX9306ProximityReset	16	static
../Drivers/SMTC_Drivers/peripherals/sx9306/sx9306.c:153:10:SX9306ProximityGetSensorValue	24	static
../Drivers/SMTC_Drivers/peripherals/sx9306/sx9306.c:195:9:SX9306ProximitySetDetectionThreshold	16	static
../Drivers/SMTC_Drivers/peripherals/sx9306/sx9306.c:216:9:SX9306ProximityGetDetectionThreshold	24	static
../Drivers/SMTC_Drivers/peripherals/sx9306/sx9306.c:239:9:SX9306ProximitySetScanPeriod	16	static
../Drivers/SMTC_Drivers/peripherals/sx9306/sx9306.c:253:9:SX9306ProximityGetScanPeriod	24	static
../Drivers/SMTC_Drivers/peripherals/sx9306/sx9306.c:274:9:SX9306ProximitySetRange	24	static
../Drivers/SMTC_Drivers/peripherals/sx9306/sx9306.c:296:9:SX9306ProximityGetRange	24	static
../Drivers/SMTC_Drivers/peripherals/sx9306/sx9306.c:321:9:SX9306ProximitySetGainAndGranularity	16	static
../Drivers/SMTC_Drivers/peripherals/sx9306/sx9306.c:338:9:SX9306ProximityGetGainAndGranularity	32	static
../Drivers/SMTC_Drivers/peripherals/sx9306/sx9306.c:367:9:SX9306ProximitySetDozeMode	24	static
../Drivers/SMTC_Drivers/peripherals/sx9306/sx9306.c:390:9:SX9306ProximityGetDozeMode	24	static
../Drivers/SMTC_Drivers/peripherals/sx9306/sx9306.c:414:9:SX9306ProximitySetProximityFilter	24	static
../Drivers/SMTC_Drivers/peripherals/sx9306/sx9306.c:436:9:SX9306ProximityGetProximityFilter	24	static
../Drivers/SMTC_Drivers/peripherals/sx9306/sx9306.c:460:9:SX9306ProximitySetAverageThreshold	16	static
../Drivers/SMTC_Drivers/peripherals/sx9306/sx9306.c:475:9:SX9306ProximityGetAverageThreshold	24	static
../Drivers/SMTC_Drivers/peripherals/sx9306/sx9306.c:503:9:SX9306ProximitySetAverageFilterAndDebouncer	16	static
../Drivers/SMTC_Drivers/peripherals/sx9306/sx9306.c:520:9:SX9306ProximityGetAverageFilterAndDebouncer	32	static
../Drivers/SMTC_Drivers/peripherals/sx9306/sx9306.c:549:9:SX9306ProximityEnableCompensation	24	static
../Drivers/SMTC_Drivers/peripherals/sx9306/sx9306.c:571:9:SX9306ProximityGetCompensation	24	static
../Drivers/SMTC_Drivers/peripherals/sx9306/sx9306.c:593:9:SX9306ProximitySetHysteresis	24	static
../Drivers/SMTC_Drivers/peripherals/sx9306/sx9306.c:616:9:SX9306ProximityGetHysteresis	24	static
../Drivers/SMTC_Drivers/peripherals/sx9306/sx9306.c:639:9:SX9306ProximitySetDebouncer	24	static
../Drivers/SMTC_Drivers/peripherals/sx9306/sx9306.c:663:9:SX9306ProximityGetDebouncer	24	static
../Drivers/SMTC_Drivers/peripherals/sx9306/sx9306.c:693:9:SX9306ProximitySetStuckTimeout	24	static
../Drivers/SMTC_Drivers/peripherals/sx9306/sx9306.c:715:9:SX9306ProximityGetStuckTimeout	24	static
../Drivers/SMTC_Drivers/peripherals/sx9306/sx9306.c:736:9:SX9306ProximitySetCompensationPeriod	24	static
../Drivers/SMTC_Drivers/peripherals/sx9306/sx9306.c:758:9:SX9306ProximityGetCompensationPeriod	24	static
../Drivers/SMTC_Drivers/peripherals/sx9306/sx9306.c:779:9:SX9306ProximityEnableIRQ	16	static
../Drivers/SMTC_Drivers/peripherals/sx9306/sx9306.c:793:9:SX9306ProximityGetIRQMask	24	static
../Drivers/SMTC_Drivers/peripherals/sx9306/sx9306.c:813:9:SX9306ProximityIRQHandler	8	static
../Drivers/SMTC_Drivers/peripherals/sx9306/sx9306.c:825:13:SX9306Proximity_ReadRegister	24	static
../Drivers/SMTC_Drivers/peripherals/sx9306/sx9306.c:830:13:SX9306Proximity_WriteRegister	24	static
../Drivers/SMTC_Drivers/peripherals/sx9306/sx9306.c:845:10:GetCapacitiveTouchSensor	16	static
